help;
show databases;
status
help contests
help contents
help account management
help drop user
CREATE TABLE uued(
knimi VARCHAR(12) NOT NULL PRIMARY KEY,
eesnimi VARCHAR(30),
perekonnanimi VARCHAR(30),
parool VARCHAR(12),
synniaasta INT
);
CREATE TABLE uued( knimi VARCHAR(12) NOT NULL PRIMARY KEY, eesnimi VARCHAR(30), perekonnanimi VARCHAR(30), parool VARCHAR(12), synniaasta INT );
INSERT INTO uued VALUES('juku', 'Juku', 'Juurikas', 'hsdak', 2005);
INSERT INTO uued VALUES ('matu', 'Martin', 'Maasikas', 'hsdak2', 2001);
INSERT INTO uued VALUES ('sipu', 'Siim', 'Sipelgas', 'hsdak3', 2003);
INSERT INTO uued VALUES ('kapu', 'Kaspar', 'Kaalikas', 'hsdak4', 2004);
INSERT INTO uued VALUES ('maku', 'Markus', 'Mardikas', 'hsdak5', 2002);
SELECT * FROM uued;
SELECT * FROM uued ORDER BY synniaasta;
SELECT * FROM uued ORDER BY synniaasta DESC;
SELECT * FROM uued ORDER BY perekonnanimi;
SELECT * FROM uued ORDER BY perekonnanimi DESC;
SELECT * FROM uued WHERE synniaasta>2005;
SELECT * FROM uued WHERE synniaasta>=2005;
SELECT * FROM uued WHERE synniaasta>2005 ORDER BY knimi;
SELECT * FROM uued WHERE synniaasta>=2005 ORDER BY knimi;
SELECT * FROM uued WHERE synniaasta>=2004 ORDER BY knimi;
UPDATE uued SET eesnimi='Juhan' WHERE knimi='Juku';
DELETE FROM uued WHERE knimi='juku';
SELECT ' FROM uued;
SELECT * FROM uued;
SELECT eesnimi, perekonnanimi FROM uued;
CREATE TABLE uued(
knimi VARCHAR(12) NOT NULL PRIMARY KEY,
eesnimi VARCHAR(30),
perekonnanimi VARCHAR(30),
parool VARCHAR(12),
synniaasta INT
);
CREATE TABLE uued( knimi VARCHAR(12) NOT NULL PRIMARY KEY, eesnimi VARCHAR(30), perekonnanimi VARCHAR(30), parool VARCHAR(12), synniaasta INT );
SELECT * FROM uued WHERE synniaasta>=2004 ORDER BY knimi;
UPDATE uued SET eesnimi='Juhan' WHERE knimi='Juku';
DELETE FROM uued WHERE knimi='juku';
SELECT eesnimi, perekonnanimi FROM uued;
SELECT eesnimi, synniaasta, YEAR (NOW())-synniaasta AS vanus FROM uued;
SELECT MAX(synniaasta) FROM uued;
SELECT COUNT(*) FROM uued;
SELECT COUNT(*) FROM uued WHERE synniaasta>2003;
CREATE TABLE autod(
regnr VARCHAR(6) NOT NULL PRIMARY KEY,
mark VARCHAR(12),
mudel VARCHAR(12),
aasta INT
);
CREATE TABLE autod( regnr VARCHAR(6) NOT NULL PRIMARY KEY, mark VARCHAR(12), mudel VARCHAR(12), aasta INT );
CREATE TABLE autod(
regnr INT NOT NULL PRIMARY KEY,
mark VARCHAR(12),
mudel VARCHAR(12),
läbisõit INT,
aasta INT
);
CREATE TABLE autod( regnr INT NOT NULL PRIMARY KEY, mark VARCHAR(12), mudel VARCHAR(12), läbisõit INT, aasta INT );
CREATE TABLE autod(
regnr INT NOT NULL PRIMARY KEY,
mark VARCHAR(12),
mudel VARCHAR(12),
labisoit INT,
aasta INT
);
CREATE TABLE autod( regnr INT NOT NULL PRIMARY KEY, mark VARCHAR(12), mudel VARCHAR(12), labisoit INT, aasta INT );
DELETE TABLE autod
DELETE TABLE autod(
DELETE TABLE autod;
DELETE TABLE autod DELETE TABLE autod( DELETE TABLE autod;
CREATE TABLE masinad(
regnr INT NOT NULL PRIMARY KEY,
mark VARCHAR(12),
mudel VARCHAR(12),
labisoit INT,
aasta INT
);
CREATE TABLE masinad( regnr INT NOT NULL PRIMARY KEY, mark VARCHAR(12), mudel VARCHAR(12), labisoit INT, aasta INT );
INSERT INTO masinad VALUES('123456789', 'Mazda', '3', '200000', 2005);
INSERT INTO masinad VALUES ('987654321', 'BMW', 'M5', '80000', 2001);
INSERT INTO masinad VALUES ('456789123', 'Lexus', 'E500', '1300', 2003);
INSERT INTO masinad VALUES ('321654789', 'Honda', 'Accord', '5000', 2004);
INSERT INTO masinad VALUES ('852963147', 'Audi', 'A8', '2000', 2002);
SELECT * FROM masinad ORDER BY mark;
SELECT * FROM masinad WHERE labisoit>= 10000;
DROP TABLE autod;
CREATE TABLE autod(
regnr char(6) NOT NULL PRIMARY KEY,
mark VARCHAR(12),
mudel VARCHAR(12),
labisoit INT,
aasta INT
);
CREATE TABLE autod( regnr char(6) NOT NULL PRIMARY KEY, mark VARCHAR(12), mudel VARCHAR(12), labisoit INT, aasta INT );
INSERT INTO masinad VALUES('123456789', 'Mazda', '3', '200000', 2005);
INSERT INTO masinad VALUES ('987654321', 'BMW', 'M5', '80000', 2001);
INSERT INTO masinad VALUES ('456789123', 'Lexus', 'E500', '1300', 2003);
INSERT INTO masinad VALUES ('321654789', 'Honda', 'Accord', '5000', 2004);
INSERT INTO masinad VALUES('123AVC', 'Mazda', '3', '200000', 2005);
INSERT INTO masinad VALUES ('987GGF', 'BMW', 'M5', '80000', 2001);
INSERT INTO masinad VALUES ('456GWE', 'Lexus', 'E500', '1300', 2003);
INSERT INTO masinad VALUES ('321HYE', 'Honda', 'Accord', '5000', 2004);
INSERT INTO masinad VALUES ('852GRW', 'Audi', 'A8', '2000', 2002);
SELECT * FROM autod WHERE labisoit>=10 000
SELECT * FROM autod WHERE labisoit>=10 000;
SELECT * FROM autod WHERE labisoit>=10 000 SELECT * FROM autod WHERE labisoit>=10 000;
SELECT * FROM autod ORDER BY aasta;
INSERT INTO autod VALUES('123AVC', 'Mazda', '3', '200000', 2005);
INSERT INTO autod VALUES ('987GGF', 'BMW', 'M5', '80000', 2001);
INSERT INTO autod VALUES ('456GWE', 'Lexus', 'E500', '1300', 2003);
INSERT INTO autod VALUES ('321HYE', 'Honda', 'Accord', '5000', 2004);
INSERT INTO autod VALUES ('852GRW', 'Audi', 'A8', '2000', 2002);
SELECT * FROM autod ORDER BY aasta;
UPDATE autod SET labisoit=labisoit+5;
UPDATE autod SET labisoit=labisoit+5 WHERE regnr='123AVC';
UPDATE autod SET labisoit=labisoit+5 WHERE aasta>2000;
ALTER TABLE autod ADD kaugus INT DEFAULT 0;
ALTER TABLE autod ADD kaugus INT DEFAULT 10;
ALTER TABLE autod ADD kiirus INT DEFAULT 10;
UPDATE autod SET kiirus=20 WHERE regnr='123AVC';
UPDATE autod SET kaugus=1000 WHERE regnr='987GGF';
SELECT * FROM autod ORDER BY kaugus;
UPDATE autod
SELECT * FROM autod ORDER BY kaugus;
UPDATE autod SELECT * FROM autod ORDER BY kaugus;
UPDATE autod SET kaugus=kiirus+kaugus;
SELECT FROM autod ORDER BY kaugus;
SELECT * FROM autod ORDER BY kaugus;
SELECT * FROM autod ORDER BY kaugus*60;
SELECT * FROM autod ORDER BY kaugus=kiirus*60;
SELECT * FROM autod ORDER BY kaugus=kaugus ``??s kiirus*60;
SELECT * FROM autod ORDER BY kaugus=kaugus+kiirus*60;
SELECT regnr, kaugus, kaugus+60kiirus FROM autod;
SELECT regnr, kaugus, kaugus+60*kiirus FROM autod;
SELECT mark, mudel, kaugus, kaugus+60*kiirus FROM autod;
SELECT * FROM uued;
help
status
tables
SELECT * FROM autod;
tables SELECT * FROM autod;
tables SELECT * FROM autod ORDER BY synniaasta;
SELECT * FROM uued;
Loon tabeli:
CREATE TABLE tordid(
id INT NOT NULL PRIMARY KEY,
nimetus VARCHAR(12),
mass INT,
rasvaprotsent INT
);
Loon tabeli: CREATE TABLE tordid( id INT NOT NULL PRIMARY KEY, nimetus VARCHAR(12), mass INT, rasvaprotsent INT );
CREATE TABLE tordid(
id INT NOT NULL PRIMARY KEY,
nimetus VARCHAR(12),
mass INT,
rasvaprotsent INT
);
CREATE TABLE tordid( id INT NOT NULL PRIMARY KEY, nimetus VARCHAR(12), mass INT, rasvaprotsent INT );
SELECT * FROM tordid;
INSERT INTO tordid VALUES ('1', 'Šokolaadikook', '600', '17');
INSERT INTO tordid VALUES ('2', 'Napoleoni kook', '400', '14');
INSERT INTO tordid VALUES ('3', 'Kohupiimakook', '800', '18');
INSERT INTO tordid VALUES ('4', 'Pannkook', '100', '15');
INSERT INTO tordid VALUES ('5', 'Kräsupea kook', '500', '19');
SELECT * FROM koogid;
DROP TABLE tordid;
SELECT * FROM tordid;
CREATE TABLE koogid(
id INT NOT NULL PRIMARY KEY,
nimetus VARCHAR(12),
mass (g) INT,
rasvaprotsent (%) INT
);
CREATE TABLE koogid( id INT NOT NULL PRIMARY KEY, nimetus VARCHAR(12), mass (g) INT, rasvaprotsent (%) INT );
CREATE TABLE koogid(
id INT NOT NULL PRIMARY KEY,
nimetus VARCHAR(12),
mass(g) INT,
rasvaprotsent(%) INT
);
CREATE TABLE koogid( id INT NOT NULL PRIMARY KEY, nimetus VARCHAR(12), mass(g) INT, rasvaprotsent(%) INT );
SELECT * FROM autod;
SELECT * FROM masinad;
CREATE TABLE koogid(
id INT NOT NULL PRIMARY KEY,
nimetus VARCHAR(12),
mass INT,
rasvaprotsent INT
);
CREATE TABLE koogid( id INT NOT NULL PRIMARY KEY, nimetus VARCHAR(12), mass INT, rasvaprotsent INT );
INSERT INTO tordid VALUES ('1', 'Šokolaadikook', '600', '17');
INSERT INTO tordid VALUES ('2', 'Napoleoni kook', '400', '14');
INSERT INTO tordid VALUES ('3', 'Kohupiimakook', '800', '18');
INSERT INTO tordid VALUES ('4', 'Pannkook', '100', '15');
INSERT INTO tordid VALUES ('5', 'Kräsupea kook', '500', '19');
INSERT INTO koogid VALUES ('1', 'Šokolaadikook', '600', '17');
INSERT INTO koogid VALUES ('2', 'Napoleoni kook', '400', '14');
INSERT INTO koogid VALUES ('3', 'Kohupiimakook', '800', '18');
INSERT INTO koogid VALUES ('4', 'Pannkook', '100', '15');
INSERT INTO koogid VALUES ('5', 'Kräsupea kook', '500', '19');
SELECT * FROM koogid;
DROP TABLE koogid;
CREATE TABLE koogid(
id INT NOT NULL PRIMARY KEY,
nimetus VARCHAR(12),
mass INT,
rasvaprotsent INT
);
CREATE TABLE koogid( id INT NOT NULL PRIMARY KEY, nimetus VARCHAR(12), mass INT, rasvaprotsent INT );
CREATE TABLE koogid(
id INT NOT NULL PRIMARY KEY,
nimetus VARCHAR(12),
mass INT,
rasvaprotsent INT
);
CREATE TABLE koogid( id INT NOT NULL PRIMARY KEY, nimetus VARCHAR(12), mass INT, rasvaprotsent INT );
INSERT INTO koogid VALUES ('1', 'Šokolaadi', '600', '17');
INSERT INTO koogid VALUES ('2', 'Napoleoni', '400', '14');
INSERT INTO koogid VALUES ('3', 'Kohupiima', '800', '18');
INSERT INTO koogid VALUES ('4', 'Pannkook', '100', '15');
INSERT INTO koogid VALUES ('5', 'Kräsupea', '500', '19');
SELECT * FROM koogid;
SELECT * FROM koogid ORDER BY mass;
ALTER TABLE koogid ADD Kogu rasva kogus INT DEFAULT 0;
ALTER TABLE koogid ADD 'Kogu rasva kogus' INT DEFAULT 0;
ALTER TABLE koogid ADD KoguRasvaKogus INT DEFAULT 0;
ALTER TABLE koogid ADD PooleRasvaKogus INT DEFAULT 0;
SELECT * FROM koogid ORDER BY mass;
UPDATE koogid SET KoguRasvaKogus = mass*rasvaprotsent/100
SELECT * FROM koogid ORDER BY mass;
UPDATE koogid SET KoguRasvaKogus = mass*rasvaprotsent/100 SELECT * FROM koogid ORDER BY mass;
SELECT * FROM koogid ORDER by rasvaprotsent;
UPDATE koogid SET KoguRasvaKogus = mass*rasvaprotsent/100;
SELECT * FROM koogid ORDER by rasvaprotsent;
SELECT * FROM koogid ORDER BY KoguRasvaKogus;
ALTER TABLE koogid DROP PooleRasvaKogus;
SELECT * FROM koogid ORDER BY KoguRasvaKogus;
ALTER TABLE koogid DROP KoguRasvaKogus;
ALTER TABLE koogid ADD KoguKoogiRasv INT DEFAULT 0;
UPDATE koogid SET KoguKoogiRasv = mass*rasvaprotsent/100;
SELECT * FROM koogid ORDER BY KoguRasvaKogus;
SELECT * FROM koogid ORDER BY KoguKoogiRasv;
ALTER TABLE koogid ADD PooleKoogiRasv INT DEFAULT 0;
UPDATE koogid SET PooleKoogiRasv = mass/2*rasvaprotsent/100;
SELECT * FROM koogid ORDER BY PooleKoogiRasv;
ALTER TABLE koogid ADD PooleKoogiRasv INT DEFAULT 0,0;
ALTER TABLE koogid ADD PooleKoogiRasv SINGLE DEFAULT 0;
ALTER TABLE koogid ADD PooleKoogiRasv decimal(3,2) DEFAULT 0;
ALTER TABLE koogid DROP PooleKoogiRasv;
ALTER TABLE koogid ADD PooleKoogiRasv decimal(3,2) DEFAULT 0;
UPDATE koogid SET PooleKoogiRasv = mass/2*rasvaprotsent/100;
SELECT * FROM koogid ORDER BY PooleKoogiRasv;
ALTER TABLE koogid DROP PooleKoogiRasv;
	ALTER TABLE koogid ADD PooleKoogiRasv decimal(3,1) DEFAULT 0;
SELECT * FROM koogid ORDER BY PooleKoogiRasv;
UPDATE koogid SET PooleKoogiRasv = mass/2*rasvaprotsent/100;
SELECT * FROM koogid ORDER BY PooleKoogiRasv;
ALTER TABLE koogid DROP KoguKoogiRasv;
ALTER TABLE koogid ADD KoguKoogiRasv decimal(3,1) DEFAULT 0;
UPDATE koogid SET KoguKoogiRasv = mass*rasvaprotsent/100;
SELECT * FROM koogid ORDER BY KoguKoogiRasv;
ALTER TABLE koogid DROP KoguKoogiRasv;
ALTER TABLE koogid DROP PooleKoogiRasv;
ALTER TABLE koogid ADD KoguKoogiRasv decimal(4,1) DEFAULT 0;
UPDATE koogid SET KoguKoogiRasv = mass*rasvaprotsent/100;
ALTER TABLE koogid ADD PooleKoogiRasv decimal(3,1) DEFAULT 0;
UPDATE koogid SET PooleKoogiRasv = mass/2*rasvaprotsent/100;
SELECT * FROM koogid ORDER BY KoguKoogiRasv;
ALTER TABLE koogid ADD KuivanudMass decimal(4,1) DEFAULT 0;
UPDATE koogid SET KuivanudMass = mass*0,9;
UPDATE koogid SET KuivanudMass = mass*90/100;
SELECT * FROM koogid ORDER BY KuivanudMass;
ALTER TABLE koogid ADD Kogus INT DEFAULT 0;
UPDATE koogid SET Kogus=38 WHERE nimetus='pannkook'
UPDATE koogid SET Kogus=11 WHERE nimetus='Napoleoni' 
UPDATE koogid SET Kogus=51 WHERE nimetus='Kohupiima'
UPDATE koogid SET Kogus=47 WHERE nimetus='Šokolaadi'
UPDATE koogid SET Kogus=26 WHERE nimetus='Kräsupea'
SELECT * FROM koogid ORDER BY kogus;
UPDATE koogid SET Kogus=38 WHERE nimetus='pannkook' UPDATE koogid SET Kogus=11 WHERE nimetus='Napoleoni'  UPDATE koogid SET Kogus=51 WHERE nimetus='Kohupiima' UPDATE koogid SET Kogus=47 WHERE nimetus='Šokolaadi' UPDATE koogid SET Kogus=26 WHERE nimetus='Kräsupea' SELECT * FROM koogid ORDER BY kogus;
ALTER TABLE koogid ADD Kogus INT DEFAULT 0;
UPDATE koogid SET Kogus=38 WHERE nimetus='pannkook';
UPDATE koogid SET Kogus=11 WHERE nimetus='Napoleoni'; 
UPDATE koogid SET Kogus=51 WHERE nimetus='Kohupiima';
UPDATE koogid SET Kogus=47 WHERE nimetus='Šokolaadi';
UPDATE koogid SET Kogus=26 WHERE nimetus='Kräsupea';
SELECT * FROM koogid ORDER BY kogus;
SELECT * FROM koogid ORDER BY rasvaprotsent>=15;
SELECT * FROM koogid ORDER BY rasvaprotsent<=15;
SELECT COUNT (*) FROM koogid WHERE rasvaprotsent>15;
SELECT COUNT(*) FROM koogid WHERE rasvaprotsent>15;
SELECT MAX(Kogus) FROM koogid;
INSERT into koogid VALUES('6', 'Sefiiri', '300', '16')
INSERT into koogid VALUES('6', 'Sefiiri', '300', '16');
INSERT into koogid VALUES ('6', 'Sefiiri', '300', '16');
SELECT * FROM koogid;
INSERT INTO koogid VALUES ('6', 'Sefiiri', '300', '16');
SELECT * FROM koogid ORDER BY rasvaprotsent<=15;
SELECT * FROM koogid ORDER BY rasvaprotsent>=15;
SELECT * FROM autod WHERE labisoit=20000;
SELECT * FROM autod WHERE labisoit=200000;
SELECT * FROM autod WHERE regnr=123avc;
SELECT * FROM autod WHERE regnr='123avc';
SELECT * FROM koogid WHERE rasvaprotsent>15;
SELECT * FROM koogid;
INSERT INTO koogid VALUES ('6', 'Sefiiri', '300', '16');
INSERT INTO koogid VALUES ('6', 'Sefiiri', '300', '16', '0', '0', '0', '30');
SELECT * FROM koogid;
UPDATE koogid SET KoguKoogiRasv = mass*rasvaprotsent/100;
SELECT * FROM koogid;
UPDATE koogid SET PooleKoogiRasv = mass/2*rasvaprotsent/100;
SELECT * FROM koogid;
UPDATE koogid SET KuivanudMass = mass*90/100;
SELECT * FROM koogid;
SELECT * FROM tordid Kogus;
SELECT * FROM koogid kogus;
SELECT nimetus, kogus FROM koogid;
SELECT nimetus, rasvaprotsent, kogukoogirasv FROM koogid;
SELECT * FROM autod;
SELECT regnr, kaugus, kaugus+60*kiirus FROM autod;
SELECT nimetus, rasvaprotsent, kogus FROM autod;
SELECT nimetus, rasvaprotsent, kogus FROM koogid;
ALTER TABLE koogid DROP Kogus;
SELECT * FROM koogid;
SELECT COUNT(*) koogid;
SELECT COUNT(*) FROM koogid;
SELECT * FROM koogid WHERE id>=3;
ALTER TABLE koogid ADD Kogus INT DEFAULT 0;
UPDATE koogid SET Kogus=38 WHERE nimetus='pannkook';
UPDATE koogid SET Kogus=11 WHERE nimetus='Napoleoni'; 
UPDATE koogid SET Kogus=51 WHERE nimetus='Kohupiima';
UPDATE koogid SET Kogus=47 WHERE nimetus='Ðokolaadi';
UPDATE koogid SET Kogus=26 WHERE nimetus='Kräsupea';
SELECT * FROM koogid ORDER BY Kogus;
SELECT Sum(Kogus) FROM koogid;
UPDATE koogid SET Kogus=47 WHERE nimetus='Ðokolaadi';
SELECT Sum(Kogus) FROM koogid;
SELECT * FROM koogid ORDER BY Kogus;
UPDATE koogid SET Kogus='9' WHERE Nnmetus='Sefiiri';
UPDATE koogid SET nimetus='Kräsupea' WHERE id='5';
SELECT * FROM koogid ORDER BY Kogus;
UPDATE koogid SET Kogus='9' WHERE Nimetus='Sefiiri';
SELECT * FROM koogid ORDER BY Kogus;
CREATE TABLE tellimus(
id INT NOT NOULL AUTO_INCREMENT PRIMARY KEY,
aeg DATETIME,
kliendinimi VARCHAR(30),
kontakt VARCHAR(30),
aktsepteeritud INT DEFAULT 0,
arvetasutud INT DEFAULT 0,
saadetud INT DEFAULT 0,
kohal INT DEFAULT 0,
tagasiside TEXT,
lopetatud INT DEFAULT 0,
);
CREATE TABLE tellimus( id INT NOT NOULL AUTO_INCREMENT PRIMARY KEY, aeg DATETIME, kliendinimi VARCHAR(30), kontakt VARCHAR(30), aktsepteeritud INT DEFAULT 0, arvetasutud INT DEFAULT 0, saadetud INT DEFAULT 0, kohal INT DEFAULT 0, tagasiside TEXT, lopetatud INT DEFAULT 0, );
CREATE TABLE tellimus(
id INT NOT NULL AUTO_INCREMENT PRIMARY KEY,
aeg DATETIME,
kliendinimi VARCHAR(30),
kontakt VARCHAR(30),
aktsepteeritud INT DEFAULT 0,
arvetasutud INT DEFAULT 0,
saadetud INT DEFAULT 0,
kohal INT DEFAULT 0,
tagasiside TEXT,
lopetatud INT DEFAULT 0,
);
CREATE TABLE tellimus( id INT NOT NULL AUTO_INCREMENT PRIMARY KEY, aeg DATETIME, kliendinimi VARCHAR(30), kontakt VARCHAR(30), aktsepteeritud INT DEFAULT 0, arvetasutud INT DEFAULT 0, saadetud INT DEFAULT 0, kohal INT DEFAULT 0, tagasiside TEXT, lopetatud INT DEFAULT 0, );
CREATE TABLE tellimus(
id INT NOT NULL AUTO_INCREMENT PRIMARY KEY,
aeg DATETIME,
kliendinimi VARCHAR(30),
kontakt VARCHAR(30),
aktsepteeritud INT DEFAULT 0,
arvetasutud INT DEFAULT 0,
saadetud INT DEFAULT 0,
kohal INT DEFAULT 0,
tagasiside TEXT,
lopetatud INT DEFAULT 0,
);
CREATE TABLE tellimus( id INT NOT NULL AUTO_INCREMENT PRIMARY KEY, aeg DATETIME, kliendinimi VARCHAR(30), kontakt VARCHAR(30), aktsepteeritud INT DEFAULT 0, arvetasutud INT DEFAULT 0, saadetud INT DEFAULT 0, kohal INT DEFAULT 0, tagasiside TEXT, lopetatud INT DEFAULT 0, );
CREATE TABLE tellimus(
id INT NOT NULL AUTO_INCREMENT PRIMARY KEY,
aeg DATETIME,
kliendinimi VARCHAR(30),
kontakt VARCHAR(30),
aktsepteeritud INT DEFAULT 0,
arvetasutud INT DEFAULT 0,
saadetud INT DEFAULT 0,
kohal INT DEFAULT 0,
tagasiside TEXT,
lopetatud INT DEFAULT 0,
)
);
CREATE TABLE tellimus( id INT NOT NULL AUTO_INCREMENT PRIMARY KEY, aeg DATETIME, kliendinimi VARCHAR(30), kontakt VARCHAR(30), aktsepteeritud INT DEFAULT 0, arvetasutud INT DEFAULT 0, saadetud INT DEFAULT 0, kohal INT DEFAULT 0, tagasiside TEXT, lopetatud INT DEFAULT 0, ) );
CREATE TABLE tellimus(
id INT NOT NULL AUTO_INCREMENT PRIMARY KEY,
aeg DATETIME,
kliendinimi VARCHAR(30),
kontakt VARCHAR(30),
aktsepteeritud INT DEFAULT 0,
arvetasutud INT DEFAULT 0,
saadetud INT DEFAULT 0,
kohal INT DEFAULT 0,
tagasiside TEXT,
lopetatud INT DEFAULT 0,
);
CREATE TABLE tellimus( id INT NOT NULL AUTO_INCREMENT PRIMARY KEY, aeg DATETIME, kliendinimi VARCHAR(30), kontakt VARCHAR(30), aktsepteeritud INT DEFAULT 0, arvetasutud INT DEFAULT 0, saadetud INT DEFAULT 0, kohal INT DEFAULT 0, tagasiside TEXT, lopetatud INT DEFAULT 0, );
SELECT * FROM tellimus
SELECT * FROM autod;
SELECT * FROM tellimus SELECT * FROM autod;
SELECT * FROM koogid;
CREATE TABLE tellimus(
id INT NOT NULL AUTO_INCREMENT PRIMARY KEY,
aeg DATETIME,
kliendinimi VARCHAR(30),
kontakt VARCHAR(30),
aktsepteeritud INT DEFAULT 0,
arvetasutud INT DEFAULT 0,
saadetud INT DEFAULT 0,
kohal INT DEFAULT 0,
tagasiside TEXT,
lopetatud INT DEFAULT 0,
);
CREATE TABLE tellimus( id INT NOT NULL AUTO_INCREMENT PRIMARY KEY, aeg DATETIME, kliendinimi VARCHAR(30), kontakt VARCHAR(30), aktsepteeritud INT DEFAULT 0, arvetasutud INT DEFAULT 0, saadetud INT DEFAULT 0, kohal INT DEFAULT 0, tagasiside TEXT, lopetatud INT DEFAULT 0, );
ERROR 1064 (42000): You have an error in your SQL syntax; check the manual that corresponds to your MySQL server version for the right syntax to use near ')' at line 12
CREATE TABLE autoremont(
  id INT NOT NULL AUTO_INCREMENT PRIMARY KEY,
  aeg DATETIME,
  kliendinimi VARCHAR(30),
  kontakt VARCHAR(30),
  aktsepteeritud INT DEFAULT 0,
  mehhaanikusumma DECIMAL(8, 2),
  mehhaanikukommentaar TEXT,
  elektrikusumma DECIMAL(8, 2),
  elektrikukommentaar TEXT,
  valmisteatatud INT DEFAULT 0,
  arvetasutud INT DEFAULT 0,
  lopetatud INT DEFAULT 0
);
CREATE TABLE autoremont(   id INT NOT NULL AUTO_INCREMENT PRIMARY KEY,   aeg DATETIME,   kliendinimi VARCHAR(30),   kontakt VARCHAR(30),   aktsepteeritud INT DEFAULT 0,   mehhaanikusumma DECIMAL(8, 2),   mehhaanikukommentaar TEXT,   elektrikusumma DECIMAL(8, 2),   elektrikukommentaar TEXT,   valmisteatatud INT DEFAULT 0,   arvetasutud INT DEFAULT 0,   lopetatud INT DEFAULT 0 );
DROP TABLE autoremont;
SELECT * FROM autoremont;
CREATE TABLE tellimus(
id INT NOT NULL AUTO_INCREMENT PRIMARY KEY,
aeg DATETIME,
kliendinimi VARCHAR(30),
kontakt VARCHAR(30),
aktsepteeritud INT DEFAULT 0,
arvetasutud INT DEFAULT 0,
saadetud INT DEFAULT 0,
kohal INT DEFAULT 0,
tagasiside TEXT,
lopetatud INT DEFAULT 0,
);
CREATE TABLE tellimus( id INT NOT NULL AUTO_INCREMENT PRIMARY KEY, aeg DATETIME, kliendinimi VARCHAR(30), kontakt VARCHAR(30), aktsepteeritud INT DEFAULT 0, arvetasutud INT DEFAULT 0, saadetud INT DEFAULT 0, kohal INT DEFAULT 0, tagasiside TEXT, lopetatud INT DEFAULT 0, );
CREATE TABLE tellimus(
id INT NOT NULL AUTO_INCREMENT PRIMARY KEY,
aeg DATETIME,
kliendinimi VARCHAR(30),
kontakt VARCHAR(30),
aktsepteeritud INT DEFAULT 0,
arvetasutud INT DEFAULT 0,
saadetud INT DEFAULT 0,
kohal INT DEFAULT 0,
tagasiside TEXT,
lopetatud INT DEFAULT 0,
);
CREATE TABLE tellimus( id INT NOT NULL AUTO_INCREMENT PRIMARY KEY, aeg DATETIME, kliendinimi VARCHAR(30), kontakt VARCHAR(30), aktsepteeritud INT DEFAULT 0, arvetasutud INT DEFAULT 0, saadetud INT DEFAULT 0, kohal INT DEFAULT 0, tagasiside TEXT, lopetatud INT DEFAULT 0, );
CREATE TABLE tellimus(
id INT NOT NULL AUTO_INCREMENT PRIMARY KEY,
aeg DATETIME,
kliendinimi VARCHAR(30),
kontakt VARCHAR(30),
aktsepteeritud INT DEFAULT 0,
summa DECIMAL(8, 2),
arvetasutud INT DEFAULT 0,
saadetud INT DEFAULT 0,
kohal INT DEFAULT 0,
tagasiside TEXT,
lopetatud INT DEFAULT 0,
);
CREATE TABLE tellimus( id INT NOT NULL AUTO_INCREMENT PRIMARY KEY, aeg DATETIME, kliendinimi VARCHAR(30), kontakt VARCHAR(30), aktsepteeritud INT DEFAULT 0, summa DECIMAL(8, 2), arvetasutud INT DEFAULT 0, saadetud INT DEFAULT 0, kohal INT DEFAULT 0, tagasiside TEXT, lopetatud INT DEFAULT 0, );
CREATE TABLE autoremont(
  id INT NOT NULL AUTO_INCREMENT PRIMARY KEY,
  aeg DATETIME,
  kliendinimi VARCHAR(30),
  kontakt VARCHAR(30),
  aktsepteeritud INT DEFAULT 0,
  mehhaanikusumma DECIMAL(8, 2),
  mehhaanikukommentaar TEXT,
  elektrikusumma DECIMAL(8, 2),
  elektrikukommentaar TEXT,
  valmisteatatud INT DEFAULT 0,
  arvetasutud INT DEFAULT 0,
  lopetatud INT DEFAULT 0
);
CREATE TABLE autoremont(   id INT NOT NULL AUTO_INCREMENT PRIMARY KEY,   aeg DATETIME,   kliendinimi VARCHAR(30),   kontakt VARCHAR(30),   aktsepteeritud INT DEFAULT 0,   mehhaanikusumma DECIMAL(8, 2),   mehhaanikukommentaar TEXT,   elektrikusumma DECIMAL(8, 2),   elektrikukommentaar TEXT,   valmisteatatud INT DEFAULT 0,   arvetasutud INT DEFAULT 0,   lopetatud INT DEFAULT 0 );
CREATE TABLE tellimus(
id INT NOT NULL AUTO_INCREMENT PRIMARY KEY,
aeg DATETIME,
kliendinimi VARCHAR(30),
kontakt VARCHAR(30),
aktsepteeritud INT DEFAULT 0,
summa DECIMAL(8, 2),
arvetasutud INT DEFAULT 0,
saadetud INT DEFAULT 0,
kohal INT DEFAULT 0,
tagasiside TEXT,
lopetatud INT DEFAULT 0,
);
CREATE TABLE tellimus( id INT NOT NULL AUTO_INCREMENT PRIMARY KEY, aeg DATETIME, kliendinimi VARCHAR(30), kontakt VARCHAR(30), aktsepteeritud INT DEFAULT 0, summa DECIMAL(8, 2), arvetasutud INT DEFAULT 0, saadetud INT DEFAULT 0, kohal INT DEFAULT 0, tagasiside TEXT, lopetatud INT DEFAULT 0, );
CREATE TABLE tellimus(
  id INT NOT NULL AUTO_INCREMENT PRIMARY KEY,
  toode VARCHAR(30),
  aeg DATETIME,
  kliendinimi VARCHAR(30),
  kontakt VARCHAR(30),
  aktsepteeritud INT DEFAULT 0,
  summa DECIMAL(8, 2),
  arvetasutud INT DEFAULT 0,
  saadetud INT DEFAULT 0,
  kohal INT DEFAULT 0,
  tagasiside TEXT,
  lopetatud INT DEFAULT 0
);
CREATE TABLE tellimus(   id INT NOT NULL AUTO_INCREMENT PRIMARY KEY,   toode VARCHAR(30),   aeg DATETIME,   kliendinimi VARCHAR(30),   kontakt VARCHAR(30),   aktsepteeritud INT DEFAULT 0,   summa DECIMAL(8, 2),   arvetasutud INT DEFAULT 0,   saadetud INT DEFAULT 0,   kohal INT DEFAULT 0,   tagasiside TEXT,   lopetatud INT DEFAULT 0 );
DROP TABLE autoremont;
SELECT * FROM tellimus;
INSERT INTO tellimus VALUES ('1', 'Telefon', '2014-10-01 08:00', 'Martin Mardikas', 'Martin@Mardikas.ee')
INSERT INTO tellimus VALUES ('1', 'Telefon', '2014-10-01 08:00', 'Martin Mardikas', 'Martin@Mardikas.ee');
INSERT INTO tellimus VALUES ('1', 'Telefon', '2014-10-01 08:00', 'Martin Mardikas', 'Martin@Mardikas.ee') INSERT INTO tellimus VALUES ('1', 'Telefon', '2014-10-01 08:00', 'Martin Mardikas', 'Martin@Mardikas.ee');
INSERT INTO tellimus VALUES ('1', 'Telefon', '2014-10-01 08:00', 'Martin Mardikas', 'Martin@Mardikas.ee');
INSERT INTO tellimus(id, toode, aeg, kliendinimi, kontakt) VALUES ('1', 'Telefon', '2014-10-01 08:00', 'Martin Mardikas', 'Martin@Mardikas.ee');
SELECT * FROM tellimus;
SELECT id, toode, aeg, kliendinimi, kontakt FROM tellimus;
DELETE FROM tellimus WHERE toode='Telefon';
INSERT INTO tellimus(toode, aeg, kliendinimi, kontakt) VALUES ('1', 'Telefon', '2014-10-01 08:00', 'Martin Mardikas', 'Martin@Mardikas.ee');
INSERT INTO tellimus(toode, aeg, kliendinimi, kontakt) VALUES ('Telefon', '2014-10-01 08:00', 'Martin Mardikas', 'Martin@Mardikas.ee');
SELECT * FROM tellimus;
DELETE FROM tellimus WHERE toode='Telefon';
INSERT INTO tellimus(toode, aeg, kliendinimi, kontakt) VALUES ('Telefon', '2014-10-01 08:00', 'Martin Mardikas', 'Martin@Mardikas.ee');
SELECT * FROM tellimus;
DROP TABLE tellimus;
CREATE TABLE tellimus(
  id INT NOT NULL AUTO_INCREMENT PRIMARY KEY,
  toode VARCHAR(30),
  aeg DATETIME,
  kliendinimi VARCHAR(30),
  kontakt VARCHAR(30),
  aktsepteeritud INT DEFAULT 0,
  summa DECIMAL(8, 2),
  arvetasutud INT DEFAULT 0,
  saadetud INT DEFAULT 0,
  kohal INT DEFAULT 0,
  tagasiside TEXT,
  lopetatud INT DEFAULT 0
);
CREATE TABLE tellimus(   id INT NOT NULL AUTO_INCREMENT PRIMARY KEY,   toode VARCHAR(30),   aeg DATETIME,   kliendinimi VARCHAR(30),   kontakt VARCHAR(30),   aktsepteeritud INT DEFAULT 0,   summa DECIMAL(8, 2),   arvetasutud INT DEFAULT 0,   saadetud INT DEFAULT 0,   kohal INT DEFAULT 0,   tagasiside TEXT,   lopetatud INT DEFAULT 0 );
INSERT INTO tellimus(toode, aeg, kliendinimi, kontakt) VALUES ('Telefon', '2014-10-01 08:00', 'Martin Mardikas', 'Martin@Mardikas.ee');
INSERT INTO tellimus(toode, aeg, kliendinimi, kontakt) VALUES ('Arvuti', '2014-10-01 16:13', 'Kalle Kaalikas', 'Kalle@Kaalikas.ee');
INSERT INTO tellimus(toode, aeg, kliendinimi, kontakt) VALUES ('Raamat', '2014-10-01 14:15', 'Siim Sipelgas', 'Siim@Sipelgas.ee');
INSERT INTO tellimus(toode, aeg, kliendinimi, kontakt) VALUES ('Jakk', '2014-10-01 18:47', 'Juhan Juurikas', 'Juhan@Juurikas.ee');
INSERT INTO tellimus(toode, aeg, kliendinimi, kontakt) VALUES ('Pilet', '2014-10-01 23:30', 'Piret Putukas', 'Piret@Putukas.ee');
SELECT id, toode, aeg, kliendinimi, kontakt FROM tellimus;
DROP TABLE tellimus;
CREATE TABLE tellimus(
  id INT NOT NULL AUTO_INCREMENT PRIMARY KEY,
  toode VARCHAR(30),
  aeg DATETIME,
  kliendinimi VARCHAR(30),
  kontakt VARCHAR(30),
  aktsepteeritud INT DEFAULT 0,
  summa DECIMAL(8, 2),
  arvetasutud INT DEFAULT 0,
  saadetud INT DEFAULT 0,
  kohal INT DEFAULT 0,
  tagasiside TEXT,
  lopetatud INT DEFAULT 0
);
CREATE TABLE tellimus(   id INT NOT NULL AUTO_INCREMENT PRIMARY KEY,   toode VARCHAR(30),   aeg DATETIME,   kliendinimi VARCHAR(30),   kontakt VARCHAR(30),   aktsepteeritud INT DEFAULT 0,   summa DECIMAL(8, 2),   arvetasutud INT DEFAULT 0,   saadetud INT DEFAULT 0,   kohal INT DEFAULT 0,   tagasiside TEXT,   lopetatud INT DEFAULT 0 );
INSERT INTO tellimus(toode, aeg, kliendinimi, kontakt) VALUES ('Telefon', '2014-10-01 08:00', 'Martin Mardikas', 'Martin@Mardikas.ee');
INSERT INTO tellimus(toode, aeg, kliendinimi, kontakt) VALUES ('Arvuti', '2014-09-20 16:13', 'Kalle Kaalikas', 'Kalle@Kaalikas.ee');
INSERT INTO tellimus(toode, aeg, kliendinimi, kontakt) VALUES ('Raamat', '2014-11-12 14:15', 'Siim Sipelgas', 'Siim@Sipelgas.ee');
INSERT INTO tellimus(toode, aeg, kliendinimi, kontakt) VALUES ('Jakk', '2014-10-07 18:47', 'Juhan Juurikas', 'Juhan@Juurikas.ee');
INSERT INTO tellimus(toode, aeg, kliendinimi, kontakt) VALUES ('Pilet', '2014-09-29 23:30', 'Piret Putukas', 'Piret@Putukas.ee');
SELECT id, toode, aeg, kliendinimi, kontakt FROM tellimus;
SELECT * FROM tellimus;
SELECT id, toode, aeg, kliendinimi, kontakt FROM tellimus;
UPDATE tellimus SET aktsepteeritud=1 WHERE toode='Telefon';
SELECT id, toode, aeg, kliendinimi, kontakt FROM tellimus;
SELECT id, toode, aeg, kliendinimi, kontakt, aktsepteeritud FROM tellimus;
SELECT id, toode, aeg, kliendinimi, kontakt, aktsepteeritud, summa FROM tellimus;
SELECT * FROM tellimus WHERE toode='Telefon';
UPDATE tellimus SET arvetasutud=1 WHERE toode='Telefon';
SELECT * FROM tellimus WHERE toode='Telefon';
UPDATE tellimus SET saadetud=1 WHERE toode='Telefon';
SELECT * FROM tellimus WHERE toode='Telefon';
UPDATE tellimus SET kohal=1 WHERE toode='Telefon';
SELECT * FROM tellimus WHERE toode='Telefon';
UPDATE tellimus SET tagasiside='Kaup jõudis ilusti kohale, olen väga rahul!' WHERE toode='Telefon';
SELECT * FROM tellimus WHERE toode='Telefon';
UPDATE tellimus SET lopetatud=1 WHERE toode='Telefon';
SELECT * FROM tellimus WHERE toode='Telefon';
SELECT id, toode, aeg, kliendinimi, kontakt FROM tellimus;
SELECT * FROM tellimus;
INSERT INTO tellims(toode, aeg, kliendinimi, kontakt) VALUES ('Hiir', '2014-10-01 08:00', 'Kaido Kapsas', 'Kaido@Kapsas.ee');
INSERT INTO tellimus(toode, aeg, kliendinimi, kontakt) VALUES ('Hiir', '2014-10-01 08:00', 'Kaido Kapsas', 'Kaido@Kapsas.ee');
SELECT * FROM tellimus;
DROP TABLE tellimus;
CREATE TABLE tellimus(
  id INT NOT NULL AUTO_INCREMENT PRIMARY KEY,
  toode VARCHAR(30),
  aeg DATETIME UNIQUE,
  kliendinimi VARCHAR(30),
  kontakt VARCHAR(30),
  aktsepteeritud INT DEFAULT 0,
  summa DECIMAL(8, 2),
  arvetasutud INT DEFAULT 0,
  saadetud INT DEFAULT 0,
  kohal INT DEFAULT 0,
  tagasiside TEXT,
  lopetatud INT DEFAULT 0
);
CREATE TABLE tellimus(   id INT NOT NULL AUTO_INCREMENT PRIMARY KEY,   toode VARCHAR(30),   aeg DATETIME UNIQUE,   kliendinimi VARCHAR(30),   kontakt VARCHAR(30),   aktsepteeritud INT DEFAULT 0,   summa DECIMAL(8, 2),   arvetasutud INT DEFAULT 0,   saadetud INT DEFAULT 0,   kohal INT DEFAULT 0,   tagasiside TEXT,   lopetatud INT DEFAULT 0 );
INSERT INTO tellimus(toode, aeg, kliendinimi, kontakt) VALUES ('Telefon', '2014-10-01 08:00', 'Martin Mardikas', 'Martin@Mardikas.ee');
INSERT INTO tellimus(toode, aeg, kliendinimi, kontakt) VALUES ('Arvuti', '2014-09-20 16:13', 'Kalle Kaalikas', 'Kalle@Kaalikas.ee');
INSERT INTO tellimus(toode, aeg, kliendinimi, kontakt) VALUES ('Raamat', '2014-11-12 14:15', 'Siim Sipelgas', 'Siim@Sipelgas.ee');
INSERT INTO tellimus(toode, aeg, kliendinimi, kontakt) VALUES ('Jakk', '2014-10-07 18:47', 'Juhan Juurikas', 'Juhan@Juurikas.ee');
INSERT INTO tellimus(toode, aeg, kliendinimi, kontakt) VALUES ('Pilet', '2014-09-29 23:30', 'Piret Putukas', 'Piret@Putukas.ee');
INSERT INTO tellimus(toode, aeg, kliendinimi, kontakt) VALUES ('Hiir', '2014-10-01 08:00', 'Juku Juhan', 'Juku@Juhan.ee');
UPDATE tellimus SET aktsepteeritud=1 WHERE toode='Telefon';
UPDATE tellimus SET summa=500 WHERE toode='Telefon';
UPDATE tellimus SET arvetasutud=1 WHERE toode='Telefon';
UPDATE tellimus SET saadetud=1 WHERE toode='Telefon';
UPDATE tellimus SET kohal=1 WHERE toode='Telefon';
UPDATE tellimus SET tagasiside='Kaup jõudis ilusti kohale, olen väga rahul!' WHERE toode='Telefon';
UPDATE tellimus SET lopetatud=1 WHERE toode='Telefon';
SELECT * FROM tellimus;
SELECT * FROM autod;
INSERT INTO autod (regnr, mark, mudel, aasta, labisoit) VALUES ('555GEA', 'Nissan', 'GT-R', '10000');
INSERT INTO autod (regnr, mark, mudel, aasta, labisoit) VALUES ('555GEA', 'Nissan', 'GT-R',  '2008', '10000');
INSERT INTO autod (regnr, mark, mudel, aasta, labisoit) VALUES ('566GBA', 'Volkswagen', 'Passat', '2006', '20000');
INSERT INTO autod (regnr, mark, mudel, aasta, labisoit) VALUES ('554GGA', 'Hyundai', 'Random', '2009', '30000');
INSERT INTO autod (regnr, mark, mudel, aasta, labisoit) VALUES ('585REA', 'Nissan', 'Skyline', '2005', '109000');
INSERT INTO autod (regnr, mark, mudel, aasta, labisoit) VALUES ('185GLA', 'Toyota', 'Corolla', '2004', '156000');
INSERT INTO autod (regnr, mark, mudel, aasta, labisoit) VALUES ('985YEA', 'Ford', 'GT', '2008', '104000');
INSERT INTO autod (regnr, mark, mudel, aasta, labisoit) VALUES ('255GEA', 'Renault', 'Megane', '2000', '50000');
SELECT * FROM autod;
SELECT COUNT(*) FROM autod;
SELECT SUM(labisoit) FROM autod;
SELECT SUM(labisoit) FROM autod WHERE mark='Nissan';
SELECT MIN(aasta) FROM autod WHERE mark='Nissan';
SELECT * FROM autod;
SELECT * FROM autod ORDER BY aasta;
SELECT * FROM autod ORDER BY mark;
SELECT MAX(aasta) FROM autod WHERE mark='Nissan';
SELECT AVG(aasta) FROM autod;
SELECT AVG(YEAR(NOW))-aasta)  FROM autod;
SELECT AVG(YEAR(NOW())-aasta)  FROM autod;
SELECT COUNT(*) FROM autod;
SELECT COUNT(*) FROM autod GROUP BY mark;
SELECT COUNT(*),mark FROM autod GROUP BY mark;
SELECT MIN(aasta) FROM autod WHERE mark='Audi';
SELECT MIN(aasta) FROM autod WHERE mark='Nissan';
SELECT MIN(aasta) FROM autod WHERE mark='Nissan' OR 'Mazda';
SELECT MIN(aasta) FROM autod WHERE mark='Nissan' AND 'Audi';
SELECT MIN(aasta) FROM autod WHERE mark='Nissan';
SELECT MIN(aasta) FROM autod WHERE mark='Audi';
SELECT COUNT(*),mark FROM autod GROUP BY mark;
SELECT COUNT(*),mark, mudel FROM autod GROUP BY mark;
SELECT COUNT(*),mark, mudel FROM autod GROUP BY mark, mudel;
SELECT DISTINCT(mark) FROM autod;
SELECT COUNT(DISTINCT(mark)) FROM autod;
SELECT mark FROM autod GROUP BY mark;
SELECT mark, COUNT(DISTINCT(mudel)) FROM autod GROUP BY mark;
SELECT mark, COUNT(DISTINCT(mudel)), GROUP_CONCAT(mudel) FROM autod GROUP BY mark;
INSERT INTO autod (regnr, mark, mudel, aasta, labisoit) VALUES ('519GAW', 'Audi', 'A4', '2002', '25000');
SELECT mark, COUNT(DISTINCT(mudel)), GROUP_CONCAT(mudel) FROM autod GROUP BY mark;
SELECT mudel, COUNT(DISTINCT mark), GROUP_CONCAT(regnr) FROM autod GROUP BY mudel;
INSERT INTO autod(regnr, mark, mudel, aasta, labisoit) VALUES ('551GQP', 'Audi', 'A8', '2003', '36200');
INSERT INTO autod(regnr, mark, mudel, aasta, labisoit) VALUES ('551VFP', 'Audi', 'A8', '1999', '360200');
INSERT INTO autod(regnr, mark, mudel, aasta, labisoit) VALUES ('551RFP', 'Audi', 'A8', '1998', '610200');
SELECT mudel, COUNT(DISTINCT mark), GROUP_CONCAT(regnr) FROM autod GROUP BY mudel;
SELECT FROM autod GROUP BY mudel;
SELECT COUNT(*) FROM autod GROUP BY mudel;
SELECT COUNT(*),mudel FROM autod GROUP BY mudel;
SELECT COUNT(*),mudel FROM autod;
SELECT COUNT(*),mudel FROM autod GROUP BY mudel;
SELECT COUNT(*),mudel FROM autod GROUP BY mark;
SELECT mudel, GROUP_CONCAT(mudel) FROM autod GROUP BY mudel;
SELECT mudel, GROUP_CONCAT(regnr) FROM autod GROUP BY mudel;
SELECT mark, mudel, GROUP_CONCAT(regnr) FROM autod GROUP BY mudel;
SELECT mark, mudel, GROUP_CONCAT(regnr) FROM autod GROUP BY mark;
SELECT mark, GROUP_CONCAT(regnr) FROM  autod GROUP BY mark;
SELECT mark, GROUP_CONCAT(mark) FROM  autod GROUP BY regnr;
SELECT regnr, GROUP_CONCAT(mark) FROM  autod GROUP BY regnr;
SELECT * FROM autod;
SELECT * FROM autod ORDER BY regnr;
SELECT mudel WHERE labisoit>100000;
SELECT mudel FROM autod WHERE labisoit>100000;
SELECT regnr, mudel FROM autod WHERE labisoit>100000;
SELECT regnr, mudel FROM autod WHERE labisoit>100000 GROUP BY mudel;
SELECT * FROM autod;
show databases;
show tables;
select * from autod;
show tables;
select * from uued;
select * from autod;
select * from autod order by mark;
select * from autod order by labisoit;
SELECT regnr, mark, mudel, aasta, labisoit FROM autod;
SELECT * FROM autod<
SELECT * FROM autod;
SELECT * FROM autod< SELECT * FROM autod;
SELECT * FROM autod;
SELECT regnr, mark, mudel, aasta, labisoit FROM autod ORDER BY aasta;
SELECT regnr, mark, mudel, aasta, labisoit FROM autod GROUP BY aasta;
SELECT regnr, mark, mudel, aasta, labisoit FROM autod GROUP BY aasta DESC;
SELECT regnr, mark, mudel, aasta, labisoit FROM autod GROUP BY aasta;
sys.tables
sys.tables;
sys.tables sys.tables;
select * tables;
select tables;
help
status
SELECT * FROM information_schema.tables
SELECT * FROM information_schema.tables;
SELECT * FROM information_schema.tables SELECT * FROM information_schema.tables;
show tables
;
select * from tellimus;
UPDATE tellimus SET aktsepteeritud=1 WHERE id='2';
UPDATE tellimus SET summa=1199 WHERE id='2';
SELECT * FROM tellimus WHERE id='2';
UPDATE tellimus SET arvetasutud=1 WHERE id='2';
UPDATE tellimus SET saadetud=1 WHERE id='2';
UPDATE tellimus SET kohal=1 WHERE id='2';
UPDATE tellimus SET tagasiside='Kiire teenus, meeldiv.' WHERE id='2';
UPDATE tellimus SET lopetatud=1 WHERE id='2';
select * from tellimus;
SELECT * from autod;
explain autod;
select SUM(labisoit) from autod WHERE mark='Audi';
select SUM(labisoit) from autod group by mark;
select SUM(labisoit), mark from autod group by mark;
select SUM(labisoit), mark from autod group by labisoit;
select SUM(labisoit), mark, mudel from autod group by labisoit;
SELECT * FROM autod;
select count(mudel) from autod group by mark;
select count(mudel), mark  from autod group by mark;
select distinct(mudel) from autod group by mark;
select mark, distinct(mudel) from autod group by mark;
select mark, count(distinct(mudel)) from autod group by mark;
select avg(labisoit) from autod;
select * from autod where labisoit>=avg(labisoit);
select * from autod where labisoit > (Select avg(labisoit) from autod);
select * from autod where aasta = (select min(aasta) from autod);
Select * from autod;
select * from autod where aasta = (select max(aasta) from autod);
select * from autod where aasta = (select avg(aasta) from autod);
select * from autod where aasta >= (select avg(aasta) from autod);
select avg(aasta) from autod;
Insert into autod VALUES (515GWQ, 'Honda', 'Civic', '1997', '250000');
Insert into autod VALUES (515GWQ, 'Honda', 'Civic', '1997', '250000', '0', '10');
Insert into autod VALUES ('515GWQ', 'Honda', 'Civic', '1997', '250000', '0', '10');
SELECT * from autod;
DROP row from autod where mudel='civic';
UPDATE table SET labisoit='250000' autod where mudel='civic';
UPDATE autod SET aasta='1997',labisoit='250000' where mudel='civic';
select * from autod where mudel='civic';
Select * from autod where mudel in (select distinct mudel from autod where aasta < 1990);
Select * from autod where mudel in (select distinct mudel from autod where aasta < 2000);
select * from autod where mudel in ('a8', '2500');
select * from autod where mudel in ('a8', '1500');
select regnr, year(now())-aaasta as vanus from autod;
select regnr, year(now())-aasta as vanus from autod;
select distinct mudel from autod where aasta < 2005;
select regnr, year(now())-aasta as vanus, labisoit from autod;
select regnr, labisoit/vanus as kmaastas from (select regnr, year(now())-aasta as vanus, labisoit from autod) as tabel1;
select regnr, labisoit/vanus as kmaastas from (select regnr, year(now())-aasta as vanus, labisoit from autod) as tabel1 order by kmaastas;
select regnr, mark, mudel labisoit/vanus as kmaastas from (select regnr, year(now())-aasta as vanus, labisoit from autod) as tabel1 order by kmaastas;
select regnr AND mark AND mudel labisoit/vanus as kmaastas from (select regnr, year(now())-aasta as vanus, labisoit from autod) as tabel1 order by kmaastas;
select regnr, labisoit/vanus as kmaastas from (select regnr, mark, mudel year(now())-aasta as vanus, labisoit from autod) as tabel1 order by kmaastas;
select regnr, mark, mudel labisoit/vanus as kmaastas from (select regnr, mark, mudel year(now())-aasta as vanus, labisoit from autod) as tabel1 order by kmaastas;
select regnr, labisoit/vanus as kmaastas from (select regnr, year(now())-aasta as vanus, labisoit from autod) as tabel1;
select regnr, labisoit/vanus as kmaastas from (select regnr, year(now())-aasta as vanus, labisoit from autod) as tabel1;
select vanus, regnr, labisoit/vanus as kmaastas from (select regnr, year(now())-aasta as vanus, labisoit from autod) as tabel1;
select vanus, regnr, labisoit/vanus as kmaastas from (select regnr, year(now())-aasta as vanus, labisoit from autod) as tabel1 order by vanus;
select mark, mudel, vanus, regnr, labisoit/vanus as kmaastas from (select regnr, year(now())-aasta as vanus, labisoit from autod) as tabel1 order by vanus;
select vanus, regnr, labisoit/vanus as kmaastas from (select regnr, year(now())-aasta as vanus, labisoit from autod) as tabel1 order by vanus;
select mark, mudel, vanus, regnr, labisoit/vanus as kmaastas from (select regnr, mark, mudel, year(now())-aasta as vanus, labisoit from autod) as tabel1 order by vanus;
mysql> SELECT * from autod;
+--------+------------+---------+----------+-------+--------+--------+
| regnr  | mark       | mudel   | labisoit | aasta | kaugus | kiirus |
+--------+------------+---------+----------+-------+--------+--------+
| 123AVC | Mazda      | 3       |   200015 |  2005 |     20 |     20 |
| 987GGF | BMW        | M5      |    80010 |  2001 |   1010 |     10 |
| 456GWE | Lexus      | E500    |     1310 |  2003 |     10 |     10 |
| 321HYE | Honda      | Accord  |     5010 |  2004 |     10 |     10 |
| 852GRW | Audi       | A8      |     2010 |  2002 |     10 |     10 |
| 555GEA | Nissan     | GT-R    |    10000 |  2008 |      0 |     10 |
| 566GBA | Volkswagen | Passat  |    20000 |  2006 |      0 |     10 |
| 554GGA | Hyundai    | Random  |    30000 |  2009 |      0 |     10 |
| 585REA | Nissan     | Skyline |   109000 |  2005 |      0 |     10 |
| 185GLA | Toyota     | Corolla |   156000 |  2004 |      0 |     10 |
| 985YEA | Ford       | GT      |   104000 |  2008 |      0 |     10 |
| 255GEA | Renault    | Megane  |    50000 |  2000 |      0 |     10 |
| 519GAW | Audi       | A4      |    25000 |  2002 |      0 |     10 |
| 551GQP | Audi       | A8      |    36200 |  2003 |      0 |     10 |
| 551VFP | Audi       | A8      |   360200 |  1999 |      0 |     10 |
| 551RFP | Audi       | A8      |   610200 |  1998 |      0 |     10 |
+--------+------------+---------+----------+-------+--------+--------+
16 rows in set (0.00 sec)
mysql> explain autod;
+--------+------------+---------+----------+-------+--------+--------+ | regnr  | mark       | mudel   | labisoit | aasta | kaugus | kiirus | +--------+------------+---------+----------+-------+--------+--------+ | 123AVC | Mazda      | 3       |   200015 |  2005 |     20 |     20 | | 987GGF | BMW        | M5      |    80010 |  2001 |   1010 |     10 | | 456GWE | Lexus      | E500    |     1310 |  2003 |     10 |     10 | | 321HYE | Honda      | Accord  |     5010 |  2004 |     10 |     10 | | 852GRW | Audi       | A8      |     2010 |  2002 |     10 |     10 | | 555GEA | Nissan     | GT-R    |    10000 |  2008 |      0 |     10 | | 566GBA | Volkswagen | Passat  |    20000 |  2006 |      0 |     10 | | 554GGA | Hyundai    | Random  |    30000 |  2009 |      0 |     10 | | 585REA | Nissan     | Skyline |   109000 |  2005 |      0 |     10 | | 185GLA | Toyota     | Corolla |   156000 |  2004 |      0 |     10 | | 985YEA | Ford       | GT      |   104000 |  2008 |      0 |     10 | | 255GEA | Renault    | Megane  |    50000 |  2000 |      0 |     10 | | 519GAW | Audi       | A4      |    25000 |  2002 |      0 |     10 | | 551GQP | Audi       | A8      |    36200 |  2003 |      0 |     10 | | 551VFP | Audi       | A8      |   360200 |  1999 |      0 |     10 | | 551RFP | Audi       | A8      |   610200 |  1998 |      0 |     10 | +--------+------------+---------+----------+-------+--------+--------+ 16 rows in set (0.00 sec)  mysql> explain autod;
+----------+-------------+------+-----+---------+-------+
| Field    | Type        | Null | Key | Default | Extra |
+----------+-------------+------+-----+---------+-------+
| regnr    | char(6)     | NO   | PRI | NULL    |       |
| mark     | varchar(12) | YES  |     | NULL    |       |
| mudel    | varchar(12) | YES  |     | NULL    |       |
| labisoit | int(11)     | YES  |     | NULL    |       |
| aasta    | int(11)     | YES  |     | NULL    |       |
| kaugus   | int(11)     | YES  |     | 0       |       |
| kiirus   | int(11)     | YES  |     | 10      |       |
+----------+-------------+------+-----+---------+-------+
7 rows in set (0.01 sec)
mysql> select SUM(labisoit) from autod WHERE mark='Audi';
+----------+-------------+------+-----+---------+-------+ | Field    | Type        | Null | Key | Default | Extra | +----------+-------------+------+-----+---------+-------+ | regnr    | char(6)     | NO   | PRI | NULL    |       | | mark     | varchar(12) | YES  |     | NULL    |       | | mudel    | varchar(12) | YES  |     | NULL    |       | | labisoit | int(11)     | YES  |     | NULL    |       | | aasta    | int(11)     | YES  |     | NULL    |       | | kaugus   | int(11)     | YES  |     | 0       |       | | kiirus   | int(11)     | YES  |     | 10      |       | +----------+-------------+------+-----+---------+-------+ 7 rows in set (0.01 sec)  mysql> select SUM(labisoit) from autod WHERE mark='Audi';
+---------------+
| SUM(labisoit) |
+---------------+
|       1033610 |
+---------------+
1 row in set (0.00 sec)
mysql> select SUM(labisoit) from autod group by mark;
+---------------+ | SUM(labisoit) | +---------------+ |       1033610 | +---------------+ 1 row in set (0.00 sec)  mysql> select SUM(labisoit) from autod group by mark;
+---------------+
| SUM(labisoit) |
+---------------+
|       1033610 |
|         80010 |
|        104000 |
|          5010 |
|         30000 |
|          1310 |
|        200015 |
|        119000 |
|         50000 |
|        156000 |
|         20000 |
+---------------+
11 rows in set (0.00 sec)
mysql> select SUM(labisoit), mark from autod group by mark;
+---------------+ | SUM(labisoit) | +---------------+ |       1033610 | |         80010 | |        104000 | |          5010 | |         30000 | |          1310 | |        200015 | |        119000 | |         50000 | |        156000 | |         20000 | +---------------+ 11 rows in set (0.00 sec)  mysql> select SUM(labisoit), mark from autod group by mark;
+---------------+------------+
| SUM(labisoit) | mark       |
+---------------+------------+
|       1033610 | Audi       |
|         80010 | BMW        |
|        104000 | Ford       |
|          5010 | Honda      |
|         30000 | Hyundai    |
|          1310 | Lexus      |
|        200015 | Mazda      |
|        119000 | Nissan     |
|         50000 | Renault    |
|        156000 | Toyota     |
|         20000 | Volkswagen |
+---------------+------------+
11 rows in set (0.00 sec)
mysql> select SUM(labisoit), mark from autod group by labisoit;
+---------------+------------+ | SUM(labisoit) | mark       | +---------------+------------+ |       1033610 | Audi       | |         80010 | BMW        | |        104000 | Ford       | |          5010 | Honda      | |         30000 | Hyundai    | |          1310 | Lexus      | |        200015 | Mazda      | |        119000 | Nissan     | |         50000 | Renault    | |        156000 | Toyota     | |         20000 | Volkswagen | +---------------+------------+ 11 rows in set (0.00 sec)  mysql> select SUM(labisoit), mark from autod group by labisoit;
+---------------+------------+
| SUM(labisoit) | mark       |
+---------------+------------+
|          1310 | Lexus      |
|          2010 | Audi       |
|          5010 | Honda      |
|         10000 | Nissan     |
|         20000 | Volkswagen |
|         25000 | Audi       |
|         30000 | Hyundai    |
|         36200 | Audi       |
|         50000 | Renault    |
|         80010 | BMW        |
|        104000 | Ford       |
|        109000 | Nissan     |
|        156000 | Toyota     |
|        200015 | Mazda      |
|        360200 | Audi       |
|        610200 | Audi       |
+---------------+------------+
16 rows in set (0.00 sec)
mysql> select SUM(labisoit), mark, mudel from autod group by labisoit;
+---------------+------------+ | SUM(labisoit) | mark       | +---------------+------------+ |          1310 | Lexus      | |          2010 | Audi       | |          5010 | Honda      | |         10000 | Nissan     | |         20000 | Volkswagen | |         25000 | Audi       | |         30000 | Hyundai    | |         36200 | Audi       | |         50000 | Renault    | |         80010 | BMW        | |        104000 | Ford       | |        109000 | Nissan     | |        156000 | Toyota     | |        200015 | Mazda      | |        360200 | Audi       | |        610200 | Audi       | +---------------+------------+ 16 rows in set (0.00 sec)  mysql> select SUM(labisoit), mark, mudel from autod group by labisoit;
+---------------+------------+---------+
| SUM(labisoit) | mark       | mudel   |
+---------------+------------+---------+
|          1310 | Lexus      | E500    |
|          2010 | Audi       | A8      |
|          5010 | Honda      | Accord  |
|         10000 | Nissan     | GT-R    |
|         20000 | Volkswagen | Passat  |
|         25000 | Audi       | A4      |
|         30000 | Hyundai    | Random  |
|         36200 | Audi       | A8      |
|         50000 | Renault    | Megane  |
|         80010 | BMW        | M5      |
|        104000 | Ford       | GT      |
|        109000 | Nissan     | Skyline |
|        156000 | Toyota     | Corolla |
|        200015 | Mazda      | 3       |
|        360200 | Audi       | A8      |
|        610200 | Audi       | A8      |
+---------------+------------+---------+
16 rows in set (0.00 sec)
mysql> SELECT * FROM autod;
+---------------+------------+---------+ | SUM(labisoit) | mark       | mudel   | +---------------+------------+---------+ |          1310 | Lexus      | E500    | |          2010 | Audi       | A8      | |          5010 | Honda      | Accord  | |         10000 | Nissan     | GT-R    | |         20000 | Volkswagen | Passat  | |         25000 | Audi       | A4      | |         30000 | Hyundai    | Random  | |         36200 | Audi       | A8      | |         50000 | Renault    | Megane  | |         80010 | BMW        | M5      | |        104000 | Ford       | GT      | |        109000 | Nissan     | Skyline | |        156000 | Toyota     | Corolla | |        200015 | Mazda      | 3       | |        360200 | Audi       | A8      | |        610200 | Audi       | A8      | +---------------+------------+---------+ 16 rows in set (0.00 sec)  mysql> SELECT * FROM autod;
+--------+------------+---------+----------+-------+--------+--------+
| regnr  | mark       | mudel   | labisoit | aasta | kaugus | kiirus |
+--------+------------+---------+----------+-------+--------+--------+
| 123AVC | Mazda      | 3       |   200015 |  2005 |     20 |     20 |
| 987GGF | BMW        | M5      |    80010 |  2001 |   1010 |     10 |
| 456GWE | Lexus      | E500    |     1310 |  2003 |     10 |     10 |
| 321HYE | Honda      | Accord  |     5010 |  2004 |     10 |     10 |
| 852GRW | Audi       | A8      |     2010 |  2002 |     10 |     10 |
| 555GEA | Nissan     | GT-R    |    10000 |  2008 |      0 |     10 |
| 566GBA | Volkswagen | Passat  |    20000 |  2006 |      0 |     10 |
| 554GGA | Hyundai    | Random  |    30000 |  2009 |      0 |     10 |
| 585REA | Nissan     | Skyline |   109000 |  2005 |      0 |     10 |
| 185GLA | Toyota     | Corolla |   156000 |  2004 |      0 |     10 |
| 985YEA | Ford       | GT      |   104000 |  2008 |      0 |     10 |
| 255GEA | Renault    | Megane  |    50000 |  2000 |      0 |     10 |
| 519GAW | Audi       | A4      |    25000 |  2002 |      0 |     10 |
| 551GQP | Audi       | A8      |    36200 |  2003 |      0 |     10 |
| 551VFP | Audi       | A8      |   360200 |  1999 |      0 |     10 |
| 551RFP | Audi       | A8      |   610200 |  1998 |      0 |     10 |
+--------+------------+---------+----------+-------+--------+--------+
16 rows in set (0.00 sec)
mysql> select count(mudel) from autod group by mark;
+--------+------------+---------+----------+-------+--------+--------+ | regnr  | mark       | mudel   | labisoit | aasta | kaugus | kiirus | +--------+------------+---------+----------+-------+--------+--------+ | 123AVC | Mazda      | 3       |   200015 |  2005 |     20 |     20 | | 987GGF | BMW        | M5      |    80010 |  2001 |   1010 |     10 | | 456GWE | Lexus      | E500    |     1310 |  2003 |     10 |     10 | | 321HYE | Honda      | Accord  |     5010 |  2004 |     10 |     10 | | 852GRW | Audi       | A8      |     2010 |  2002 |     10 |     10 | | 555GEA | Nissan     | GT-R    |    10000 |  2008 |      0 |     10 | | 566GBA | Volkswagen | Passat  |    20000 |  2006 |      0 |     10 | | 554GGA | Hyundai    | Random  |    30000 |  2009 |      0 |     10 | | 585REA | Nissan     | Skyline |   109000 |  2005 |      0 |     10 | | 185GLA | Toyota     | Corolla |   156000 |  2004 |      0 |     10 | | 985YEA | Ford       | GT      |   104000 |  2008 |      0 |     10 | | 255GEA | Renault    | Megane  |    50000 |  2000 |      0 |     10 | | 519GAW | Audi       | A4      |    25000 |  2002 |      0 |     10 | | 551GQP | Audi       | A8      |    36200 |  2003 |      0 |     10 | | 551VFP | Audi       | A8      |   360200 |  1999 |      0 |     10 | | 551RFP | Audi       | A8      |   610200 |  1998 |      0 |     10 | +--------+------------+---------+----------+-------+--------+--------+ 16 rows in set (0.00 sec)  mysql> select count(mudel) from autod group by mark;
+--------------+
| count(mudel) |
+--------------+
|            5 |
|            1 |
|            2 |
|            1 |
+--------------+
11 rows in set (0.00 sec)
mysql> select count(mudel), mark  from autod group by mark;
+--------------+ | count(mudel) | +--------------+ |            5 | |            1 | |            1 | |            1 | |            1 | |            1 | |            1 | |            2 | |            1 | |            1 | |            1 | +--------------+ 11 rows in set (0.00 sec)  mysql> select count(mudel), mark  from autod group by mark;
+--------------+------------+
| count(mudel) | mark       |
+--------------+------------+
|            5 | Audi       |
|            1 | BMW        |
|            1 | Ford       |
|            1 | Honda      |
|            1 | Hyundai    |
|            1 | Lexus      |
|            1 | Mazda      |
|            2 | Nissan     |
|            1 | Renault    |
|            1 | Toyota     |
|            1 | Volkswagen |
+--------------+------------+
11 rows in set (0.00 sec)
mysql> select distinct(mudel) from autod group by mark;
+--------------+------------+ | count(mudel) | mark       | +--------------+------------+ |            5 | Audi       | |            1 | BMW        | |            1 | Ford       | |            1 | Honda      | |            1 | Hyundai    | |            1 | Lexus      | |            1 | Mazda      | |            2 | Nissan     | |            1 | Renault    | |            1 | Toyota     | |            1 | Volkswagen | +--------------+------------+ 11 rows in set (0.00 sec)  mysql> select distinct(mudel) from autod group by mark;
+---------+
| mudel   |
+---------+
| A8      |
| M5      |
| GT      |
| Accord  |
| Random  |
| E500    |
| 3       |
| GT-R    |
| Megane  |
| Corolla |
| Passat  |
+---------+
11 rows in set (0.00 sec)
mysql> select mark, distinct(mudel) from autod group by mark;
+---------+ | mudel   | +---------+ | A8      | | M5      | | GT      | | Accord  | | Random  | | E500    | | 3       | | GT-R    | | Megane  | | Corolla | | Passat  | +---------+ 11 rows in set (0.00 sec)  mysql> select mark, distinct(mudel) from autod group by mark;
ERROR 1064 (42000): You have an error in your SQL syntax; check the manual that corresponds to your MySQL server version for the right syntax to use near 'distinct(mudel) from autod group by mark' at line 1
mysql> select mark, count(distinct(mudel)) from autod group by mark;
check the manual that corresponds to your MySQL server version for the right syntax to use near 'distinct(mudel) from autod group by mark' at line 1 mysql> select mark, count(distinct(mudel)) from autod group by mark;
+------------+------------------------+
| mark       | count(distinct(mudel)) |
+------------+------------------------+
| Audi       |                      2 |
| BMW        |                      1 |
| Ford       |                      1 |
| Honda      |                      1 |
| Hyundai    |                      1 |
| Lexus      |                      1 |
| Mazda      |                      1 |
| Nissan     |                      2 |
| Renault    |                      1 |
| Toyota     |                      1 |
| Volkswagen |                      1 |
+------------+------------------------+
11 rows in set (0.00 sec)
mysql> select avg(labisoit) from autod;
+------------+------------------------+ | mark       | count(distinct(mudel)) | +------------+------------------------+ | Audi       |                      2 | | BMW        |                      1 | | Ford       |                      1 | | Honda      |                      1 | | Hyundai    |                      1 | | Lexus      |                      1 | | Mazda      |                      1 | | Nissan     |                      2 | | Renault    |                      1 | | Toyota     |                      1 | | Volkswagen |                      1 | +------------+------------------------+ 11 rows in set (0.00 sec)  mysql> select avg(labisoit) from autod;
+---------------+
| avg(labisoit) |
+---------------+
|   112434.6875 |
+---------------+
1 row in set (0.00 sec)
mysql> select * from autod where labisoit>=avg(labisoit);
+---------------+ | avg(labisoit) | +---------------+ |   112434.6875 | +---------------+ 1 row in set (0.00 sec)  mysql> select * from autod where labisoit>=avg(labisoit);
ERROR 1111 (HY000): Invalid use of group function
mysql> select * from autod where labisoit > (Select avg(labisoit) from autod);
ERROR 1111 (HY000): Invalid use of group function mysql> select * from autod where labisoit > (Select avg(labisoit) from autod);
+--------+--------+---------+----------+-------+--------+--------+
| regnr  | mark   | mudel   | labisoit | aasta | kaugus | kiirus |
+--------+--------+---------+----------+-------+--------+--------+
| 123AVC | Mazda  | 3       |   200015 |  2005 |     20 |     20 |
| 185GLA | Toyota | Corolla |   156000 |  2004 |      0 |     10 |
| 551VFP | Audi   | A8      |   360200 |  1999 |      0 |     10 |
| 551RFP | Audi   | A8      |   610200 |  1998 |      0 |     10 |
+--------+--------+---------+----------+-------+--------+--------+
4 rows in set (0.00 sec)
mysql> select * from autod where aasta = (select min(aasta) from autod);
+--------+--------+---------+----------+-------+--------+--------+ | regnr  | mark   | mudel   | labisoit | aasta | kaugus | kiirus | +--------+--------+---------+----------+-------+--------+--------+ | 123AVC | Mazda  | 3       |   200015 |  2005 |     20 |     20 | | 185GLA | Toyota | Corolla |   156000 |  2004 |      0 |     10 | | 551VFP | Audi   | A8      |   360200 |  1999 |      0 |     10 | | 551RFP | Audi   | A8      |   610200 |  1998 |      0 |     10 | +--------+--------+---------+----------+-------+--------+--------+ 4 rows in set (0.00 sec)  mysql> select * from autod where aasta = (select min(aasta) from autod);
+--------+------+-------+----------+-------+--------+--------+
| regnr  | mark | mudel | labisoit | aasta | kaugus | kiirus |
+--------+------+-------+----------+-------+--------+--------+
| 551RFP | Audi | A8    |   610200 |  1998 |      0 |     10 |
+--------+------+-------+----------+-------+--------+--------+
1 row in set (0.00 sec)
mysql> Select * from autod;
+--------+------+-------+----------+-------+--------+--------+ | regnr  | mark | mudel | labisoit | aasta | kaugus | kiirus | +--------+------+-------+----------+-------+--------+--------+ | 551RFP | Audi | A8    |   610200 |  1998 |      0 |     10 | +--------+------+-------+----------+-------+--------+--------+ 1 row in set (0.00 sec)  mysql> Select * from autod;
+--------+------------+---------+----------+-------+--------+--------+
| regnr  | mark       | mudel   | labisoit | aasta | kaugus | kiirus |
+--------+------------+---------+----------+-------+--------+--------+
| 123AVC | Mazda      | 3       |   200015 |  2005 |     20 |     20 |
| 987GGF | BMW        | M5      |    80010 |  2001 |   1010 |     10 |
| 456GWE | Lexus      | E500    |     1310 |  2003 |     10 |     10 |
| 321HYE | Honda      | Accord  |     5010 |  2004 |     10 |     10 |
| 852GRW | Audi       | A8      |     2010 |  2002 |     10 |     10 |
| 555GEA | Nissan     | GT-R    |    10000 |  2008 |      0 |     10 |
| 566GBA | Volkswagen | Passat  |    20000 |  2006 |      0 |     10 |
| 554GGA | Hyundai    | Random  |    30000 |  2009 |      0 |     10 |
| 585REA | Nissan     | Skyline |   109000 |  2005 |      0 |     10 |
| 185GLA | Toyota     | Corolla |   156000 |  2004 |      0 |     10 |
| 985YEA | Ford       | GT      |   104000 |  2008 |      0 |     10 |
| 255GEA | Renault    | Megane  |    50000 |  2000 |      0 |     10 |
| 519GAW | Audi       | A4      |    25000 |  2002 |      0 |     10 |
| 551GQP | Audi       | A8      |    36200 |  2003 |      0 |     10 |
| 551VFP | Audi       | A8      |   360200 |  1999 |      0 |     10 |
| 551RFP | Audi       | A8      |   610200 |  1998 |      0 |     10 |
+--------+------------+---------+----------+-------+--------+--------+
16 rows in set (0.00 sec)
mysql> select * from autod where aasta = (select
+--------+---------+--------+----------+-------+--------+--------+
| regnr  | mark    | mudel  | labisoit | aasta | kaugus | kiirus |
+--------+---------+--------+----------+-------+--------+--------+
| 554GGA | Hyundai | Random |    30000 |  2009 |      0 |     10 |
+--------+---------+--------+----------+-------+--------+--------+
1 row in set (0.00 sec)
mysql> select * from autod where aasta = (select avg(aasta) from autod);
+--------+------------+---------+----------+-------+--------+--------+ | regnr  | mark       | mudel   | labisoit | aasta | kaugus | kiirus | +--------+------------+---------+----------+-------+--------+--------+ | 123AVC | Mazda      | 3       |   200015 |  2005 |     20 |     20 | | 987GGF | BMW        | M5      |    80010 |  2001 |   1010 |     10 | | 456GWE | Lexus      | E500    |     1310 |  2003 |     10 |     10 | | 321HYE | Honda      | Accord  |     5010 |  2004 |     10 |     10 | | 852GRW | Audi       | A8      |     2010 |  2002 |     10 |     10 | | 555GEA | Nissan     | GT-R    |    10000 |  2008 |      0 |     10 | | 566GBA | Volkswagen | Passat  |    20000 |  2006 |      0 |     10 | | 554GGA | Hyundai    | Random  |    30000 |  2009 |      0 |     10 | | 585REA | Nissan     | Skyline |   109000 |  2005 |      0 |     10 | | 185GLA | Toyota     | Corolla |   156000 |  2004 |      0 |     10 | | 985YEA | Ford       | GT      |   104000 |  2008 |      0 |     10 | | 255GEA | Renault    | Megane  |    50000 |  2000 |      0 |     10 | | 519GAW | Audi       | A4      |    25000 |  2002 |      0 |     10 | | 551GQP | Audi       | A8      |    36200 |  2003 |      0 |     10 | | 551VFP | Audi       | A8      |   360200 |  1999 |      0 |     10 | | 551RFP | Audi       | A8      |   610200 |  1998 |      0 |     10 | +--------+------------+---------+----------+-------+--------+--------+ 16 rows in set (0.00 sec)  mysql> select * from autod where aasta = (select +--------+---------+--------+----------+-------+--------+--------+ | regnr  | mark    | mudel  | labisoit | aasta | kaugus | kiirus | +--------+---------+--------+----------+-------+--------+--------+ | 554GGA | Hyundai | Random |    30000 |  2009 |      0 |     10 | +--------+---------+--------+----------+-------+--------+--------+ 1 row in set (0.00 sec)  mysql> select * from autod where aasta = (select avg(aasta) from autod);
Empty set (0.00 sec)
mysql> select * from autod where aasta >= (select avg(aasta) from autod);
Empty set (0.00 sec)  mysql> select * from autod where aasta >= (select avg(aasta) from autod);
+--------+------------+---------+----------+-------+--------+--------+
| regnr  | mark       | mudel   | labisoit | aasta | kaugus | kiirus |
+--------+------------+---------+----------+-------+--------+--------+
| 123AVC | Mazda      | 3       |   200015 |  2005 |     20 |     20 |
| 321HYE | Honda      | Accord  |     5010 |  2004 |  
| 555GEA | Nissan     | GT-R    |    10000 |  2008 |      0 |     10 |
| 566GBA | Volkswagen | Passat  |    20000 |  2006 |      0 |     10 |
| 554GGA | Hyundai    | Random  |    30000 |  2009 |      0 |     10 |
| 585REA | Nissan     | Skyline |   109000 |  2005 |      0 |     10 |
| 185GLA | Toyota     | Corolla |   156000 |  2004 |      0 |     10 |
| 985YEA | Ford       | GT      |   104000 |  2008 |      0 |     10 |
+--------+--------
8 rows in set (0.00 sec)
mysql> select avg(aasta) from autod;
+--------+------------+---------+----------+-------+--------+--------+ | regnr  | mark       | mudel   | labisoit | aasta | kaugus | kiirus | +--------+------------+---------+----------+-------+--------+--------+ | 123AVC | Mazda      | 3       |   200015 |  2005 |     20 |     20 | | 321HYE | Honda      | Accord  |     5010 |  2004 |   | 555GEA | Nissan     | GT-R    |    10000 |  2008 |      0 |     10 | | 566GBA | Volkswagen | Passat  |    20000 |  2006 |      0 |     10 | | 554GGA | Hyundai    | Random  |    30000 |  2009 |      0 |     10 | | 585REA | Nissan     | Skyline |   109000 |  2005 |      0 |     10 | | 185GLA | Toyota     | Corolla |   156000 |  2004 |      0 |     10 | | 985YEA | Ford       | GT      |   104000 |  2008 |      0 |     10 | +--------+------ 8 rows in set (0.00 sec)  mysql> select avg(aasta) from autod;
+------------+
| avg(aasta) |
+------------+
|  2003.5625 |
+------------+
1 row in set (0.00 sec)
mysql> Insert into autod VALUES (515GWQ, 'Honda', 'Civic', '1997', '250000');
+------------+ | avg(aasta) | +------------+ |  2003.5625 | +------------+ 1 row in set (0.00 sec)  mysql> Insert into autod VALUES (515GWQ, 'Honda', 'Civic', '1997', '250000');
ERROR 1136 (21S01): Column count doesn't match value count at row 1
mysql> Insert into autod VALUES (515GWQ, 'Honda', 'Civic', '1997', '250000', '0', '10');
ERROR 1054 (42S22): Unknown column '515GWQ' in 'field list'
mysql> Insert into autod VALUES ('515GWQ', 'Honda', 'Civic', '1997', '250000', '0', '10');
Query OK, 1 row affected (0.00 sec)
mysql> SELECT * from autod;
+--------+------------+---------+----------+--------+--------+--------+
| regnr  | mark       | mudel   | labisoit | aasta  | kaugus | kiirus |
+--------+------------+---------+----------+--------+--------+--------+
| 123AVC | Mazda      | 3       |   200015 |   2005 |     20 |     20 |
| 987GGF | BMW        | M5      |    80010 |   2001 |   1010 |     10 |
| 456GWE | Lexus      | E500    |     1310 |   2003 |     10 |     10 |
| 321HYE | Honda      | Accord  |     5010 |   2004 |     10 |     10 |
| 852GRW | Audi       | A8      |     2010 |   2002 |     10 |     10 |
| 555GEA | Nissan     | GT-R    |    10000 |   2008 |      0 |     10 |
| 566GBA | Volkswagen | Passat  |    20000 |   2006 |      0 |     10 |
| 554GGA | Hyundai    | Random  |    30000 |   2009 |      0 |     10 |
| 585REA | Nissan     | Skyline |   109000 |   2005 |      0 |     10 |
| 185GLA | Toyota     | Corolla |   156000 |   2004 |      0 |     10 |
| 985YEA | Ford       | GT      |   104000 |   2008 |      0 |     10 |
| 255GEA | Renault    | Megane  |    50000 |   2000 |      0 |     10 |
| 519GAW | Audi       | A4      |    25000 |   2002 |      0 |     10 |
| 551GQP | Audi       | A8      |    36200 |   2003 |      0 |     10 |
| 551VFP | Audi       | A8      |   360200 |   1999 |      0 |     10 |
| 551RFP | Audi       | A8      |   610200 |   1998 |      0 |     10 |
| 515GWQ | Honda      | Civic   |     1997 | 250000 |      0 |     10 |
+--------+------------+---------+----------+--------+--------+--------+
17 rows in set (0.00 sec)
mysql> DROP row from autod where mudel='civic';
ERROR 1064 (42000): You have an error in your SQL syntax; check the manual that corresponds to your MySQL server version for the right syntax to use near 'row from autod where mudel='civic'' at line 1
mysql> UPDATE table SET labisoit='250000' autod where mudel='civic';
ERROR 1064 (42000): You have an error in your SQL syntax; check the manual that corresponds to your MySQL server version for the right syntax to use near 'table SET labisoit='250000' autod where mudel='civic'' at line 1
mysql> UPDATE autod SET aasta='1997',labisoit='250000' where mudel='civic';
Query OK, 1 row affected (0.00 sec)
Rows matched: 1  Changed: 1  Warnings: 0
mysql> select * from autod where mudel='civic';
+--------+-------+-------+----------+-------+--------+--------+
| regnr  | mark  | mudel |
+--------+-------+-------+----------+-------+--------+--------+
| 515GWQ | Honda | Civic |   250000 |  1997 |      0 |     10 |
+--------+-------+-------+----------+-------+--------+--------+
1 row in set (0.00 sec)
mysql> Select * from autod where mudel in (select distinct mudel from autod where aasta < 1990);
Empty set (0.
mysql> Select * from autod where mudel in (select distinct mudel from autod where aasta < 2000);
+--------+-------+-------+----------+-------+--------+--------+
| regnr  | mark  | mudel | labisoit | aasta | kaugus | kiirus |
+--------+-------+-------+----------+-------+--------+--------+
| 852GRW | Audi  | A8    |     2010 |  2002 |     10 |     10 |
| 551GQP | Audi  | A8    |    36200 |  2003 |      0 |     10 |
| 551VFP | Audi  | A8    |   360200 |  1999 |      0 |     10 |
| 551RFP | Audi  | A8    |   610200 |  1998 |      0 |     10 |
| 515GWQ | Honda | Civic |   250000 |  1997 |      0 |     10 |
+--------+-------+-------+----------+-------+--------+--------+
5 rows in set (0.00 sec)
mysql> select * from autod where mudel in ('a8', '2500');
+--------+------+-------+----------+-------+--------+--------+
| regnr  | mark | mudel | labisoit | aasta | kaugus | kiirus |
+------
| 852GRW | Audi | A8    |     2010 |  2002 |     10 |     10 |
| 551GQP | Audi | A8    |    36200 |  2003 |      0 |     10 |
| 551V
| 551RFP | Audi | A8    |   610200 |  1998 |      0 |     10 |
+--------+------+-------+----------+-------+--------+--------+
4 rows in set (0.00 sec)
mysql> select * from autod where mudel in ('a8', '1500');
+--------+------+-------+----------+-------+--------+--------+
| regnr  | mark | mudel | labisoit | aasta | kaugus | kiirus |
+--------+------+-------+----------+-------+--------+--------+
| 852GRW | Audi | A8    |     2010 |  2002 |     10 |     10 |
| 551GQP | Audi | A8    |    36200 |  2003 |      0 |     10 |
| 551VFP | Audi | A8    |   360200 |  1999 |      0 |     10 |
| 551RFP | Audi | A8    |   610200 |  1998 |      0 |     10 |
+--------+------+-------+----------+-------+--------+--------+
4 rows in set (0.00 sec)
mysql> select regnr, year(now())-aaasta as vanus from autod;
ERROR 1054 (42S22): Unknown column 'aaasta' in 'field list'
mysql> select regnr, year(now())-aasta as vanus from autod;
+--------+-------+
| regnr  | vanus |
+--------+-------+
| 123AVC |     9 |
| 987GGF |    13 |
| 456GWE |    11 |
| 321HYE |    10 |
| 852GRW |    12 |
| 555GEA |     6 |
| 566GBA |     8 |
| 554GGA |     5 |
| 585REA |     9 |
| 185GLA |    10 |
| 985YEA |     6 |
| 255GEA |    14 |
| 519GAW |    12 |
| 551GQP |    11 |
| 551VFP |    15 |
| 551RFP |    16 |
| 515GWQ |    17 |
+--------+-------+
17 rows in set (0.00 sec)
mysql> select distinct mudel from autod where aasta < 2005;
+---------+
| mudel   |
+---------+
| M5      |
| E500    |
| Accord  |
| A8      |
| Corolla |
| Megane  |
| A4      |
| Civic   |
+---------+
8 rows in set (0.00 sec)
mysql> select regnr, year(now())-aasta as vanus, labisoit from autod;
+--------+-------+----------+
| regnr  | vanus | labisoit |
+--------+-------+----------+
| 123AVC |     9 |   200015 |
| 987GGF |    13 |    80010 |
| 456GWE |    11 |     1310 |
| 321HYE |    10 |     5010 |
| 852GRW |    12 |     2010 |
| 555GEA |     6 |    10000 |
| 566GBA |     8 |    20000 |
| 554GGA |     5 |    30000 |
| 585REA |     9 |   109000 |
| 185GLA |    10 |   156000 |
| 985YEA |     6 |   104000 |
| 255GEA |    14 |    50000 |
| 519GAW |    12 |    25000 |
| 551GQP |    11 |    36200 |
| 551VFP |    15 |   360200 |
| 551RFP |    16 |   610200 |
| 515GWQ |    17 |   250000 |
+--------+-------+----------+
17 rows in set (0.00 sec)
mysql> select regnr, labisoit/vanus as kmaastas from (select regnr, year(now())-aasta as vanus, labisoit from autod) as tabel1;
+--------+------------+
| regnr  | kmaastas   |
+--------+------------+
| 123AVC | 22223.8889 |
| 987GGF |  6154.6154 |
| 456GWE |   119.0909 |
| 321HYE |   501.0000 |
| 852GRW |   167.5000 |
| 555GEA |  1666.6667 |
| 566GBA |  2500.0000 |
| 554GGA |  6000.0000 |
| 585REA | 12111.1111 |
| 185GLA | 15600.0000 |
| 985YEA | 17333.3333 |
| 255GEA |  3571.4286 |
| 519GAW |  2083.3333 |
| 551GQP |  3290.9091 |
| 551VFP | 24013.3333 |
| 551RFP | 38137.5000 |
| 515GWQ | 14705.8824 |
+--------+------------+
17 rows in set (0.00 sec)
mysql> select regnr, labisoit/vanus as kmaastas from (select regnr, year(now())-aasta as vanus, labisoit from autod) as tabel1 order by kmaastas;
+--------+------------+
| regnr  | kmaastas   |
+--------+------------+
| 456GWE |   119.0909 |
| 852GRW |   167.5000 |
| 321HYE |   501.0000 |
| 555GEA |  1666.6667 |
| 519GAW |  2083.3333 |
| 566GBA |  2500.0000 |
| 551GQP |  3290.9091 |
| 255GEA |  3571.4286 |
| 554GGA |  6000.0000 |
| 987GGF |  6154.6154 |
| 585REA | 12111.1111 |
| 515GWQ | 14705.8824 |
| 185GLA | 15600.0000 |
| 985YEA | 17333.3333 |
| 123AVC | 22223.8889 |
| 551VFP | 24013.3333 |
| 551RFP | 38137.5000 |
+--------+------------+
17 rows in set (0.00 sec)
mysql> select regnr, mark, mudel labisoit/vanus as kmaastas from (select regnr, year(now())-aasta as vanus, labisoit from autod) as tabel1 order by kmaastas;
ERROR 1064 (42000): You have an error in your SQL syntax; check the manual that corresponds to your MySQL server version for the right syntax to use near '/vanus as kmaastas from (select regnr, year(now())-aasta as vanus, labisoit from' at line 1
mysql> select regnr AND mark AND mudel labisoit/vanus as kmaastas from (select regnr, year(now())-aasta as vanus, labisoit from autod) as tabel1 order by kmaastas;
ERROR 1064 (42000): You have an error in your SQL syntax; check the manual that corresponds to your MySQL server version for the right syntax to use near '/vanus as kmaastas from (select regnr, year(now())-aasta as vanus, 
mysql> select regnr, labisoit/vanus as kmaastas from (select regnr, mark, mudel year(now())-aasta as vanus, labisoit from autod) as tabel1 order by kmaastas;
ERROR 1136 (21S01): Column count doesn't match value count at row 1
mysql> Insert into autod VALUES (515GWQ, 'Honda', 'Civic', '1997', '250000', '0', '10');
ERROR 1054 (42S22): Unknown column '515GWQ' in 'field list'
mysql> Insert into autod VALUES ('515GWQ', 'Honda', 'Civic', '1997', '250000', '0', '10');
Query OK, 1 row affected (0.00 sec)
mysql> SELECT * from autod;
+--------+------------+---------+----------+--------+--------+--------+
| regnr  | mark       | mudel   | labisoit | aasta  | kaugus | kiirus |
+--------+------------+---------+----------+--------+--------+--------+
| 123AVC | Mazda      | 3       |   200015 |   2005 |     20 |     20 |
| 987GGF | BMW        | M5      |    80010 |   2001 |   1010 |     10 |
| 456GWE | Lexus      | E500    |     1310 |   2003 |     10 |     10 |
| 321HYE | Honda      | Accord  |     5010 |   2004 |     10 |     10 |
| 852GRW | Audi       | A8      |     2010 |   2002 |     10 |     10 |
| 555GEA | Nissan     | GT-R    |    10000 |   2008 |      0 |     10 |
| 566GBA | Volkswagen | Passat  |    20000 |   2006 |      0 |     10 |
| 554GGA | Hyundai    | Random  |    30000 |   2009 |      0 |     10 |
| 585REA | Nissan     | Skyline |   109000 |   2005 |      0 |     10 |
| 185GLA | Toyota     | Corolla |   156000 |   2004 |      0 |     10 |
| 985YEA | Ford       | GT      |   104000 |   2008 |      0 |     10 |
| 255GEA | Renault    | Megane  |    50000 |   2000 |      0 |     10 |
| 519GAW | Audi       | A4      |    25000 |   2002 |      0 |     10 |
| 551GQP | Audi       | A8      |    36200 |   2003 |      0 |     10 |
| 551VFP | Audi       | A8      |   360200 |   1999 |      0 |     10 |
| 551RFP | Audi       | A8      |   610200 |   1998 |      0 |     10 |
| 515GWQ | Honda      | Civic   |     1997 | 250000 |      0 |     10 |
+--------+------------+---------+----------+--------+--------+--------+
17 rows in set (0.00 sec)
mysql> DROP row from autod where mudel='civic';
ERROR 1064 (42000): You have an error in your SQL syntax; check the manual that corresponds to your MySQL server version for the right syntax to use near 'row from autod where mudel='civic'' at line 1
mysql> UPDATE table SET labisoit='250000' autod where mudel='civic';
ERROR 1064 (42000): You have an error in your SQL syntax; check the manual that corresponds to your MySQL server version for the right syntax to use near 'table SET labisoit='250000' autod where mudel='civic'' at line 1
mysql> UPDATE autod SET aasta='1997',labisoit='250000' where mudel='civic';
Query OK, 1 row affected (0.00 sec)
Rows matched: 1  Changed: 1  Warnings: 0
mysql> select * from autod where mudel='civic';
+--------+-------+-------+----------+-------+--------+--------+
| regnr  | mark  | mudel |
+--------+-------+-------+----------+-------+--------+--------+
| 515GWQ | Honda | Civic |   250000 |  1997 |      0 |     10 |
+--------+-------+-------+----------+-------+--------+--------+
1 row in set (0.00 sec)
mysql> Select * from autod where mudel in (select distinct mudel from autod where aasta < 1990);
Empty set (0.
mysql> Select * from autod where mudel in (select distinct mudel from autod where aasta < 2000);
+--------+-------+-------+----------+-------+--------+--------+
| regnr  | mark  | mudel | labisoit | aasta | kaugus | kiirus |
+--------+-------+-------+----------+-------+--------+--------+
| 852GRW | Audi  | A8    |     2010 |  2002 |     10 |     10 |
| 551GQP | Audi  | A8    |    36200 |  2003 |      0 |     10 |
| 551VFP | Audi  | A8    |   360200 |  1999 |      0 |     10 |
| 551RFP | Audi  | A8    |   610200 |  1998 |      0 |     10 |
| 515GWQ | Honda | Civic |   250000 |  1997 |      0 |     10 |
+--------+-------+-------+----------+-------+--------+--------+
5 rows in set (0.00 sec)
mysql> select * from autod where mudel in ('a8', '2500');
+--------+------+-------+----------+-------+--------+--------+
| regnr  | mark | mudel | labisoit | aasta | kaugus | kiirus |
+------
| 852GRW | Audi | A8    |     2010 |  2002 |     10 |     10 |
| 551GQP | Audi | A8    |    36200 |  2003 |      0 |     10 |
| 551V
| 551RFP | Audi | A8    |   610200 |  1998 |      0 |     10 |
+--------+------+-------+----------+-------+--------+--------+
4 rows in set (0.00 sec)
mysql> select * from autod where mudel in ('a8', '1500');
+--------+------+-------+----------+-------+--------+--------+
| regnr  | mark | mudel | labisoit | aasta | kaugus | kiirus |
+--------+------+-------+----------+-------+--------+--------+
| 852GRW | Audi | A8    |     2010 |  2002 |     10 |     10 |
| 551GQP | Audi | A8    |    36200 |  2003 |      0 |     10 |
| 551VFP | Audi | A8    |   360200 |  1999 |      0 |     10 |
| 551RFP | Audi | A8    |   610200 |  1998 |      0 |     10 |
+--------+------+-------+----------+-------+--------+--------+
4 rows in set (0.00 sec)
mysql> select regnr, year(now())-aaasta as vanus from autod;
ERROR 1054 (42S22): Unknown column 'aaasta' in 'field list'
mysql> select regnr, year(now())-aasta as vanus from autod;
+--------+-------+
| regnr  | vanus |
+--------+-------+
| 123AVC |     9 |
| 987GGF |    13 |
| 456GWE |    11 |
| 321HYE |    10 |
| 852GRW |    12 |
| 555GEA |     6 |
| 566GBA |     8 |
| 554GGA |     5 |
| 585REA |     9 |
| 185GLA |    10 |
| 985YEA |     6 |
| 255GEA |    14 |
| 519GAW |    12 |
| 551GQP |    11 |
| 551VFP |    15 |
| 551RFP |    16 |
| 515GWQ |    17 |
+--------+-------+
17 rows in set (0.00 sec)
mysql> select distinct mudel from autod where aasta < 2005;
+---------+
| mudel   |
+---------+
| M5      |
| E500    |
| Accord  |
| A8      |
| Corolla |
| Megane  |
| A4      |
| Civic   |
+---------+
8 rows in set (0.00 sec)
mysql> select regnr, year(now())-aasta as vanus, labisoit from autod;
+--------+-------+----------+
| regnr  | vanus | labisoit |
+--------+-------+----------+
| 123AVC |     9 |   200015 |
| 987GGF |    13 |    80010 |
| 456GWE |    11 |     1310 |
| 321HYE |    10 |     5010 |
| 852GRW |    12 |     2010 |
| 555GEA |     6 |    10000 |
| 566GBA |     8 |    20000 |
| 554GGA |     5 |    30000 |
| 585REA |     9 |   109000 |
| 185GLA |    10 |   156000 |
| 985YEA |     6 |   104000 |
| 255GEA |    14 |    50000 |
| 519GAW |    12 |    25000 |
| 551GQP |    11 |    36200 |
| 551VFP |    15 |   360200 |
| 551RFP |    16 |   610200 |
| 515GWQ |    17 |   250000 |
+--------+-------+----------+
17 rows in set (0.00 sec)
mysql> select regnr, labisoit/vanus as kmaastas from (select regnr, year(now())-aasta as vanus, labisoit from autod) as tabel1;
+--------+------------+
| regnr  | kmaastas   |
+--------+------------+
| 123AVC | 22223.8889 |
| 987GGF |  6154.6154 |
| 456GWE |   119.0909 |
| 321HYE |   501.0000 |
| 852GRW |   167.5000 |
| 555GEA |  1666.6667 |
| 566GBA |  2500.0000 |
| 554GGA |  6000.0000 |
| 585REA | 12111.1111 |
| 185GLA | 15600.0000 |
| 985YEA | 17333.3333 |
| 255GEA |  3571.4286 |
| 519GAW |  2083.3333 |
| 551GQP |  3290.9091 |
| 551VFP | 24013.3333 |
| 551RFP | 38137.5000 |
| 515GWQ | 14705.8824 |
+--------+------------+
17 rows in set (0.00 sec)
mysql> select regnr, labisoit/vanus as kmaastas from (select regnr, year(now())-aasta as vanus, labisoit from autod) as tabel1 order by kmaastas;
+--------+------------+
| regnr  | kmaastas   |
+--------+------------+
| 456GWE |   119.0909 |
| 852GRW |   167.5000 |
| 321HYE |   501.0000 |
| 555GEA |  1666.6667 |
| 519GAW |  2083.3333 |
| 566GBA |  2500.0000 |
| 551GQP |  3290.9091 |
| 255GEA |  3571.4286 |
| 554GGA |  6000.0000 |
| 987GGF |  6154.6154 |
| 585REA | 12111.1111 |
| 515GWQ | 14705.8824 |
| 185GLA | 15600.0000 |
| 985YEA | 17333.3333 |
| 123AVC | 22223.8889 |
| 551VFP | 24013.3333 |
| 551RFP | 38137.5000 |
+--------+------------+
17 rows in set (0.00 sec)
mysql> select regnr, mark, mudel labisoit/vanus as kmaastas from (select regnr, year(now())-aasta as vanus, labisoit from autod) as tabel1 order by kmaastas;
ERROR 1064 (42000): You have an error in your SQL syntax; check the manual that corresponds to your MySQL server version for the right syntax to use near '/vanus as kmaastas from (select regnr, year(now())-aasta as vanus, labisoit from' at line 1
mysql> select regnr AND mark AND mudel labisoit/vanus as kmaastas from (select regnr, year(now())-aasta as vanus, labisoit from autod) as tabel1 order by kmaastas;
ERROR 1064 (42000): You have an error in your SQL syntax; check the manual that corresponds to your MySQL server version for the right syntax to use near '/vanus as kmaastas from (select regnr, year(now())-aasta as vanus,  mysql> select regnr, labisoit/vanus as kmaastas from (select regnr, mark, mudel year(now())-aasta as vanus, labisoit from autod) as tabel1 order by kmaastas;
ERROR 1064 (42000): You have an error in your SQL syntax; check the manual that corresponds to your MySQL server version for the right syntax to use near '(now())-aasta as vanus, labisoit from autod) as tabel1 order by kmaastas' at line 1
mysql> select regnr, mark, mudel labisoit/vanus as kmaastas from (select regnr, mark, mudel year(now())-aasta as vanus, labisoi
ERROR 1064 (42000): You have an error in your SQL syntax; check the manual that corresponds to your MySQL server version for the right syntax to use near '/vanus as kmaastas from (select regnr, mark, mudel year(now())-aasta as vanus, l' at line 1
check the manual that corresponds to your MySQL server version for the right syntax to use near '(now())-aasta as vanus, labisoit from autod) as tabel1 order by kmaastas' at line 1 mysql> select regnr, mark, mudel labisoit/vanus as kmaastas from (select regnr, mark, mudel year(now())-aasta as vanus, labisoi ERROR 1064 (42000): You have an error in your SQL syntax;
mysql> select regnr, labisoit/vanus as kmaastas from (selec
+--------+------------+
| regnr  | kmaastas   |
+--------+------------+
| 123AVC | 22223.8889 |
| 987GGF |  6154.6154 |
| 456GWE |   119.0909 |
| 321HYE |   501.0000 |
| 852GRW |   167.5000 |
| 555GEA |  1666.6667 |
| 566GBA |  2500.0000 |
| 554GGA |  6000.0000 |
| 585REA | 12111.1111 |
| 185GLA | 15600.0000 |
| 985YEA | 17333.3333 |
| 255GEA |  3571.4286 |
| 519GAW |  2083.3333 
| 551GQP |  3290.9091 |
| 551VFP | 24013.3333 |
| 551RFP | 38137.5000 |
| 515GWQ | 14705.8824 |
+--------+------------+
17 rows in set (0.00 sec)
mysql> select regnr, vanus labisoit/vanus as kmaastas from (select regnr, year(now())-aasta as vanus, labisoit from autod) as tabel1;
check the manual that corresponds to your MySQL server version for the right syntax to use near '/vanus as kmaastas from (select regnr, mark, mudel year(now())-aasta as vanus, l' at line 1 mysql> select regnr, labisoit/vanus as kmaastas from (selec +--------+------------+ | regnr  | kmaastas   | +--------+------------+ | 123AVC | 22223.8889 | | 987GGF |  6154.6154 | | 456GWE |   119.0909 | | 321HYE |   501.0000 | | 852GRW |   167.5000 | | 555GEA |  1666.6667 | | 566GBA |  2500.0000 | | 554GGA |  6000.0000 | | 585REA | 12111.1111 | | 185GLA | 15600.0000 | | 985YEA | 17333.3333 | | 255GEA |  3571.4286 | | 519GAW |  2083.3333  | 551GQP |  3290.9091 | | 551VFP | 24013.3333 | | 551RFP | 38137.5000 | | 515GWQ | 14705.8824 | +--------+------------+ 17 rows in set (0.00 sec)  mysql> select regnr, vanus labisoit/vanus as kmaastas from (select regnr, year(now())-aasta as vanus, labisoit from autod) as tabel1;
ERROR 1064 (42000): You have an error in your SQL syntax; check the manual that corresponds to your MySQL server version for the right syntax to use near '/vanus as kmaastas from (select regnr, year(now())-aasta as vanus, labisoit from' at line 1
mysql> select regnr, labisoit/vanus as kmaastas from (select regnr, year(now())-aasta as vanus, labisoit from autod) as tabel1;
check the manual that corresponds to your MySQL server version for the right syntax to use near '/vanus as kmaastas from (select regnr, year(now())-aasta as vanus, labisoit from' at line 1 mysql> select regnr, labisoit/vanus as kmaastas from (select regnr, year(now())-aasta as vanus, labisoit from autod) as tabel1;
+--------+------------+
| regnr  | kmaastas   |
+--------+------------+
| 123AVC | 22223.8889 |
| 987GGF |  6154.6154 |
| 456GWE |   119.0909 |
| 321HYE |   501.0000 |
| 852GRW |   167.5000 |
| 555GEA |  1666.6667 |
| 566GBA |  2500.0000 |
| 554GGA |  6000.0000 |
| 585REA | 12111.1111 |
| 185GLA | 15600.0000 |
| 985YEA | 17333.3333 |
| 255GEA |  3571.4286 |
| 519GAW |  2083.3333 |
| 551GQP |  3290.9091 |
| 551VFP | 24013.3333 |
| 551RFP | 38137.5000 |
| 515GWQ | 14705.8824 |
+--------+------------+
17 rows in set (0.01 sec)
mysql> select vanus, regnr, labisoit/vanus as kmaastas from (select regnr, year(now())-aasta as vanus, labisoit from autod) as tabel1;
+--------+------------+ | regnr  | kmaastas   | +--------+------------+ | 123AVC | 22223.8889 | | 987GGF |  6154.6154 | | 456GWE |   119.0909 | | 321HYE |   501.0000 | | 852GRW |   167.5000 | | 555GEA |  1666.6667 | | 566GBA |  2500.0000 | | 554GGA |  6000.0000 | | 585REA | 12111.1111 | | 185GLA | 15600.0000 | | 985YEA | 17333.3333 | | 255GEA |  3571.4286 | | 519GAW |  2083.3333 | | 551GQP |  3290.9091 | | 551VFP | 24013.3333 | | 551RFP | 38137.5000 | | 515GWQ | 14705.8824 | +--------+------------+ 17 rows in set (0.01 sec)  mysql> select vanus, regnr, labisoit/vanus as kmaastas from (select regnr, year(now())-aasta as vanus, labisoit from autod) as tabel1;
+-------+--------+------------+
| vanus | regnr  | kmaastas   |
+-------+--------+------------+
|     9 | 123AVC | 22223.8889 |
|    13 | 987GGF |  6154.6154 |
|    11 | 456GWE |   119.0909 |
|    10 | 321HYE |   501.0000 |
|    12 | 852GRW |   167.5000 |
|     6 | 555GEA |  1666.6667 |
|     8 | 566GBA |  2500.0000 |
|     5 | 554GGA |  6000.0000 |
|     9 | 585REA | 12111.1111 |
|    10 | 185GLA | 15600.0000 |
|     6 | 985YEA | 17333.3333 |
|    14 | 255GEA |  3571.4286 |
|    12 | 519GAW | 
|    11 | 551GQP |  3290.9091 |
|    15 | 551VFP | 24013.3333 |
|    16 | 551RFP | 38137.5000 |
|    17 | 515GWQ | 14705.8824 |
+-------+--------+------------+
17 rows in set (0.00 sec)
mysql> select vanus, regnr, labisoit/vanus as kmaastas from (select regnr, year(now())-aasta as vanus, labisoit from autod) as tabel1 order by vanus;
+-------+--------+------------+ | vanus | regnr  | kmaastas   | +-------+--------+------------+ |     9 | 123AVC | 22223.8889 | |    13 | 987GGF |  6154.6154 | |    11 | 456GWE |   119.0909 | |    10 | 321HYE |   501.0000 | |    12 | 852GRW |   167.5000 | |     6 | 555GEA |  1666.6667 | |     8 | 566GBA |  2500.0000 | |     5 | 554GGA |  6000.0000 | |     9 | 585REA | 12111.1111 | |    10 | 185GLA | 15600.0000 | |     6 | 985YEA | 17333.3333 | |    14 | 255GEA |  3571.4286 | |    12 | 519GAW |  |    11 | 551GQP |  3290.9091 | |    15 | 551VFP | 24013.3333 | |    16 | 551RFP | 38137.5000 | |    17 | 515GWQ | 14705.8824 | +-------+--------+------------+ 17 rows in set (0.00 sec)  mysql> select vanus, regnr, labisoit/vanus as kmaastas from (select regnr, year(now())-aasta as vanus, labisoit from autod) as tabel1 order by vanus;
+-------+--------+------------+
| vanus | regnr  | kmaastas   |
+-------+--------+------------+
|     5 | 554GGA |  6000.0000 |
|     6 | 985YEA | 17333.3333 |
|     6 | 555GEA |  1666.6667 |
|     8 | 566GBA |  2500.0000 |
|     9 | 585REA | 12111.1111 |
|     9 | 123AVC | 22223.8889 |
|    10 | 185GLA | 15600.0000 |
|    10 | 321HYE |   501.0000 |
|    11 | 456GWE |   119.0909 |
|    11 | 551GQP |  3290.9091 |
|    12 | 519GAW |  2083.3333 |
|    12 | 852GRW |   167.5000 |
|    13 | 987GGF |  6154.6154 |
|    14 | 255GEA |  3571.4286 |
|    15 | 551VFP | 24013.3333 |
|    16 | 551RFP | 38137.5000 |
|    17 | 515GWQ | 14705.8824 |
+-------+--------+------------+
17 rows in set (0.00 sec)
mysql> select mark, mudel, vanus, regnr, labisoit/vanus as kmaastas from (select regnr, year(now())-aasta as vanus, labisoit from autod) as tabel1 order by vanus;
+-------+--------+------------+ | vanus | regnr  | kmaastas   | +-------+--------+------------+ |     5 | 554GGA |  6000.0000 | |     6 | 985YEA | 17333.3333 | |     6 | 555GEA |  1666.6667 | |     8 | 566GBA |  2500.0000 | |     9 | 585REA | 12111.1111 | |     9 | 123AVC | 22223.8889 | |    10 | 185GLA | 15600.0000 | |    10 | 321HYE |   501.0000 | |    11 | 456GWE |   119.0909 | |    11 | 551GQP |  3290.9091 | |    12 | 519GAW |  2083.3333 | |    12 | 852GRW |   167.5000 | |    13 | 987GGF |  6154.6154 | |    14 | 255GEA |  3571.4286 | |    15 | 551VFP | 24013.3333 | |    16 | 551RFP | 38137.5000 | |    17 | 515GWQ | 14705.8824 | +-------+--------+------------+ 17 rows in set (0.00 sec)  mysql> select mark, mudel, vanus, regnr, labisoit/vanus as kmaastas from (select regnr, year(now())-aasta as vanus, labisoit from autod) as tabel1 order by vanus;
ERROR 1054 (42S22): Unknown column 'mark' in 'field list'
mysql> select vanus, regnr, labisoit/vanus as kmaastas from (select regnr, year(now())-aasta as vanus, labisoit from autod) as tabel1 order by vanus;
ERROR 1054 (42S22): Unknown column 'mark' in 'field list' mysql> select vanus, regnr, labisoit/vanus as kmaastas from (select regnr, year(now())-aasta as vanus, labisoit from autod) as tabel1 order by vanus;
+-------+--------+------------+
| vanus | regnr  | kmaastas   |
+-------+--------+------------+
|     5 | 554GGA |  6000.0000 |
|     6 | 985YEA | 17333.3333 |
|     6 | 555GEA |  1666.6667 |
|     8 | 566GBA |  2500.0000 |
|     9 | 585REA | 12111.1111 |
|     9 | 123AVC | 22223.8889 |
|    10 | 185GLA | 15600.0000 |
|    10 | 321HYE |   501.0000 |
|    11 | 456GWE |   119.0909 |
|    11 | 551GQP |  3290.9091 |
|    12 | 519GAW |  2083.3333 |
|    12 | 852GRW |   167.5000 |
|    13 | 987GGF |  6154.6154 |
|    14 | 255GEA |  3571.4286 |
|    15 | 551VFP | 24013.3333 |
|    16 | 551RFP | 38137.5000 |
|    17 | 515GWQ | 14705.8824 |
+-------+--------+------------+
17 rows in set (0.00 sec)
mysql> select mark, mudel, vanus, regnr, labisoit/vanus as kmaastas from (select regnr, mark, mudel, year(now())-aasta as vanus, labisoit from autod) as tabel1 order by vanus;
+-------+--------+------------+ | vanus | regnr  | kmaastas   | +-------+--------+------------+ |     5 | 554GGA |  6000.0000 | |     6 | 985YEA | 17333.3333 | |     6 | 555GEA |  1666.6667 | |     8 | 566GBA |  2500.0000 | |     9 | 585REA | 12111.1111 | |     9 | 123AVC | 22223.8889 | |    10 | 185GLA | 15600.0000 | |    10 | 321HYE |   501.0000 | |    11 | 456GWE |   119.0909 | |    11 | 551GQP |  3290.9091 | |    12 | 519GAW |  2083.3333 | |    12 | 852GRW |   167.5000 | |    13 | 987GGF |  6154.6154 | |    14 | 255GEA |  3571.4286 | |    15 | 551VFP | 24013.3333 | |    16 | 551RFP | 38137.5000 | |    17 | 515GWQ | 14705.8824 | +-------+--------+------------+ 17 rows in set (0.00 sec)  mysql> select mark, mudel, vanus, regnr, labisoit/vanus as kmaastas from (select regnr, mark, mudel, year(now())-aasta as vanus, labisoit from autod) as tabel1 order by vanus;
+------------+---------+-------+--------+------------+
| mark  
+------------+---------+-------+--------+------------+
| Hyundai    | Random  |     5 | 554GGA |  6000.0000 |
| Ford       | GT      |     6 | 985YEA | 17333.3333 |
| Nissan     | GT-R    |     6 | 555GEA |  1666.6667 |
| Volkswagen | Passat  |     8 | 566GBA |  2500.0000 |
| Mazda      | 3       |     9 | 123AVC | 22223.8889 |
| Nissan     | Skyline |     9 | 585REA | 12111.1111 |
| Honda      | Accord  |    10 | 321HYE |   501.0000 |
| Toyota     | Corolla |    10 | 185GLA | 15600.0000 |
| Lexus      | E500    |    11 | 456GWE |   119.0909 |
| Audi       | A8      |    11 | 551GQP |  3290.9091 |
| Audi       | A8      |    12 | 852GRW |   167.5000 |
| Audi       | A4      |    12 | 519GAW |  2083.3333 |
| BMW        | M5      |    13 | 987GGF |  6154.6154 |
| Renault    | Megane  |    14 | 255GEA |  3571.4286 |
| Audi       | A8      |    15 | 551VFP | 24013.3333 |
| Audi       | A8      |    16 | 551RFP | 38137.5000 |
| Honda      | Civic   |    17 | 515GWQ | 14705.8824 |
+------------+---------+-------+--------+------------+
17 rows in set (0.00 sec)
;
+------------+---------+-------+--------+------------+ | mark   +------------+---------+-------+--------+------------+ | Hyundai    | Random  |     5 | 554GGA |  6000.0000 | | Ford       | GT      |     6 | 985YEA | 17333.3333 | | Nissan     | GT-R    |     6 | 555GEA |  1666.6667 | | Volkswagen | Passat  |     8 | 566GBA |  2500.0000 | | Mazda      | 3       |     9 | 123AVC | 22223.8889 | | Nissan     | Skyline |     9 | 585REA | 12111.1111 | | Honda      | Accord  |    10 | 321HYE |   501.0000 | | Toyota     | Corolla |    10 | 185GLA | 15600.0000 | | Lexus      | E500    |    11 | 456GWE |   119.0909 | | Audi       | A8      |    11 | 551GQP |  3290.9091 | | Audi       | A8      |    12 | 852GRW |   167.5000 | | Audi       | A4      |    12 | 519GAW |  2083.3333 | | BMW        | M5      |    13 | 987GGF |  6154.6154 | | Renault    | Megane  |    14 | 255GEA |  3571.4286 | | Audi       | A8      |    15 | 551VFP | 24013.3333 | | Audi       | A8      |    16 | 551RFP | 38137.5000 | | Honda      | Civic   |    17 | 515GWQ | 14705.8824 | +------------+---------+-------+--------+------------+ 17 rows in set (0.00 sec);
UPDATE autod SET labisoit = '62000' WHERE regnr='123AVC';
select * from autod;
Select avg(labisoit) from autod where mark='Audi';
mysql> Select avg(labisoit) from autod where mark='Audi';
+---------------+
| avg(labisoit) |
+---------------+
|   206722.0000 |
+---------------+
1 row in set (0.00 sec)
;
+---------------+ | avg(labisoit) | +---------------+ |   206722.0000 | +---------------+ 1 row in set (0.00 sec);
Select avg(labisoit) from autod where mark='Audi';Select avg(labisoit) from autod where mark='Audi';
select labisoit, mark from autod where labisoit > (select avg(labisoit) from autod where mark='Audi');
select labisoit, mark from autod where mark='Audi', labisoit > (select avg(labisoit) from autod where mark='Audi');
select labisoit, mark from autod as tabel1 where(tabel1.labisoit > (select avg(labisoit) from autod as tabel2 where tabel1.mark=tabel2.mark));
select * from autod;
mysql> select labisoit, mark from autod as tabel1 where(tabel1.labisoit > (select avg(labisoit) from autod as tabel2 where tabel1.mark=tabel2.mark));
select mudel, aasta from autod;
select * from autod;
Select mark, mudel, aasta from autod;
select mudel, aasta, (select min(aasta) from autod as tabel2 where tabel1.mudel = tabel2.mudel) from autod as tabel1;
select mudel, aasta, (select min(aasta) from autod as tabel2 where tabel1.mudel = tabel2.mudel) as vanim from autod as tabel1;
select mudel, aasta, (select min(aasta) from autod as tabel2 where tabel1.mudel = tabel2.mudel) as vanim from autod as tabel1 group by mudel;
select mark, mudel, aasta, (select min(aasta) from autod as tabel2 where tabel1.mudel = tabel2.mudel) as vanim from autod as tabel1 group by mudel;
INSERT INTO linnad VALUES('Tallinn', '1', 'Eesti', 'Euroopa', '432447');
INSERT INTO linnad VALUES('Riia', '1', 'Läti', 'Euroopa', '643368');
INSERT INTO linnad VALUES('Helsingi', '1', 'Soome', 'Euroopa', '614074');
INSERT INTO linnad VALUES('Pariis', '1', 'Prantsusmaa', 'Euroopa', '2249975');
INSERT INTO linnad VALUES('Oslo', '1', 'Norra', 'Euroopa', '634463');
INSERT INTO linnad VALUES('Stockholm', '1', 'Rootsi', 'Euroopa', '905184');
INSERT INTO linnad VALUES('Berliin', '1', 'Saksamaa', 'Euroopa', '3517424');
INSERT INTO linnad VALUES('Lissabon', '1', 'Portugal', 'Euroopa', '547631');
INSERT INTO linnad VALUES('Sydney', '0', 'Austraalia', 'Austraalia', '4757083');
INSERT INTO linnad VALUES('New York', '0', 'USA', 'Põhja-Ameerika', '8405837');
INSERT INTO linnad VALUES('Washington, D.C', '1', 'USA', 'Põhja-Ameerika', '646449');
INSERT INTO linnad VALUES('Vilnius', '1', 'Leedu', 'Euroopa', '539939');
INSERT INTO linnad VALUES('Hong Kong', '0', 'Hiina', 'Aasia', '7219700');
INSERT INTO linnad VALUES('Peking', '1', 'Hiina', 'Aasia', '21150000');
INSERT INTO linnad VALUES('London', '1', 'Inglismaa', 'Euroopa', '8416535');
INSERT INTO linnad VALUES('Madrid', '1', 'Hispaania', 'Euroopa', '3207247');
INSERT INTO linnad VALUES('Shangai', '0', 'Hiina', 'Aasia', '24150000');
INSERT INTO linnad VALUES('Tartu', '0', 'Eesti', 'Euroopa', '98449');
INSERT INTO linnad VALUES('Mumbai', '1', 'India', 'Aasia', '12478447');
INSERT INTO linnad VALUES('Moskva', '1', 'Venemaa', 'Aasia', '12111194');
INSERT INTO linnad VALUES('Kairo', '1', 'Egiptus', 'Aafrika', '11922949');
INSERT INTO linnad VALUES('Tokyo', '1', 'Jaapan', 'Aasia', '13294000');
INSERT INTO linnad VALUES('Los Angeles', '0', 'USA', 'Põhja-Ameerika', '3884307');
INSERT INTO linnad VALUES('Chicago', '0', 'USA', 'Põhja-Ameerika', '2695598');
CREATE TABLE linnad(
id INT NOT NULL PRIMARY KEY,
nimi VARCHAR(50),
pealinn INT DEFAULT 0,
    riik VARCHAR(50),
    kontinent VARCHAR(50),
    elanikearv INT
);
CREATE TABLE linnad( id INT NOT NULL PRIMARY KEY, nimi VARCHAR(50), pealinn INT DEFAULT 0,     riik VARCHAR(50),     kontinent VARCHAR(50),     elanikearv INT );
INSERT INTO linnad VALUES('Tallinn', '1', 'Eesti', 'Euroopa', '432447');
INSERT INTO linnad VALUES('Riia', '1', 'Läti', 'Euroopa', '643368');
INSERT INTO linnad VALUES('Helsingi', '1', 'Soome', 'Euroopa', '614074');
INSERT INTO linnad VALUES('Pariis', '1', 'Prantsusmaa', 'Euroopa', '2249975');
INSERT INTO linnad VALUES('Oslo', '1', 'Norra', 'Euroopa', '634463');
INSERT INTO linnad VALUES('Stockholm', '1', 'Rootsi', 'Euroopa', '905184');
INSERT INTO linnad VALUES('Berliin', '1', 'Saksamaa', 'Euroopa', '3517424');
INSERT INTO linnad VALUES('Lissabon', '1', 'Portugal', 'Euroopa', '547631');
INSERT INTO linnad VALUES('Sydney', '0', 'Austraalia', 'Austraalia', '4757083');
INSERT INTO linnad VALUES('New York', '0', 'USA', 'Põhja-Ameerika', '8405837');
INSERT INTO linnad VALUES('Washington, D.C', '1', 'USA', 'Põhja-Ameerika', '646449');
INSERT INTO linnad VALUES('Vilnius', '1', 'Leedu', 'Euroopa', '539939');
INSERT INTO linnad VALUES('Hong Kong', '0', 'Hiina', 'Aasia', '7219700');
INSERT INTO linnad VALUES('Peking', '1', 'Hiina', 'Aasia', '21150000');
INSERT INTO linnad VALUES('London', '1', 'Inglismaa', 'Euroopa', '8416535');
INSERT INTO linnad VALUES('Madrid', '1', 'Hispaania', 'Euroopa', '3207247');
INSERT INTO linnad VALUES('Shangai', '0', 'Hiina', 'Aasia', '24150000');
INSERT INTO linnad VALUES('Tartu', '0', 'Eesti', 'Euroopa', '98449');
INSERT INTO linnad VALUES('Mumbai', '1', 'India', 'Aasia', '12478447');
INSERT INTO linnad VALUES('Moskva', '1', 'Venemaa', 'Aasia', '12111194');
INSERT INTO linnad VALUES('Kairo', '1', 'Egiptus', 'Aafrika', '11922949');
INSERT INTO linnad VALUES('Tokyo', '1', 'Jaapan', 'Aasia', '13294000');
INSERT INTO linnad VALUES('Los Angeles', '0', 'USA', 'Põhja-Ameerika', '3884307');
INSERT INTO linnad VALUES('Chicago', '0', 'USA', 'Põhja-Ameerika', '2695598');
INSERT INTO linnad VALUES('Tallinn', '1', 'Eesti', 'Euroopa', '432447');
drop table linnad;
CREATE TABLE linnad(
id INT NOT NULL AUTO_INCREMENT PRIMARY KEY,
nimi VARCHAR(50),
pealinn INT DEFAULT 0,
    riik VARCHAR(50),
    kontinent VARCHAR(50),
    elanikearv INT
);
CREATE TABLE linnad( id INT NOT NULL AUTO_INCREMENT PRIMARY KEY, nimi VARCHAR(50), pealinn INT DEFAULT 0,     riik VARCHAR(50),     kontinent VARCHAR(50),     elanikearv INT );
INSERT INTO linnad VALUES('Tallinn', '1', 'Eesti', 'Euroopa', '432447');
INSERT INTO linnad VALUES('Riia', '1', 'Läti', 'Euroopa', '643368');
INSERT INTO linnad VALUES('Helsingi', '1', 'Soome', 'Euroopa', '614074');
INSERT INTO linnad VALUES('Pariis', '1', 'Prantsusmaa', 'Euroopa', '2249975');
INSERT INTO linnad VALUES('Oslo', '1', 'Norra', 'Euroopa', '634463');
INSERT INTO linnad VALUES('Stockholm', '1', 'Rootsi', 'Euroopa', '905184');
INSERT INTO linnad VALUES('Berliin', '1', 'Saksamaa', 'Euroopa', '3517424');
INSERT INTO linnad VALUES('Lissabon', '1', 'Portugal', 'Euroopa', '547631');
INSERT INTO linnad VALUES('Sydney', '0', 'Austraalia', 'Austraalia', '4757083');
INSERT INTO linnad VALUES('New York', '0', 'USA', 'Põhja-Ameerika', '8405837');
INSERT INTO linnad VALUES('Washington, D.C', '1', 'USA', 'Põhja-Ameerika', '646449');
INSERT INTO linnad VALUES('Vilnius', '1', 'Leedu', 'Euroopa', '539939');
INSERT INTO linnad VALUES('Hong Kong', '0', 'Hiina', 'Aasia', '7219700');
INSERT INTO linnad VALUES('Peking', '1', 'Hiina', 'Aasia', '21150000');
INSERT INTO linnad VALUES('London', '1', 'Inglismaa', 'Euroopa', '8416535');
INSERT INTO linnad VALUES('Madrid', '1', 'Hispaania', 'Euroopa', '3207247');
INSERT INTO linnad VALUES('Shangai', '0', 'Hiina', 'Aasia', '24150000');
INSERT INTO linnad VALUES('Tartu', '0', 'Eesti', 'Euroopa', '98449');
INSERT INTO linnad VALUES('Mumbai', '1', 'India', 'Aasia', '12478447');
INSERT INTO linnad VALUES('Moskva', '1', 'Venemaa', 'Aasia', '12111194');
INSERT INTO linnad VALUES('Kairo', '1', 'Egiptus', 'Aafrika', '11922949');
INSERT INTO linnad VALUES('Tokyo', '1', 'Jaapan', 'Aasia', '13294000');
INSERT INTO linnad VALUES('Los Angeles', '0', 'USA', 'Põhja-Ameerika', '3884307');
INSERT INTO linnad VALUES('Chicago', '0', 'USA', 'Põhja-Ameerika', '2695598');
INSERT INTO linnad(nimi, pealinn, riik, kontinent, elanikearv) VALUES('Tallinn', '1', 'Eesti', 'Euroopa', '432447');
SELECT * FROM linnad;
INSERT INTO linnad(nimi, pealinn, riik, kontinent, elanikearv) VALUES('Riia', '1', 'Läti', 'Euroopa', '643368');
INSERT INTO linnad(nimi, pealinn, riik, kontinent, elanikearv) VALUES('Helsingi', '1', 'Soome', 'Euroopa', '614074');
INSERT INTO linnad(nimi, pealinn, riik, kontinent, elanikearv) VALUES('Pariis', '1', 'Prantsusmaa', 'Euroopa', '2249975');
INSERT INTO linnad(nimi, pealinn, riik, kontinent, elanikearv) VALUES('Oslo', '1', 'Norra', 'Euroopa', '634463');
INSERT INTO linnad(nimi, pealinn, riik, kontinent, elanikearv) VALUES('Stockholm', '1', 'Rootsi', 'Euroopa', '905184');
INSERT INTO linnad(nimi, pealinn, riik, kontinent, elanikearv) VALUES('Berliin', '1', 'Saksamaa', 'Euroopa', '3517424');
INSERT INTO linnad(nimi, pealinn, riik, kontinent, elanikearv) VALUES('Lissabon', '1', 'Portugal', 'Euroopa', '547631');
INSERT INTO linnad(nimi, pealinn, riik, kontinent, elanikearv) VALUES('Sydney', '0', 'Austraalia', 'Austraalia', '4757083');
INSERT INTO linnad(nimi, pealinn, riik, kontinent, elanikearv) VALUES('New York', '0', 'USA', 'Põhja-Ameerika', '8405837');
INSERT INTO linnad(nimi, pealinn, riik, kontinent, elanikearv) VALUES('Washington, D.C', '1', 'USA', 'Põhja-Ameerika', '646449');
INSERT INTO linnad(nimi, pealinn, riik, kontinent, elanikearv) VALUES('Vilnius', '1', 'Leedu', 'Euroopa', '539939');
INSERT INTO linnad(nimi, pealinn, riik, kontinent, elanikearv) VALUES('Hong Kong', '0', 'Hiina', 'Aasia', '7219700');
INSERT INTO linnad(nimi, pealinn, riik, kontinent, elanikearv) VALUES('Peking', '1', 'Hiina', 'Aasia', '21150000');
INSERT INTO linnad(nimi, pealinn, riik, kontinent, elanikearv) VALUES('London', '1', 'Inglismaa', 'Euroopa', '8416535');
INSERT INTO linnad(nimi, pealinn, riik, kontinent, elanikearv) VALUES('Madrid', '1', 'Hispaania', 'Euroopa', '3207247');
INSERT INTO linnad(nimi, pealinn, riik, kontinent, elanikearv) VALUES('Shangai', '0', 'Hiina', 'Aasia', '24150000');
INSERT INTO linnad(nimi, pealinn, riik, kontinent, elanikearv) VALUES('Tartu', '0', 'Eesti', 'Euroopa', '98449');
INSERT INTO linnad(nimi, pealinn, riik, kontinent, elanikearv) VALUES('Mumbai', '1', 'India', 'Aasia', '12478447');
INSERT INTO linnad(nimi, pealinn, riik, kontinent, elanikearv) VALUES('Moskva', '1', 'Venemaa', 'Aasia', '12111194');
INSERT INTO linnad(nimi, pealinn, riik, kontinent, elanikearv) VALUES('Kairo', '1', 'Egiptus', 'Aafrika', '11922949');
INSERT INTO linnad(nimi, pealinn, riik, kontinent, elanikearv) VALUES('Tokyo', '1', 'Jaapan', 'Aasia', '13294000');
INSERT INTO linnad(nimi, pealinn, riik, kontinent, elanikearv) VALUES('Los Angeles', '0', 'USA', 'Põhja-Ameerika', '3884307');
INSERT INTO linnad(nimi, pealinn, riik, kontinent, elanikearv) VALUES('Chicago', '0', 'USA', 'Põhja-Ameerika', '2695598');
SELECT * FROM linnad;
SELECT SUM(elanikearv) from linnad;
COUNT (*) WHERE pealinn = 1;
COUNT (*) WHERE pealinn ='1';
COUNT WHERE pealinn ='1';
SELECT COUNT(*) FROM linnad;
SELECT DISTINCT riik FROM linnad;
SELECT DISTINCT id, riik FROM linnad;
SELECT DISTINCT kontinent FROM linnad;
select count(nimi) from linnad;
select count(riik) from linnad;
select count(distinct riik) from linnad;
select count(distinct nimi) from linnad;
select count(distinct kontinent) from linnad;
select * from linnad;
select * from linnad group by elanikearv;
drop table linnad;
DROP TABLE IF EXISTS koolid;
CREATE TABLE koolid(
   koolinimi VARCHAR(50),
   vald VARCHAR(50),
   maakond VARCHAR(50),
   opilasi INT
);
CREATE TABLE koolid(    koolinimi VARCHAR(50),    vald VARCHAR(50),    maakond VARCHAR(50),    opilasi INT );
INSERT INTO koolid VALUES('Viimsi Keskkool','Viimsi vald','Harju maakond', 1599);
INSERT INTO koolid VALUES('Tartu Kivilinna G?mnaasium','Tartu linn','Tartu maakond', 1439);
INSERT INTO koolid VALUES('Tallinna 21. Kool','Tallinn linn','Harju maakond', 1167);
INSERT INTO koolid VALUES('Keila Kool','Keila linn','Harju maakond', 1133);
INSERT INTO koolid VALUES('Tallinna Linnam?e Vene L?tseum','Tallinn linn','Harju maakond', 1035);
INSERT INTO koolid VALUES('Tartu Tamme G?mnaasium','Tartu linn','Tartu maakond', 1025);
INSERT INTO koolid VALUES('Gustav Adolfi G?mnaasium','Tallinn linn','Harju maakond', 1017);
INSERT INTO koolid VALUES('P?rnu Koidula G?mnaasium','P?rnu linn','P?rnu maakond', 972);
INSERT INTO koolid VALUES('Tallinna Reaalkool','Tallinn linn','Harju maakond', 963);
INSERT INTO koolid VALUES('Narva Humanitaarg?mnaasium','Narva linn','Ida-Viru maakond', 926);
INSERT INTO koolid VALUES('Vanalinna Hariduskolleegium','Tallinn linn','Harju maakond', 917);
INSERT INTO koolid VALUES('Tallinna Humanitaarg?mnaasium','Tallinn linn','Harju maakond', 906);
INSERT INTO koolid VALUES('J?ri G?mnaasium','Rae vald','Harju maakond', 905);
INSERT INTO koolid VALUES('Tabasalu ?hisg?mnaasium','Harku vald','Harju maakond', 903);
INSERT INTO koolid VALUES('Tallinna L??nemere G?mnaasium','Tallinn linn','Harju maakond', 893);
INSERT INTO koolid VALUES('Tallinna Saksa G?mnaasium','Tallinn linn','Harju maakond', 892);
INSERT INTO koolid VALUES('Kadrioru Saksa G?mnaasium','Tallinn linn','Harju maakond', 890);
INSERT INTO koolid VALUES('Kuressaare G?mnaasium','Kuressaare linn','Saare maakond', 886);
INSERT INTO koolid VALUES('Tallinna ?ism?e Vene L?tseum','Tallinn linn','Harju maakond', 885);
INSERT INTO koolid VALUES('Narva P?hklim?e G?mnaasium','Narva linn','Ida-Viru maakond', 873);
INSERT INTO koolid VALUES('Rakvere Reaalg?mnaasium','Rakvere linn','L??ne-Viru maakond', 871);
INSERT INTO koolid VALUES('Saku G?mnaasium','Saku vald','Harju maakond', 870);
INSERT INTO koolid VALUES('Pelgulinna G?mnaasium','Tallinn linn','Harju maakond', 861);
INSERT INTO koolid VALUES('Tallinna Lillek?la G?mnaasium','Tallinn linn','Harju maakond', 858);
INSERT INTO koolid VALUES('Valga P?hikool','Valga linn','Valga maakond', 850);
INSERT INTO koolid VALUES('V?ru Kreutzwaldi G?mnaasium','V?ru linn','V?ru maakond', 845);
INSERT INTO koolid VALUES('Tallinna 32. Keskkool','Tallinn linn','Harju maakond', 842);
INSERT INTO koolid VALUES('Narva Soldino G?mnaasium','Narva linn','Ida-Viru maakond', 833);
INSERT INTO koolid VALUES('Lasnam?e G?mnaasium','Tallinn linn','Harju maakond', 831);
INSERT INTO koolid VALUES('Jakob Westholmi G?mnaasium','Tallinn linn','Harju maakond', 825);
INSERT INTO koolid VALUES('Tallinna ?ism?e G?mnaasium','Tallinn linn','Harju maakond', 825);
INSERT INTO koolid VALUES('Tartu Kommertsg?mnaasium','Tartu linn','Tartu maakond', 822);
INSERT INTO koolid VALUES('Narva Kesklinna G?mnaasium','Narva linn','Ida-Viru maakond', 821);
INSERT INTO koolid VALUES('Saue G?mnaasium','Saue linn','Harju maakond', 812);
INSERT INTO koolid VALUES('Tartu Annelinna G?mnaasium','Tartu linn','Tartu maakond', 812);
INSERT INTO koolid VALUES('Lasnam?e Vene G?mnaasium','Tallinn linn','Harju maakond', 810);
INSERT INTO koolid VALUES('P?rnu ?lej?e G?mnaasium','P?rnu linn','P?rnu maakond', 786);
INSERT INTO koolid VALUES('Miina H?rma G?mnaasium','Tartu linn','Tartu maakond', 784);
INSERT INTO koolid VALUES('Tallinna Arte G?mnaasium','Tallinn linn','Harju maakond', 781);
INSERT INTO koolid VALUES('Pirita Majandusg?mnaasium','Tallinn linn','Harju maakond', 778);
INSERT INTO koolid VALUES('Tallinna Mustam?e Humanitaarg?mnaasium','Tallinn linn','Harju maakond', 776);
INSERT INTO koolid VALUES('Tartu Mart Reiniku Kool','Tartu linn','Tartu maakond', 776);
INSERT INTO koolid VALUES('Tallinna Pae G?mnaasium','Tallinn linn','Harju maakond', 764);
INSERT INTO koolid VALUES('P?rnu ?hisg?mnaasium','P?rnu linn','P?rnu maakond', 760);
INSERT INTO koolid VALUES('Elva G?mnaasium','Elva linn','Tartu maakond', 752);
INSERT INTO koolid VALUES('Tallinna ?hisg?mnaasium','Tallinn linn','Harju maakond', 743);
INSERT INTO koolid VALUES('Tallinna 53. Keskkool','Tallinn linn','Harju maakond', 738);
INSERT INTO koolid VALUES('Rocca al Mare Kool','Tallinn linn','Harju maakond', 730);
INSERT INTO koolid VALUES('Viljandi Jakobsoni Kool','Viljandi linn','Viljandi maakond', 727);
INSERT INTO koolid VALUES('Kohila G?mnaasium','Kohila vald','Rapla maakond', 725);
INSERT INTO koolid VALUES('Rakvere G?mnaasium','Rakvere linn','L??ne-Viru maakond', 722);
INSERT INTO koolid VALUES('Tallinna Tehnikag?mnaasium','Tallinn linn','Harju maakond', 721);
INSERT INTO koolid VALUES('P?lva ?hisg?mnaasium','P?lva linn','P?lva maakond', 716);
INSERT INTO koolid VALUES('Tartu Karlova G?mnaasium','Tartu linn','Tartu maakond', 716);
INSERT INTO koolid VALUES('Narva Kreenholmi G?mnaasium','Narva linn','Ida-Viru maakond', 712);
INSERT INTO koolid VALUES('Tallinna Prantsuse L?tseum','Tal
INSERT INTO koolid VALUES('?lenurme G?mnaasium','?lenurme vald','Tartu maakond', 697);
INSERT
INSERT INTO koolid VALUES('P?ltsamaa ?hisg?mnaasium','P?ltsamaa linn','J?geva maakond', 686);
I
INSERT INTO koolid VALUES('Saaremaa ?hisg?mnaasium','Kuressaare linn','Saare 
INSERT INTO koolid VALUES('Tartu Descartesi L?tseum','Tartu linn','Tartu maakond', 674)
INSERT INTO koolid VALUES('J?hvi Vene G?mnaasium','J?hvi vald','Ida-Viru maakond', 668);
INSERT INTO koolid VALUES('Tallinna Prantsuse L?tseum','Tal
INSERT INTO koolid VALUES('?lenurme G?mnaasium','?lenurme vald','Tartu maakond', 697);
INSERT
INSERT INTO koolid VALUES('P?ltsamaa ?hisg?mnaasium','P?ltsamaa linn','J?geva maakond', 686);
I
INSERT INTO koolid VALUES('Saaremaa ?hisg?mnaasium','Kuressaare linn','Saare  INSERT INTO koolid VALUES('Tartu Descartesi L?tseum','Tartu linn','Tartu maakond', 674) INSERT INTO koolid VALUES('J?hvi Vene G?mnaasium','J?hvi vald','Ida-Viru maakond', 668);
INSERT
INSERT INTO koolid VALUES('Viljandi Kesklinna Kool','Viljandi linn','Viljandi maakond', 667
INSERT INTO koolid VALUES('Maardu G?mnaasium','Maardu linn','Harju maakond', 665);
INSERT INSERT INTO koolid VALUES('Viljandi Kesklinna Kool','Viljandi linn','Viljandi maakond', 667 INSERT INTO koolid VALUES('Maardu G?mnaasium','Maardu linn','Harju maakond', 665);
INSERT I
INSERT INTO koolid VALUES('Tallinna Kristiine G?mnaasium','Tallinn linn','Harju maakond', 
INSERT INTO koolid VALUES('Kohtla-J?rve Ahtme G?mnaasium','Kohtla-J?rve linn','Ida-Viru maakon
INSERT INTO koolid VALUES('Tallinna Kesklinna Vene G?mnaasium','Tallinn linn','Harju maakond'
INSERT INTO koolid VALUES('Ehte Humanitaarg?mnaasium','Tallinn linn','Harju maakond', 645);
IN
INSERT INTO koolid VALUES('J?hvi G?mnaasium','J?hvi vald','Ida-Viru maakond', 
INSERT INTO koolid VALUES('Tallinna Mustam?e Reaalg?mnaasium','Tallinn linn','Harju maa
INSERT INTO koolid VALUES('Tallinna Laagna G?mnaasium','Tallinn linn','Harju maakond', 628);
INSERT I INSERT INTO koolid VALUES('Tallinna Kristiine G?mnaasium','Tallinn linn','Harju maakond',  INSERT INTO koolid VALUES('Kohtla-J?rve Ahtme G?mnaasium','Kohtla-J?rve linn','Ida-Viru maakon
INSERT INTO koolid VALUES('Tallinna Kesklinna Vene G?mnaasium','Tallinn linn','Harju maakond'
INSERT INTO koolid VALUES('Ehte Humanitaarg?mnaasium','Tallinn linn','Harju maakond', 645);
IN
INSERT INTO koolid VALUES('J?hvi G?mnaasium','J?hvi vald','Ida-Viru maakond', 
INSERT INTO koolid VALUES('Tallinna Mustam?e Reaalg?mnaasium','Tallinn linn','Harju maa INSERT INTO koolid VALUES('Tallinna Laagna G?mnaasium','Tallinn linn','Harju maakond', 628);
IN
INSERT INTO koolid VALUES('Laagri Kool','Saue vald','Harju maakond', 616);
IN INSERT INTO koolid VALUES('Laagri Kool','Saue vald','Harju maakond', 616);
INS
INSERT INTO koolid VALUES('Tallinna Mustj?e G?mnaasium','Tallinn linn','Harju maakond', 6
INSERT INTO koolid VALUES('Tallinna J?rveotsa G?mnaasium','Tallinn linn','Harju maakond
INSERT INTO koolid VALUES('Tallinna Mustam?e G?mnaasium','Tallinn linn','Harju maakond', 58
INSERT INTO koolid VALUES('Tartu Kunstig?mnaasium','Tartu linn','Tartu maakond', 589)
INSERT INTO koolid VALUES('Rapla Vesiroosi G?mnaasium','Rapla vald','Rapla maakond', 581);
I
INSERT INTO koolid VALUES('T?ri P?hikool','T?ri vald','J?rva maakond', 569);
INSERT INTO koo
INSERT INTO koolid VALUES('Paide G?mnaasium','Paide linn','J?rva maakond', 562);
INSERT 
INSERT INTO koolid VALUES('J?geva G?mnaasium','J?geva linn','J?geva maakond', 559);
INSERT IN
INSERT INTO koolid VALUES('Kohtla-J?rve Tammiku G?mnaasium','Kohtla-J?rve linn
INSERT INTO koolid VALUES('Paide ?hisg?mnaasium','Paide linn','J?rva maakond', 549);
INS INSERT INTO koolid VALUES('Tallinna Mustj?e G?mnaasium','Tallinn linn','Harju maakond', 6 INSERT INTO koolid VALUES('Tallinna J?rveotsa G?mnaasium','Tallinn linn','Harju maakond
INSERT INTO koolid VALUES('Tallinna Mustam?e G?mnaasium','Tallinn linn','Harju maakond', 58
INSERT INTO koolid VALUES('Tartu Kunstig?mnaasium','Tartu linn','Tartu maakond', 589)
INSERT INTO koolid VALUES('Rapla Vesiroosi G?mnaasium','Rapla vald','Rapla maakond', 581);
I
INSERT INTO koolid VALUES('T?ri P?hikool','T?ri vald','J?rva maakond', 569);
INSERT INTO koo
INSERT INTO koolid VALUES('Paide G?mnaasium','Paide linn','J?rva maakond', 562);
INSERT 
INSERT INTO koolid VALUES('J?geva G?mnaasium','J?geva linn','J?geva maakond', 559);
INSERT IN
INSERT INTO koolid VALUES('Kohtla-J?rve Tammiku G?mnaasium','Kohtla-J?rve linn INSERT INTO koolid VALUES('Paide ?hisg?mnaasium','Paide linn','J?rva maakond', 549);
INSER
INSERT INTO koolid VALUES('P?rnu Vene G?mnaasium','P?rnu linn','P?rnu maakond', 546);
INSER INSERT INTO koolid VALUES('P?rnu Vene G?mnaasium','P?rnu linn','P?rnu maakond', 546);
INSE
INSERT INTO koolid VALUES('Rapla ?hisg?mnaasium','Rapla vald','Rapla maakond', 541);
INSE INSERT INTO koolid VALUES('Rapla ?hisg?mnaasium','Rapla vald','Rapla maakond', 541);
IN
INSERT INTO koolid VALUES('Kohtla-J?rve Slaavi P?hikool','Kohtla-J?rve linn','Ida-Viru
INSERT INTO koolid VALUES('Haabersti Vene G?mnaasium','Tallinn linn','Harju maakond', 524)
INSERT INTO koolid VALUES('Tallinna N?mme P?hikool','Tallinn linn','Harju maakond', 522);
I
INSERT INTO koolid VALUES('Kohtla-J?rve Kesklinna G?mnaasium','Kohtla-J?rve linn','Ida-Viru maakond', 50
INSERT INTO koolid VALUES('Narva 6. Kool','Narva linn','Ida-Viru maakond', 502);
INSERT
INSERT INTO koolid VALUES('Tartu Raatuse G?mnaasium','Tartu linn','Tartu maakond', 500);
INSERT INTO koolid VALUES('Tallinna Kunstig?mnaasium','Tallinn linn','Harju maakond',
INSERT INTO koolid VALUES('Sillam?e Vanalinna Kool','Sillam?e linn','Ida-Viru 
INSERT INTO koolid VALUES('P?rnu Kuninga T?nava P?hikool','P?rnu linn','P?rnu maakond', 4
INSERT INTO koolid VALUES('P?rnu Vanalinna P?hikool','P?rnu linn','P?rnu maakond', 476)
INSERT INTO koolid VALUES('Kohtla-J?rve ?hisg?mnaasium','Kohtla-J?rve linn','Ida-Vir
INSERT INTO koolid VALUES('Viljandi G?mnaasium','Viljandi linn','Viljandi maakond', 465);
INS
INSERT INTO koolid VALUES('R?pina ?hisg?mnaasium','R?pina vald','P?lva maakond', 4
INSERT INTO koolid VALUES('Viljandi Paalalinna Kool','Viljandi linn','Viljandi maakond', 
INSERT INTO koolid VALUES('L?hte ?hisg?mnaasium','Tartu vald','Tartu maakond', 446);
INSERT 
INSERT INTO koolid VALUES('Narva Vanalinna Riigikool','Narva linn','Ida-Viru maakond
INSERT INTO koolid VALUES('Tartu Veeriku Kool','Tartu linn','Tartu maakond', 438);
IN INSERT INTO koolid VALUES('Kohtla-J?rve Slaavi P?hikool','Kohtla-J?rve linn','Ida-Viru
INSERT INTO koolid VALUES('Haabersti Vene G?mnaasium','Tallinn linn','Harju maakond', 524)
INSERT INTO koolid VALUES('Tallinna N?mme P?hikool','Tallinn linn','Harju maakond', 522);
I
INSERT INTO koolid VALUES('Kohtla-J?rve Kesklinna G?mnaasium','Kohtla-J?rve linn','Ida-Viru maakond', 50
INSERT INTO koolid VALUES('Narva 6. Kool','Narva linn','Ida-Viru maakond', 502);
INSERT
INSERT INTO koolid VALUES('Tartu Raatuse G?mnaasium','Tartu linn','Tartu maakond', 500);
INSERT INTO koolid VALUES('Tallinna Kunstig?mnaasium','Tallinn linn','Harju maakond',
INSERT INTO koolid VALUES('Sillam?e Vanalinna Kool','Sillam?e linn','Ida-Viru  INSERT INTO koolid VALUES('P?rnu Kuninga T?nava P?hikool','P?rnu linn','P?rnu maakond', 4 INSERT INTO koolid VALUES('P?rnu Vanalinna P?hikool','P?rnu linn','P?rnu maakond', 476) INSERT INTO koolid VALUES('Kohtla-J?rve ?hisg?mnaasium','Kohtla-J?rve linn','Ida-Vir
INSERT INTO koolid VALUES('Viljandi G?mnaasium','Viljandi linn','Viljandi maakond', 465);
INS
INSERT INTO koolid VALUES('R?pina ?hisg?mnaasium','R?pina vald','P?lva maakond', 4
INSERT INTO koolid VALUES('Viljandi Paalalinna Kool','Viljandi linn','Viljandi maakond', 
INSERT INTO koolid VALUES('L?hte ?hisg?mnaasium','Tartu vald','Tartu maakond', 446);
INSERT 
INSERT INTO koolid VALUES('Narva Vanalinna Riigikool','Narva linn','Ida-Viru maakond INSERT INTO koolid VALUES('Tartu Veeriku Kool','Tartu linn','Tartu maakond', 438);
INSER
INSERT INTO koolid VALUES('Paikuse P?hikool','Paikuse vald','P?rnu maakond', 431);
INSER INSERT INTO koolid VALUES('Paikuse P?hikool','Paikuse vald','P?rnu maakond', 431);
INSERT INTO
INSERT INTO koolid VALUES('V?ru Kesklinna G?mnaasium','V?ru linn','V?ru maakond', 428);
INSERT INTO INSERT INTO koolid VALUES('V?ru Kesklinna G?mnaasium','V?ru linn','V?ru maakond', 428);
INSERT INTO koolid VALUES('Lasnam?e ?ldg?mnaasium','Tallinn linn','Harju maakond', 426);
INSERT INTO koolid VALUES('Kehra G?mnaasium','Anija vald','Harju maakond', 421);
INSERT INTO koolid VALUES('Tartu Kesklinna Kool','Tartu linn','Tartu maakond', 419);
INSERT INTO koolid VALUES('Tallinna Juhkentali G?mnaasium','Tallinn linn','Harju maakond', 417);
INSERT INTO koolid VALUES('Otep?? G?mnaasium','Otep?? vald','Valga maakond', 409);
INSERT INTO koolid VALUES('Tartu Jaan Poska G?mnaasium','Tartu linn','Tartu maakond', 407);
INSERT INTO koolid VALUES('Valga Vene G?mnaasium','Valga linn','Valga maakond', 406);
INSERT INTO koolid VALUES('Tamsalu G?mnaasium','Tamsalu vald','L??ne-Viru maakond', 404);
INSERT INTO koolid VALUES('J?geva ?hisg?mnaasium','J?geva linn','J?geva maakond', 396);
INSERT INTO koolid VALUES('N?o P?hikool','N?o vald','Tartu maakond', 387);
INSERT INTO koolid VALUES('P?rnu R??ma P?hikool','P?rnu linn','P?rnu maakond', 382);
INSERT INTO koolid VALUES('Maardu P?hikool','Maardu linn','Harju maakond', 379);
INSERT INTO koolid VALUES('Kilingi-N?mme G?mnaasium','Saarde vald','P?rnu maakond', 377);
INSERT INTO koolid VALUES('Kuressaare Vanalinna Kool','Kuressaare linn','Saare maakond', 374);
INSERT INTO koolid VALUES('Liivalaia G?mnaasium','Tallinn linn','Harju maakond', 374);
INSERT INTO koolid VALUES('Peetri Lasteaed-P?hikool','Rae vald','Harju maakond', 372);
INSERT INTO koolid VALUES('Tartu Forseliuse G?mnaasium','Tartu linn','Tartu maakond', 371);
INSERT INTO koolid VALUES('Vinni-Pajusti G?mnaasium','Vinni vald','L??ne-Viru maakond', 366);
INSERT INTO koolid VALUES('Tallinna Ranniku G?mnaasium','Tallinn linn','Harju maakond', 362);
INSERT INTO koolid VALUES('Kunda ?hisg?mnaasium','Kunda linn','L??ne-Viru maakond', 358);
INSERT INTO koolid VALUES('Antsla G?mnaasium','Antsla vald','V?ru maakond', 354);
INSERT INTO koolid VALUES('Kalamaja P?hikool','Tallinn linn','Harju maakond', 354);
INSERT INTO koolid VALUES('Tallinna P??sk?la G?mnaasium','Tallinn linn','Harju maakond', 353);
INSERT INTO koolid VALUES('P?rnu S?tevaka Humanitaarg?mnaasium','P?rnu linn','P?rnu maakond', 352);
INSERT INTO koolid VALUES('August Kitzbergi nimeline G?mnaasium','Karksi vald','Viljandi maakond', 350);
INSERT INTO koolid VALUES('Loksa G?mnaasium','Loksa linn','Harju maakond', 350);
INSERT INTO koolid VALUES('Tartu Katoliku Hariduskeskus','Tartu linn','Tartu maakond', 347);
INSERT INTO koolid VALUES('V?ndra G?mnaasium','V?ndra (alev) vald','P?rnu maakond', 346);
INSERT INTO koolid VALUES('P?rnu Hansag?mnaasium','P?rnu linn','P?rnu maakond', 344);
INSERT INTO koolid VALUES('Rakvere Erag?mnaasium','Rakvere linn','L??ne-Viru maakond', 336);
INSERT INTO koolid VALUES('Parksepa Keskkool','V?ru vald','V?ru maakond', 332);
INSERT INTO koolid VALUES('V?ike-Maarja G?mnaasium','V?ike-Maarja vald','L??ne-Viru maakond', 331);
INSERT INTO koolid VALUES('Tartu Hiie Kool','Tartu linn','Tartu maakond', 327);
INSERT INTO koolid VALUES('Kivi?li Vene G?mnaasium','Kivi?li linn','Ida-Viru maakond', 325);
INSERT INTO koolid VALUES('Haapsalu Wiedemanni G?mnaasium','Haapsalu linn','L??ne maakond', 323);
INSERT INTO koolid VALUES('Loo Keskkool','J?el?htme vald','Harju maakond', 312);
INSERT INTO koolid VALUES('Tarvastu G?mnaasium','Tarvastu vald','Viljandi maakond', 312);
INSERT INTO koolid VALUES('Tallinna Juudi Kool','Tallinn linn','Harju maakond', 310);
INSERT INTO koolid VALUES('Kivi?li 1. Keskkool','Kivi?li linn','Ida-Viru maakond', 306);
INSERT INTO koolid VALUES('Tallinna Kivim?e P?hikool','Tallinn linn','Harju maakond', 306);
INSERT INTO koolid VALUES('Tallinna Muusikakeskkool','Tallinn linn','Harju maakond', 299);
INSERT INTO koolid VALUES('Haljala G?mnaasium','Haljala vald','L??ne-Viru maakond', 296);
INSERT INTO koolid VALUES('Sindi G?mnaasium','Sindi linn','P?rnu maakond', 291);
INSERT INTO koolid VALUES('Meriv?lja Kool','Tallinn linn','Harju maakond', 281);
INSERT INTO koolid VALUES('Tallinna Paekaare G?mnaasium','Tallinn linn','Harju maakond', 281);
INSERT INTO koolid VALUES('Koeru Keskkool','Koeru vald','J?rva maakond', 279);
INSERT INTO koolid 
INSERT INTO koolid VALUES('Audentese Erakool','Tallinn linn','Harju maakond', 278);
INSERT INTO koolid  INSERT INTO koolid VALUES('Audentese Erakool','Tallinn linn','Harju maakond', 278);
INSE
INSERT INTO koolid VALUES('P?lva Keskkool','P?lva linn','P?lva maakond', 274);
INSE INSERT INTO koolid VALUES('P?lva Keskkool','P?lva linn','P?lva maakond', 274);
I
INSERT INTO koolid VALUES('Aruk?la P?hikool','Raasiku vald','Harju maakond', 265);
I INSERT INTO koolid VALUES('Aruk?la P?hikool','Raasiku vald','Harju maakond', 265);
I
INSERT INTO koolid VALUES('Tallinna Sikupilli Keskkool','Tallinn linn','Harju maakond', 261);
I INSERT INTO koolid VALUES('Tallinna Sikupilli Keskkool','Tallinn linn','Harju maakond', 261);
IN
INSERT INTO koolid VALUES('Tartu Herbert Masingu Kool','Tartu linn','Tartu maakond
INSERT INTO koolid VALUES('Audru Keskkool','Audru vald','P?rnu maakond', 245);
INSERT INTO 
INSERT INTO koolid VALUES('Haapsalu Linna Algkool','Haapsalu linn','L??ne maakond', 2
INSERT INTO koolid VALUES('Puhja G?mnaasium','Puhja vald','Tartu maakond', 236);
INSERT I
INSERT INTO koolid VALUES('Toila G?mnaasium','Toila vald','Ida-Viru maakond', 232);
INS
INSERT INTO koolid VALUES('Paldiski Vene G?mnaasium','Paldiski linn','Harj
INSERT INTO koolid VALUES('Sakala Erag?mnaasium','Tallinn linn','Harju maakond', 230
INSERT INTO koolid VALUES('Juhan Liivi nim. Alatskivi Keskkool','Alatskivi vald'
INSERT INTO koolid VALUES('Vastseliina G?mnaasium','Vastseliina vald','V?ru maakond', 224
INSERT INTO koolid VALUES('Narva Eesti G?mnaasium','Narva linn','Ida-Viru maakond', 223);
IN INSERT INTO koolid VALUES('Tartu Herbert Masingu Kool','Tartu linn','Tartu maakond
INSERT INTO koolid VALUES('Audru Keskkool','Audru vald','P?rnu maakond', 245);
INSERT INTO 
INSERT INTO koolid VALUES('Haapsalu Linna Algkool','Haapsalu linn','L??ne maakond', 2
INSERT INTO koolid VALUES('Puhja G?mnaasium','Puhja vald','Tartu maakond', 236);
INSERT I
INSERT INTO koolid VALUES('Toila G?mnaasium','Toila vald','Ida-Viru maakond', 232);
INS
INSERT INTO koolid VALUES('Paldiski Vene G?mnaasium','Paldiski linn','Harj INSERT INTO koolid VALUES('Sakala Erag?mnaasium','Tallinn linn','Harju maakond', 230 INSERT INTO koolid VALUES('Juhan Liivi nim. Alatskivi Keskkool','Alatskivi vald' INSERT INTO koolid VALUES('Vastseliina G?mnaasium','Vastseliina vald','V?ru maakond', 224 INSERT INTO koolid VALUES('Narva Eesti G?mnaasium','Narva linn','Ida-Viru maakond', 223);
INSE
INSERT INTO koolid VALUES('Lihula G?mnaasium','Lihula vald','L??ne maakond', 217);
INSE INSERT INTO koolid VALUES('Lihula G?mnaasium','Lihula vald','L??ne maakond', 217);
INS
INSERT INTO koolid VALUES('V?ru 1. P?hikool','V?ru linn','V?ru maakond', 216);
INS INSERT INTO koolid VALUES('V?ru 1. P?hikool','V?ru linn','V?ru maakond', 216);
INSERT 
INSERT INTO koolid VALUES('Narva Paju Kool','Narva linn','Ida-Viru maakond', 215);
INSERT  INSERT INTO koolid VALUES('Narva Paju Kool','Narva linn','Ida-Viru maakond', 215);
INSERT I
INSERT INTO koolid VALUES('R?ngu Keskkool','R?ngu vald','Tartu maakond', 213);
INSERT I INSERT INTO koolid VALUES('R?ngu Keskkool','R?ngu vald','Tartu maakond', 213);
INSERT INTO ko
INSERT INTO koolid VALUES('Abja G?mnaasium','Abja vald','Viljandi maakond', 211);
INSERT INTO ko INSERT INTO koolid VALUES('Abja G?mnaasium','Abja vald','Viljandi maakond', 211);
INSERT INTO
INSERT INTO koolid VALUES('J?rva-Jaani G?mnaasium','J?rva-Jaani vald','J?rva maakond', 20
INSERT INTO koolid VALUES('Tapa Vene G?mnaasium','Tapa vald','L??ne-Viru maakond'
INSERT INTO koolid VALUES('H??demeeste Keskkool','H??demeeste vald','P?rnu maakond'
INSERT INTO koolid VALUES('Rakvere P?hikool','Rakvere linn','L??ne-Viru maakond', 199);
INSERT INTO INSERT INTO koolid VALUES('J?rva-Jaani G?mnaasium','J?rva-Jaani vald','J?rva maakond', 20 INSERT INTO koolid VALUES('Tapa Vene G?mnaasium','Tapa vald','L??ne-Viru maakond' INSERT INTO koolid VALUES('H??demeeste Keskkool','H??demeeste vald','P?rnu maakond' INSERT INTO koolid VALUES('Rakvere P?hikool','Rakvere linn','L??ne-Viru maakond', 199);
INSERT
INSERT INTO koolid VALUES('Taebla G?mnaasium','Taebla vald','L??ne maakond', 197);
INSERT INSERT INTO koolid VALUES('Taebla G?mnaasium','Taebla vald','L??ne maakond', 197);
INSERT INTO kool
INSERT INTO koolid VALUES('P?rnu-Jaagupi G?mnaasium','Halinga vald','P?rnu maakond', 195);
INSERT INTO kool INSERT INTO koolid VALUES('P?rnu-Jaagupi G?mnaasium','Halinga vald','P?rnu maakond', 195);
INSERT INTO k
INSERT INTO koolid VALUES('P??nsi Kool','Viimsi vald','Harju maakond', 188);
INSERT INTO k INSERT INTO koolid VALUES('P??nsi Kool','Viimsi vald','Harju maakond', 188);
INS
INSERT INTO koolid VALUES('V?hma G?mnaasium','V?hma linn','Viljandi maakond', 185);
INS INSERT INTO koolid VALUES('V?hma G?mnaasium','V?hma linn','Viljandi maakond', 185);
INSERT I
INSERT INTO koolid VALUES('Audentese Spordig?mnaasium','Tallinn linn','Harju maakond', 17
INSERT INTO koolid VALUES('Leisi Keskkool','Leisi vald','Saare maakond', 175);
INSERT I INSERT INTO koolid VALUES('Audentese Spordig?mnaasium','Tallinn linn','Harju maakond', 17 INSERT INTO koolid VALUES('Leisi Keskkool','Leisi vald','Saare maakond', 175);
INSERT
INSERT INTO koolid VALUES('Kambja P?hikool','Kambja vald','Tartu maakond', 174);
INSERT INSERT INTO koolid VALUES('Kambja P?hikool','Kambja vald','Tartu maakond', 174);
INSERT INTO
INSERT INTO koolid VALUES('Puiga P?hikool','V?ru vald','V?ru maakond', 172);
INSERT INTO INSERT INTO koolid VALUES('Puiga P?hikool','V?ru vald','V?ru maakond', 172);
IN
INSERT INTO koolid VALUES('T?stamaa Keskkool','T?stamaa vald','P?rnu maakond', 166);
IN INSERT INTO koolid VALUES('T?stamaa Keskkool','T?stamaa vald','P?rnu maakond', 166);
INSERT INTO ko
INSERT INTO koolid VALUES('Ilmatsalu P?hikool','T?htvere vald','Tartu maakond',
INSERT INTO koolid VALUES('Tori P?hikool','Tori vald','P?rnu maakond', 164);
INSERT INTO ko INSERT INTO koolid VALUES('Ilmatsalu P?hikool','T?htvere vald','Tartu maakond', INSERT INTO koolid VALUES('Tori P?hikool','Tori vald','P?rnu maakond', 164);
INSERT INTO koo
INSERT INTO koolid VALUES('S?meru P?hikool','S?meru vald','L??ne-Viru maakond', 161);
INSERT INTO koo INSERT INTO koolid VALUES('S?meru P?hikool','S?meru vald','L??ne-Viru maakond', 161);
INSERT INTO
INSERT INTO koolid VALUES('Paldiski G?mnaasium','Paldiski linn','Harju maakond',
INSERT INTO koolid VALUES('Sillam?e G?mnaasium','Sillam?e linn','Ida-Viru maakond', 159);
INSERT INTO INSERT INTO koolid VALUES('Paldiski G?mnaasium','Paldiski linn','Harju maakond', INSERT INTO koolid VALUES('Sillam?e G?mnaasium','Sillam?e linn','Ida-Viru maakond', 159);
INSERT INTO koolid VALUES('Mammaste Lasteaed-Algkool','P?lva vald','P?lva maakond', 1
INSERT INTO koolid VALUES('T?ri ?hisg?mnaasium','T?ri vald','J?rva maakond', 158);
INSERT INTO koolid VALUES('Mammaste Lasteaed-Algkool','P?lva vald','P?lva maakond', 1 INSERT INTO koolid VALUES('T?ri ?hisg?mnaasium','T?ri vald','J?rva maakond', 158);
INSER
INSERT INTO koolid VALUES('Turba G?mnaasium','Nissi vald','Harju maakond', 155);
INSER INSERT INTO koolid VALUES('Turba G?mnaasium','Nissi vald','Harju maakond', 155);
INSERT INT
INSERT INTO koolid VALUES('Rannu Keskkool','Rannu vald','Tartu maakond', 153);
INSERT INT INSERT INTO koolid VALUES('Rannu Keskkool','Rannu vald','Tartu maakond', 153);
INSERT INTO
INSERT INTO koolid VALUES('Mustvee Vene G?mnaasium','Mustvee linn','J?geva maakond', 152)
INSERT INTO koolid VALUES('Kullamaa Keskkool','Kullamaa vald','L??ne maakond', 1
INSERT INTO koolid VALUES('Iisaku G?mnaasium','Iisaku vald','Ida-Viru maakond', 
INSERT INTO koolid VALUES('Harkuj?rve P?hikool','Harku vald','Harju maakond', 149);
INSERT INTO INSERT INTO koolid VALUES('Mustvee Vene G?mnaasium','Mustvee linn','J?geva maakond', 152) INSERT INTO koolid VALUES('Kullamaa Keskkool','Kullamaa vald','L??ne maakond', 1 INSERT INTO koolid VALUES('Iisaku G?mnaasium','Iisaku vald','Ida-Viru maakond',  INSERT INTO koolid VALUES('Harkuj?rve P?hikool','Harku vald','Harju maakond', 149);
INSERT INT
INSERT INTO koolid VALUES('Narva-J?esuu Keskkool','Narva-J?esuu linn','Ida-Vir
INSERT INTO koolid VALUES('Tsirguliina Keskkool','T?lliste vald','Valga maakond', 144);
INSERT INTO koolid VALUES('E.Vilde nim. Juuru G?mnaasium','Juuru vald','Rapla maakond', 143);
INSERT INTO koolid VALUES('N?mme Erakool','Tallinn linn','Harju maakond', 138);
INSERT INTO koolid VALUES('K??pa P?hikool','Lasva vald','V?ru maakond', 137);
INSERT INTO koolid VALUES('Raasiku P?hikool','Raasiku vald','Harju maakond', 137);
INSERT INTO koolid VALUES('Vasalemma P?hikool','Vasalemma vald','Harju maakond', 137);
INSERT INTO koolid VALUES('C.R.Jakobsoni nim.Torma P?hikool','Torma vald','J?geva maakond', 134);
INSERT INTO koolid VALUES('Kolga Keskkool','Kuusalu vald','Harju maakond', 134);
INSERT INTO koolid VALUES('Tartu Kroonuaia Kool','Tartu linn','Tartu maakond', 134);
INSERT INTO koolid VALUES('L?ganuse Keskkool','L?ganuse vald','Ida-Viru maakond', 131);
INSERT INTO koolid VALUES('Mustvee G?mnaasium','Mustvee linn','J?geva maakond', 130);
INSERT INTO koolid VALUES('Rakke G?mnaasium','Rakke vald','L??ne-Viru maakond', 130);
INSERT INTO koolid VALUES('Aseri Keskkool','Aseri vald','Ida-Viru maakond', 128);
INSERT INTO koolid VALUES('J?rvakandi G?mnaasium','J?rvakandi vald','Rapla maakond', 128);
INSERT INTO koolid VALUES('??sm?e P?hikool','Saue vald','Harju maakond', 128);
INSERT INTO koolid VALUES('Valtu P?hikool','Kehtna vald','Rapla maakond', 126);
INSERT INTO koolid VALUES('?ism?e Ko
INSERT INTO koolid VALUES('M?etaguse P?hikool','M?etaguse vald','Ida-Viru maakond', 125);
INSERT INT INSERT INTO koolid VALUES('Narva-J?esuu Keskkool','Narva-J?esuu linn','Ida-Vir
INSERT INTO koolid VALUES('Tsirguliina Keskkool','T?lliste vald','Valga maakond', 144);
INSERT INTO koolid VALUES('E.Vilde nim. Juuru G?mnaasium','Juuru vald','Rapla maakond', 143);
INSERT INTO koolid VALUES('N?mme Erakool','Tallinn linn','Harju maakond', 138);
INSERT INTO koolid VALUES('K??pa P?hikool','Lasva vald','V?ru maakond', 137);
INSERT INTO koolid VALUES('Raasiku P?hikool','Raasiku vald','Harju maakond', 137);
INSERT INTO koolid VALUES('Vasalemma P?hikool','Vasalemma vald','Harju maakond', 137);
INSERT INTO koolid VALUES('C.R.Jakobsoni nim.Torma P?hikool','Torma vald','J?geva maakond', 134);
INSERT INTO koolid VALUES('Kolga Keskkool','Kuusalu vald','Harju maakond', 134);
INSERT INTO koolid VALUES('Tartu Kroonuaia Kool','Tartu linn','Tartu maakond', 134);
INSERT INTO koolid VALUES('L?ganuse Keskkool','L?ganuse vald','Ida-Viru maakond', 131);
INSERT INTO koolid VALUES('Mustvee G?mnaasium','Mustvee linn','J?geva maakond', 130);
INSERT INTO koolid VALUES('Rakke G?mnaasium','Rakke vald','L??ne-Viru maakond', 130);
INSERT INTO koolid VALUES('Aseri Keskkool','Aseri vald','Ida-Viru maakond', 128);
INSERT INTO koolid VALUES('J?rvakandi G?mnaasium','J?rvakandi vald','Rapla maakond', 128);
INSERT INTO koolid VALUES('??sm?e P?hikool','Saue vald','Harju maakond', 128);
INSERT INTO koolid VALUES('Valtu P?hikool','Kehtna vald','Rapla maakond', 126);
INSERT INTO koolid VALUES('?ism?e Ko INSERT INTO koolid VALUES('M?etaguse P?hikool','M?etaguse vald','Ida-Viru maakond', 125);
INSERT INTO koolid VALUES('V?rska G?mnaasium','V?rska vald','P?lva maakond', 125);
INSERT INTO koolid VALUES('Rakvere Linna Algkool','Rakvere linn','L??ne-Viru maakond', 124);
INSERT INTO koolid VALUES('Puurmani G?mnaasium','Puurmani vald','J?geva maakond', 121);
INSERT INTO koolid VALUES('Ruila P?hikool','Kernu vald','Harju maakond', 120);
INSERT INTO koolid VALUES('Salme P?hikool','Salme vald','Saare maakond', 118);
INSERT INTO koolid VALUES('Oru P?hikool','Kose vald','Harju maakond', 117);
INSERT INTO koolid VALUES('Tabivere G?mnaasium','Tabivere vald','J?geva maakond', 117);
INSERT INTO koolid VALUES('Uuem?isa Lasteaed-Algkool','Ridala vald','L??ne maakond', 117);
INSERT INTO koolid VALUES('Haapsalu Sanatoorne Internaatkool','Haapsalu linn','L??ne maakond', 116);
INSERT INTO koolid VALUES('Heimtali P?hikool','P?rsti vald','Viljandi maakond', 116);
INSERT INTO koolid VALUES('Nissi P?hikool','Nissi vald','Harju maakond', 114);
INSERT INTO koolid VALUES('Puka Keskkool','Puka vald','Valga maakond', 113);
INSERT INTO koolid VALUES('V??tsa P?hikool','V??tsa vald','J?rva maakond', 113);
INSERT INTO koolid VALUES('Keeni P?hikool','Sangaste vald','Valga maakond', 112);
INSERT INTO koolid VALUES('Vaida P?hikool','Rae vald','Harju maakond', 111);
INSERT INTO koolid VALUES('K?rla P?hikool','K?rla vald','Saare maakond', 110);
INSERT INTO koolid VALUES('Mooste P?hikool','Mooste vald','P?lva maakond', 110);
INSERT INTO koolid VALUES('Osula P?hikool','S?merpalu vald','V?ru maakond', 108);
INSERT INTO koolid VALUES('Vara P?hikool','Vara vald','Tartu maakond', 107);
INSERT INTO koolid VALUES('Kuldre Kool','Urvaste vald','V?ru maakond', 106);
INSERT INTO koolid VALUES('Lagedi P?hikool','Rae vald','Harju maakond', 105);
INSERT INTO koolid VALUES('Uulu P?hikool','Tahkuranna vald','P?rnu maakond', 104);
INSERT INTO koolid VALUES('Varstu Keskkool','Varstu vald','V?ru maakond', 104);
INSERT INTO koolid VALUES('J??pre Kool','Audru vald','P?rnu maakond', 103);
INSERT INTO koolid VALUES('P?rnu Vabakool','P?rnu linn','P?rnu maakond', 103);
INSERT INTO koolid VALUES('Viluste P?hikool','Veriora vald','P?lva maakond', 103);
INSERT INTO koolid VALUES('Kalmetu P?hikool','Viiratsi vald','Viljandi maakond', 102);
INSERT INTO koolid VALUES('Vasta Kool','Viru-Nigula vald','L??ne-Viru maakond', 102);
INSERT INTO koolid VALUES('Eurog?mnaasi
INSERT INTO koolid VALUES('Halliste P?hikool','Halliste vald','Viljandi maakond', 101);
INSERT INTO koolid VALUES('Kallaste Keskkool','Kallaste linn','Tartu maakond', 101);
INSERT INTO koolid VALUES('Laupa P?hikool','T?ri vald','J?rva maakond', 101);
INS
INSERT INTO koolid VALUES('Ridala P?hikool','Ridala vald','L??ne maakond', 99);
INSERT INTO koolid VALUES('Narva ?igeusu Humanitaarkool','Narva linn','Ida-Viru maakond', 98);
INSERT INTO koolid VALUES('Vaek?la Kool','S?meru vald','L??ne-Viru maakond', 98);
INSERT INTO koolid VALUES('Kammeri Kool','Kambja vald','Tartu maakond', 96);
INSERT INTO koolid VALUES('Kostivere Kool','J?el?htme vald','Harju maakond', 96);
INSERT
INSERT INTO koolid VALUES('Haapsalu Nikolai Kool','Haapsalu linn','L??ne maakond', 94);
INSERT INTO koolid VALUES('P?haj?rve P?hikool','Otep?? vald','Valga maakond', 94);
INSERT INTO koolid VALUES('Vana-Vigala P?hikool','Vigala vald','Rapla maakond', 93);
INSERT INTO koolid VALUES('Adavere P?hikool','P?ltsamaa vald','J?geva maakond', 91);
INSERT INTO koolid VALUES('Tilsi P?hikool','Laheda vald','P?lva maakond', 91);
INSERT INTO koolid VALUES('Ahtme Kool','Kohtla-J?rve linn','Ida-Viru maakond', 90);
INSERT INTO koolid VALUES('Surju P?hikool','Surju vald','P?rnu maakond', 90);
INSERT INTO koolid VALUES('Aste P?hikool','Kaarma vald','Saare maakond', 89);
INSERT INTO koolid VALUES('Oru Kool','Oru vald','L??ne maakond', 89);
INSERT INTO koolid VALUES('Sauga P?hikool','Sauga vald','P?rnu maakond', 89);
INSERT INTO koolid VALUES('Sillam?e Eesti P?hikool','Sillam?e linn','Ida-Viru maakond', 89);
INSERT INTO koolid VALUES('Juurikaru P?hikool','V?ndra vald','P?rnu maakond', 87);
INSERT INTO koolid VALUES('Kohtla P?hikool','Kohtla-N?mme vald','Ida-Viru maakond', 87);
INSERT INTO koolid VALUES('Lustivere P?hikool','P?ltsamaa vald','J?geva maakond
INSERT INTO koolid VALUES('Vastse-Kuuste Kool','Vastse-Kuuste vald','P?lva maakond', 87);
INSERT INTO koolid VALUES('Eurog?mnaasi
INSERT INTO koolid VALUES('Halliste P?hikool','Halliste vald','Viljandi maakond', 101);
INSERT INTO koolid VALUES('Kallaste Keskkool','Kallaste linn','Tartu maakond', 101);
INSERT INTO koolid VALUES('Laupa P?hikool','T?ri vald','J?rva maakond', 101);
INS
INSERT INTO koolid VALUES('Ridala P?hikool','Ridala vald','L??ne maakond', 99);
INSERT INTO koolid VALUES('Narva ?igeusu Humanitaarkool','Narva linn','Ida-Viru maakond', 98);
INSERT INTO koolid VALUES('Vaek?la Kool','S?meru vald','L??ne-Viru maakond', 98);
INSERT INTO koolid VALUES('Kammeri Kool','Kambja vald','Tartu maakond', 96);
INSERT INTO koolid VALUES('Kostivere Kool','J?el?htme vald','Harju maakond', 96);
INSERT
INSERT INTO koolid VALUES('Haapsalu Nikolai Kool','Haapsalu linn','L??ne maakond', 94);
INSERT INTO koolid VALUES('P?haj?rve P?hikool','Otep?? vald','Valga maakond', 94);
INSERT INTO koolid VALUES('Vana-Vigala P?hikool','Vigala vald','Rapla maakond', 93);
INSERT INTO koolid VALUES('Adavere P?hikool','P?ltsamaa vald','J?geva maakond', 91);
INSERT INTO koolid VALUES('Tilsi P?hikool','Laheda vald','P?lva maakond', 91);
INSERT INTO koolid VALUES('Ahtme Kool','Kohtla-J?rve linn','Ida-Viru maakond', 90);
INSERT INTO koolid VALUES('Surju P?hikool','Surju vald','P?rnu maakond', 90);
INSERT INTO koolid VALUES('Aste P?hikool','Kaarma vald','Saare maakond', 89);
INSERT INTO koolid VALUES('Oru Kool','Oru vald','L??ne maakond', 89);
INSERT INTO koolid VALUES('Sauga P?hikool','Sauga vald','P?rnu maakond', 89);
INSERT INTO koolid VALUES('Sillam?e Eesti P?hikool','Sillam?e linn','Ida-Viru maakond', 89);
INSERT INTO koolid VALUES('Juurikaru P?hikool','V?ndra vald','P?rnu maakond', 87);
INSERT INTO koolid VALUES('Kohtla P?hikool','Kohtla-N?mme vald','Ida-Viru maakond', 87);
INSERT INTO koolid VALUES('Lustivere P?hikool','P?ltsamaa vald','J?geva maakond INSERT INTO koolid VALUES('Vastse-Kuuste Kool','Vastse-Kuuste vald','P?lva maakond', 87);
IN
INSERT INTO koolid VALUES('Koigi Kool','Koigi vald','J?rva maakond', 86);
IN INSERT INTO koolid VALUES('Koigi Kool','Koigi vald','J?rva maakond', 86);
INSERT INTO k
INSERT INTO koolid VALUES('Porkuni kool','Tamsalu vald','L??ne-Viru maakond', 
INSERT INTO koolid VALUES('?mari P?hikool','Vasalemma vald','Harju maakond', 8
INSERT INTO koolid VALUES('Palupera P?hikool','Palupera vald','Valga maakon
INSERT INTO koolid VALUES('Are P?hikool','Are vald','P?rnu maakond', 82);
INSERT INTO k
INSERT INTO koolid VALUES('Imavere P?hikool','Imavere vald','J?rva maakond', 82);
INSERT I
INSERT INTO koolid VALUES('Krabi P?hikool','Varstu vald','V?ru maakond', 82);
INSERT INTO koolid VAL
INSERT INTO koolid VALUES('Kiigemetsa Kool','J?geva vald','J?geva maakond', 81);
INSE
INSERT INTO koolid VALUES('V??na M?isakool','Harku vald','Harju maakond', 81);
INSERT INTO koolid VALUES('Alavere P?hikool','Anija vald','Harju maakond', 8
INSERT INTO koolid VALUES('Emmaste P?hikool','Emmaste vald','Hiiu maakond', 80);
INSERT INTO koolid VALUES('Uhtna P?hikool','S?meru vald','L??ne-Viru maakond', 80
INSERT INTO koolid VALUES('Voore P?hikool','Saare vald','J?geva maakond', 80
INSERT INTO koolid VALUES('Saarepeedi Kool','Saarepeedi vald','Viljandi maakon
INSERT INTO koolid VALUES('Tallinna Vaba Waldorfkool','Tallinn linn','Harju maak
INSERT INTO koolid VALUES('Albu P?hikool','Albu vald','J?rva maakond', 78);
INSER
INSERT INTO koolid VALUES('Tartu Maarja Kool','Tartu linn','Tartu maakond', 
INSERT INTO koolid VALUES('Valga Jaanikese Kool','Valga linn','Valga maakond
INSERT INTO koolid VALUES('Laekvere P?hikool','Laekvere vald','L??ne-Viru maa
INSERT INTO koolid VALUES('Orava P?hikool','Orava vald','P?lva maakond', 76);
INSE
INSERT INTO koolid VALUES('Erakool L?te','Keila linn','Harju maakond', 75);
INS
INSERT INTO koolid VALUES('Lauka P?hikool','K?rgessaare vald','Hiiu maakond
INSERT INTO koolid VALUES('P?rnj?e P?hikool','V?ndra vald','P?rnu maakond', 75
INSERT INTO koolid VALUES('Palivere P?hikool','Taebla vald','L??ne maakond', 74);
INSERT INTO k INSERT INTO koolid VALUES('Porkuni kool','Tamsalu vald','L??ne-Viru maakond',  INSERT INTO koolid VALUES('?mari P?hikool','Vasalemma vald','Harju maakond', 8 INSERT INTO koolid VALUES('Palupera P?hikool','Palupera vald','Valga maakon
INSERT INTO koolid VALUES('Are P?hikool','Are vald','P?rnu maakond', 82);
INSERT INTO k
INSERT INTO koolid VALUES('Imavere P?hikool','Imavere vald','J?rva maakond', 82);
INSERT I
INSERT INTO koolid VALUES('Krabi P?hikool','Varstu vald','V?ru maakond', 82);
INSERT INTO koolid VAL
INSERT INTO koolid VALUES('Kiigemetsa Kool','J?geva vald','J?geva maakond', 81);
INSE
INSERT INTO koolid VALUES('V??na M?isakool','Harku vald','Harju maakond', 81);
INSERT INTO koolid VALUES('Alavere P?hikool','Anija vald','Harju maakond', 8
INSERT INTO koolid VALUES('Emmaste P?hikool','Emmaste vald','Hiiu maakond', 80);
INSERT INTO koolid VALUES('Uhtna P?hikool','S?meru vald','L??ne-Viru maakond', 80
INSERT INTO koolid VALUES('Voore P?hikool','Saare vald','J?geva maakond', 80
INSERT INTO koolid VALUES('Saarepeedi Kool','Saarepeedi vald','Viljandi maakon INSERT INTO koolid VALUES('Tallinna Vaba Waldorfkool','Tallinn linn','Harju maak
INSERT INTO koolid VALUES('Albu P?hikool','Albu vald','J?rva maakond', 78);
INSER
INSERT INTO koolid VALUES('Tartu Maarja Kool','Tartu linn','Tartu maakond', 
INSERT INTO koolid VALUES('Valga Jaanikese Kool','Valga linn','Valga maakond INSERT INTO koolid VALUES('Laekvere P?hikool','Laekvere vald','L??ne-Viru maa
INSERT INTO koolid VALUES('Orava P?hikool','Orava vald','P?lva maakond', 76);
INSE
INSERT INTO koolid VALUES('Erakool L?te','Keila linn','Harju maakond', 75);
INS
INSERT INTO koolid VALUES('Lauka P?hikool','K?rgessaare vald','Hiiu maakond INSERT INTO koolid VALUES('P?rnj?e P?hikool','V?ndra vald','P?rnu maakond', 75 INSERT INTO koolid VALUES('Palivere P?hikool','Taebla vald','L??ne maakond', 74);
INSERT INTO koolid VALUES('?mmuste Kool','Tarvastu vald','Viljandi maakond', 74);
INSER
INSERT INTO koolid VALUES('Roosna-Alliku P?hikool','Roosna-Alliku vald','J?rva maakon
INSERT INTO koolid VALUES('Kolga-Jaani P?hikool','Kolga-Jaani vald','Viljandi maakond', 72);
INSERT INTO koolid VALUES('M?niste
INSERT INTO koolid VALUES('Tallinna Konstantin P?tsi Vaba?hukool','Tallinn linn','Harju maakond', 72);
INSER INSERT INTO koolid VALUES('Roosna-Alliku P?hikool','Roosna-Alliku vald','J?rva maakon
INSERT INTO koolid VALUES('Kolga-Jaani P?hikool','Kolga-Jaani vald','Viljandi maakond', 72);
INSERT INTO koolid VALUES('M?niste INSERT INTO koolid VALUES('Tallinna Konstantin P?tsi Vaba?hukool','Tallinn linn','Harju maakond', 72);
INSERT INTO koolid VALUES('Haanja Kool','Haanja vald','V?ru maakond', 71);
INSERT INTO koolid VALUES('Hummuli P?hikool','Hummuli vald','Valga maakond', 71);
INSERT INTO koolid VALUES('Tallinna Soome Kool','Tallinn linn','Harju maakond', 71);
INSERT INTO koolid VALUES('Padise P?hikool','Padise vald','Harju maakond', 70);
INSERT INTO koolid VALUES('Risti P?hikool','Risti vald','L??ne maakond', 70);
INSERT INTO koolid VALUES('S?merpalu P?hikool','S?merpalu vald','V?ru maakond',
INSERT INTO koolid VALUES('Ferdinand von Wrangelli nimeline Roela Lasteaed-P?hikool','Vinni vald','L??ne-Viru maakond', 69);
INSERT INTO koolid VALUES('S?merpalu P?hikool','S?merpalu vald','V?ru maakond', INSERT INTO koolid VALUES('Ferdinand von Wrangelli nimeline Roela Lasteaed-P?hikool','Vinni vald','L??ne-Viru maakond', 69);
INSERT INTO koolid VALUES('Lasila P?hikool','Rakvere vald','L??ne-Viru maakond', 69);
INSERT INTO koolid VALUES('Ardu Kool','K?ue vald','
INSERT INTO koolid VALUES('L?llem?e P?hikool','Karula vald','Valga maakond', 68);
INSERT INTO koolid VALUES('Palade P?hikool','P?halepa vald','Hiiu maakond', 68);
INSERT INTO koolid VALUES('Laiuse P?hikool','J?geva vald','J?geva maakond', 67);
INSERT INTO koolid VALUES('Melliste Algkool-Lasteaed','M?ksa vald','Tartu maakond', 67);
INSERT INTO koolid VALUES('Viiratsi Kool','Viiratsi vald','Viljandi maakond', 67);
INSERT INTO koolid VALUES('Kirivere P?hikool','K?o vald','Viljandi maakond', 66);
INSERT INTO koolid VALUES('Simuna Kool','V?ike-Maarja vald','L??ne-Viru maakond', 66);
INSERT INTO koolid VALUES('Tallinna Balletikooli ?ldharidus
INSERT INTO koolid VALUES('Tallinna Heleni Kool','Tallinn linn','Harju maakond', 66);
INSERT INTO koolid VALUES('Ardu Kool','K?ue vald','
INSERT INTO koolid VALUES('L?llem?e P?hikool','Karula vald','Valga maakond', 68);
INSERT INTO koolid VALUES('Palade P?hikool','P?halepa vald','Hiiu maakond', 68);
INSERT INTO koolid VALUES('Laiuse P?hikool','J?geva vald','J?geva maakond', 67);
INSERT INTO koolid VALUES('Melliste Algkool-Lasteaed','M?ksa vald','Tartu maakond', 67);
INSERT INTO koolid VALUES('Viiratsi Kool','Viiratsi vald','Viljandi maakond', 67);
INSERT INTO koolid VALUES('Kirivere P?hikool','K?o vald','Viljandi maakond', 66);
INSERT INTO koolid VALUES('Simuna Kool','V?ike-Maarja vald','L??ne-Viru maakond', 66);
INSERT INTO koolid VALUES('Tallinna Balletikooli ?ldharidus INSERT INTO koolid VALUES('Tallinna Heleni Kool','Tallinn linn','Harju maakond', 66);
INSERT INTO koolid VALUES('Maidla Kool','Maidla vald','Ida-Viru maakond', 65);
INSERT INTO koolid VALUES('Noarootsi Kool','Noarootsi vald','L??ne maakond', 65);
INSERT INTO koolid VALUES('Saverna P?hikool','Valgj?rve vald','P?lva maakond', 65);
INSERT INTO k
INSERT INTO koolid VALUES('Lahmuse Kool','Suure-Jaani vald','Viljandi maakond', 64);
INSERT INTO k INSERT INTO koolid VALUES('Lahmuse Kool','Suure-Jaani vald','Viljandi maakond', 64);
INSERT INTO koolid VALUES('Holstre Kool','Paistu vald','Viljandi maakond', 63);
INSERT INTO koolid VALUES('J.V.Veski nim. Maarja P?hikool','Tabivere vald','J?geva maakond', 63);
INSERT INTO koolid VALUES('Krootuse P?hikool','K?lleste va
INSERT INTO koolid VALUES('Kernu P?hikool','Kernu vald','Harju maakond', 62);
INSERT INTO koolid VALUES('Kosej?e kool','Kose vald','Harju maakond', 62);
INSERT INTO koolid VALUES('S?rgavere Lasteaed-P?hikool','Suure-Jaani vald','Viljandi maakond', 62);
INSERT INTO koolid VALUES('Virtsu Kool','Hanila vald','L??ne maakond', 62);
INSERT INTO koolid VALUES('Risti P?hikool (Harju)','Padise vald','Harju maakond', 61);
INSERT INTO koolid VALUES('Keila-Joa Sanatoorne Internaatkool','Harku vald','Harju maakond', 60);
INSERT INTO koolid VALUES('Konguta Kool','Konguta vald','Tartu maakond', 60);
INSERT INTO koolid VALUES('Paistu Kool','Paistu vald','Viljandi maakond', 60);
INSERT INTO koolid VALUES('P?lula Kool','R?gavere vald','L??ne-Viru maakond', 60);
INSERT INTO koolid VALUES('Illuka Kool','Illuka vald','Ida-Viru maakond', 58);
INSERT INTO koolid VALUES('V?su Kool','Vihula vald','L??ne-Viru maakond', 58);
INSERT INTO koolid VALUES('Vaimastvere Kool','J?geva vald','J?geva maakond', 57);
INSERT INTO koolid VALUES('Varbla P?hikool','Varbla vald','P?rnu maakond', 57);
INSERT INTO koolid VALUES('Aegviidu Kool','Aegviidu vald','Harju maakond', 56);
INSERT INTO koolid VALUES('Kabala Lasteaed-P?hikool','Raikk?la vald','Rapla maakond', 56);
INSERT INTO koolid VALUES('Kallem?e Kool','Valjala vald','Saare maakond', 56);
INSERT INTO koolid VALUES('Kildu P?hikool','Suure-Jaani vald','Viljandi maakond', 56);
INSERT INTO koolid VALUES('Kiltsi P?hikool','V?ike-Maarja vald','L??ne-Viru maakond', 56);
INSERT INTO koolid VALUES('Siimusti Lasteaed-Algkool','J?geva vald','J?geva maakond', 56);
INSERT INTO koolid VALUES('Sinim?e P?hikoo
INSERT INTO koolid VALUES('Viljandi Kaare Kool','Viljandi linn','Viljandi maakond
INSERT INTO koolid VALUES('M?isak?la Kool','M?isak?la linn','Viljandi maakond', 55);
INSERT INTO koolid VALUES('Tallinna Toomkool','Tallinn linn','Harju maakond', 55);
INSERT INTO koolid VALUES('Tartu Emaj?e Kool','Tartu linn','Tartu maakond', 55);
INSERT INTO koolid VALUES('Eidapere Kool','Kehtna vald','Rapla maakond', 
INSERT INTO koolid VALUES('K?pu P?hikool','K?pu vald','Viljandi maakond', 
INSERT INTO koolid VALUES('L?manda P?hikool','L?manda vald','Saare maakond', 54);
INSERT INTO koolid VALUES('MT? Kool 21. sajandil Haabersti Vene Erag?mnaasium','Tall
INSERT INTO koolid VALUES('P?inurme Internaatkool','Koigi vald','J?rva maakond'
INSERT INTO koolid VALUES('Tornim?e P?hikool','P?ide vald','Saare maakond', 5
INSERT INTO koolid VALUES('Audentese Spordig?mnaasiumi Otep?? filiaal','Otep?? vald','Valga maakond', 53);
INSERT INTO koolid VALUES('Krootuse P?hikool','K?lleste va
INSERT INTO koolid VALUES('Kernu P?hikool','Kernu vald','Harju maakond', 62);
INSERT INTO koolid VALUES('Kosej?e kool','Kose vald','Harju maakond', 62);
INSERT INTO koolid VALUES('S?rgavere Lasteaed-P?hikool','Suure-Jaani vald','Viljandi maakond', 62);
INSERT INTO koolid VALUES('Virtsu Kool','Hanila vald','L??ne maakond', 62);
INSERT INTO koolid VALUES('Risti P?hikool (Harju)','Padise vald','Harju maakond', 61);
INSERT INTO koolid VALUES('Keila-Joa Sanatoorne Internaatkool','Harku vald','Harju maakond', 60);
INSERT INTO koolid VALUES('Konguta Kool','Konguta vald','Tartu maakond', 60);
INSERT INTO koolid VALUES('Paistu Kool','Paistu vald','Viljandi maakond', 60);
INSERT INTO koolid VALUES('P?lula Kool','R?gavere vald','L??ne-Viru maakond', 60);
INSERT INTO koolid VALUES('Illuka Kool','Illuka vald','Ida-Viru maakond', 58);
INSERT INTO koolid VALUES('V?su Kool','Vihula vald','L??ne-Viru maakond', 58);
INSERT INTO koolid VALUES('Vaimastvere Kool','J?geva vald','J?geva maakond', 57);
INSERT INTO koolid VALUES('Varbla P?hikool','Varbla vald','P?rnu maakond', 57);
INSERT INTO koolid VALUES('Aegviidu Kool','Aegviidu vald','Harju maakond', 56);
INSERT INTO koolid VALUES('Kabala Lasteaed-P?hikool','Raikk?la vald','Rapla maakond', 56);
INSERT INTO koolid VALUES('Kallem?e Kool','Valjala vald','Saare maakond', 56);
INSERT INTO koolid VALUES('Kildu P?hikool','Suure-Jaani vald','Viljandi maakond', 56);
INSERT INTO koolid VALUES('Kiltsi P?hikool','V?ike-Maarja vald','L??ne-Viru maakond', 56);
INSERT INTO koolid VALUES('Siimusti Lasteaed-Algkool','J?geva vald','J?geva maakond', 56);
INSERT INTO koolid VALUES('Sinim?e P?hikoo INSERT INTO koolid VALUES('Viljandi Kaare Kool','Viljandi linn','Viljandi maakond
INSERT INTO koolid VALUES('M?isak?la Kool','M?isak?la linn','Viljandi maakond', 55);
INSERT INTO koolid VALUES('Tallinna Toomkool','Tallinn linn','Harju maakond', 55);
INSERT INTO koolid VALUES('Tartu Emaj?e Kool','Tartu linn','Tartu maakond', 55);
INSERT INTO koolid VALUES('Eidapere Kool','Kehtna vald','Rapla maakond', 
INSERT INTO koolid VALUES('K?pu P?hikool','K?pu vald','Viljandi maakond', 
INSERT INTO koolid VALUES('L?manda P?hikool','L?manda vald','Saare maakond', 54);
INSERT INTO koolid VALUES('MT? Kool 21. sajandil Haabersti Vene Erag?mnaasium','Tall INSERT INTO koolid VALUES('P?inurme Internaatkool','Koigi vald','J?rva maakond' INSERT INTO koolid VALUES('Tornim?e P?hikool','P?ide vald','Saare maakond', 5 INSERT INTO koolid VALUES('Audentese Spordig?mnaasiumi Otep?? filiaal','Otep?? vald','Valga maakond', 53);
INSERT INTO koolid VALUES('Johannese Kool ja Lasteaed Rosmal','P?lva vald','P?lva maakond', 53);
INSERT INTO koolid VALUES('J?neda Kool','Tapa vald','L??ne-Viru maakond', 53);
INSERT 
INSERT INTO koolid VALUES('Laeva P?hikool','Laeva vald','Tartu maakond', 53);
INSERT  INSERT INTO koolid VALUES('Laeva P?hikool','Laeva vald','Tartu maakond', 53);
INSERT INTO koolid VALUES('Mustjala Lasteaed-P?hikool','Mustjala vald','Saare maakond', 53);
INSERT INTO koolid VALUES('Tallinna Mustam?e 1. Lasteaed-Algkool','Tallinn linn','Harju maakond', 53);
INSERT INTO koolid VALUES('Koonga P?hikool','Koonga vald','P?rnu maakond', 52);
INSERT INTO koolid VALUES('Kose-Uuem?isa Lasteaed-Kool','Kose vald','Harju maakond', 52);
INSERT INTO koolid VALUES('Kodila P?hikool','Rapla vald','Rapla maakond', 50);
INSERT INTO koolid VALUES('Kolkja P?hikool','Peipsi??re vald','Tartu maakond', 50);
INSERT INTO koolid VALUES('Tartu Kristlik P?hikool','Tartu linn','Tartu maakond', 50);
INSERT INTO koolid VALUES('Urvaste Kool','Urvaste vald','V?ru maakond', 50);
INSERT INTO koolid VALUES('Lehtse Kool','Tapa vald','L??ne-Viru maakond', 49);
INSERT INTO
INSERT INTO koolid VALUES('Merem?e Kool','Merem?e vald','V?ru maakond', 49);
INSERT INTO INSERT INTO koolid VALUES('Merem?e Kool','Merem?e vald','V?ru maakond', 49);
INSE
INSERT INTO koolid VALUES('Hargla Kool','Taheva vald','Valga maakond', 48);
INSE INSERT INTO koolid VALUES('Hargla Kool','Taheva vald','Valga maakond', 48);
INSERT 
INSERT INTO koolid VALUES('Viljandi Vaba Waldorfkool','Viljandi linn','Viljandi maakond', 47);
INSERT  INSERT INTO koolid VALUES('Viljandi Vaba Waldorfkool','Viljandi linn','Viljandi maakond', 47);
INSERT INTO koolid VALUES('Ala P?hikool','Helme vald','Valga maakond', 46);
INSERT 
INSERT INTO koolid VALUES('Kihnu Kool','Kihnu vald','P?rnu maakond', 46);
INSERT  INSERT INTO koolid VALUES('Kihnu Kool','Kihnu vald','P?rnu maakond', 46);
INSERT INTO koolid VALU
INSERT INTO koolid VALUES('T??ksi P?hikool','Suure-Jaani vald','Viljandi maakond', 46);
INSERT INTO koolid VALU INSERT INTO koolid VALUES('T??ksi P?hikool','Suure-Jaani vald','Viljandi maakond', 46);
INSERT INTO koolid VALUES('Kuuste Kool','Kambja vald','Tartu maakond', 45);
INSERT INTO koolid VALUES('Esku-Kamari Kool','P?ltsamaa vald','J?geva maakond', 44);
INSERT INTO koolid VALUES('Martna P?hikool','Martna vald','L??ne maakond', 44);
INSERT INTO koolid VALUES('Peetri Kool','Kareda vald','J?rva maakond', 43);
INSERT INTO koolid VALUES('Tootsi Lasteaed-P?hikool','Tootsi vald','P?rnu maakond', 43);
INSERT INTO koolid VALUES('Lohusuu Kool','Lohusuu vald','Ida-Viru maakond', 42);
INSERT INTO koolid VALUES('Tapa Erikool','Tapa vald','L??ne-Viru maakond', 42);
INSERT INTO koolid VALUES('Kauksi P?hikool','Mooste vald','P?lva maakond', 41);
INSERT INTO koolid VALUES('P?rnu Toimetulekukool','P?rnu linn','P?rnu maakond', 40);
INSERT INTO koolid VALUES('Vihasoo Lasteaed-Algkool','Kuusalu vald','Harju maakond', 40);
INSERT INTO koolid VALUES('Alu Lasteaed-Algkool','Rapla vald','Rapla maakond', 39);
INSERT INTO koolid VALUES('Ambla Lasteaed-P?hikool','Ambla vald','J?rva maakond', 39);
INSERT INTO koolid VALUES('Kihelkonna Kool','Kihelkonna vald','Saare maakond', 38);
INSERT INTO koolid VALUES('Mikitam?e Kool','Mikitam?e vald','P?lva maakond', 37);
INSERT INTO koolid VALUES('Riidaja P?hikool','P?drala vald','Valga maakond', 37);
INSERT INTO koolid VALUES('Tahkuranna Lasteaed-Algkool','Tahkuranna vald','P?rnu maakond', 37);
INSERT INTO koolid VALUES('Vidruka Kool','Taebla vald','L??ne maakond', 37);
INSERT INTO koolid VALUES('K?o P?hikool','Tallinn linn','Harju maakond', 36);
INSERT INTO koolid VALUES('Tallinna Laagna Lasteaed-P?hikool','Tallinn linn','Harju maakond', 36);
INSERT INTO koolid VALUES('Tudulinna P?hikool','Tudulinna vald','Ida-Viru maakond', 36);
INSERT INTO koolid VALUES('"""Edu Valem"" Erakool"','Tallinn linn','Harju maakond', 35);
INSERT INTO koolid VALUES('Kahtla Lasteaed-P?hikool','Laimjala vald','Saare maakond', 35);
INSERT INTO koolid VALUES('K?ru P?hikool','K?ru vald','Rapla maakond', 35);
INSERT INTO koolid VALUES('Lehola Kool','Keila vald','Harju maakond', 35);
INSERT INTO koolid VALUES('V?ru J?rve Kool','V?ru linn','V?ru maakond', 35);
INSERT INTO koolid VALUES('Klooga Kool','Keila vald','Harju maakond', 34);
INSERT INTO koolid VALUES('Libatse Lasteaed-Algkool','Halinga vald','P?rnu maakond', 34);
INSERT INTO koolid VALUES('Kajamaa Kool','Saku vald','Harju maakond', 33);
INSERT INTO koolid VALUES('Sadala P?hikool','Torma vald','J?geva maakond', 33);
INSERT INTO koolid VALUES('L?pe P?hikool','Koonga vald','P?rnu maakond', 32);
INSERT INTO koolid VALUES('Misso Kool','Misso vald','V?ru maakond', 32);
INSERT INTO koolid VALUES('Pikavere Lasteaed-Algkool','R
INSERT INTO koolid VALUES('Harmi P?hikool','K?ue vald','Harju maakond', 31);
I
INSERT INTO koolid VALUES('Lindi Lasteaed-Algkool','Audru vald','P?rnu maakond', 30);
INSERT INTO koolid VALUES('Rakvere Vanalinna Kool','Rakvere linn','L??ne-Viru maakond', 30);
INSERT INTO koolid VALUES('Sonda Kool','Sonda vald','Ida-Viru maakond', 30);
INSERT INTO koolid VALUES
INSERT INTO koolid VALUES('Vajangu P?hikool','Tamsalu vald','L??ne-Viru maakond
INSERT INTO koolid VALUES('Tali P?hikool','Saarde vald','P?rnu maakond', 28);
INSERT INTO koolid VALUES('Pikavere Lasteaed-Algkool','R
INSERT INTO koolid VALUES('Harmi P?hikool','K?ue vald','Harju maakond', 31);
I
INSERT INTO koolid VALUES('Lindi Lasteaed-Algkool','Audru vald','P?rnu maakond', 30);
INSERT INTO koolid VALUES('Rakvere Vanalinna Kool','Rakvere linn','L??ne-Viru maakond', 30);
INSERT INTO koolid VALUES('Sonda Kool','Sonda vald','Ida-Viru maakond', 30);
INSERT INTO koolid VALUES
INSERT INTO koolid VALUES('Vajangu P?hikool','Tamsalu vald','L??ne-Viru maakond INSERT INTO koolid VALUES('Tali P?hikool','Saarde vald','P?rnu maakond', 28);
INSERT INTO
INSERT INTO koolid VALUES('Ritsu Lasteaed-Algkool','Helme vald','Valga maakond
INSERT INTO koolid VALUES('Luua Algkool','Palamuse vald','J?geva maakond', 26);
INS
INSERT INTO koolid VALUES('Ruusa P?hikool','R?pina vald','P?lva maakond', 26);
INSERT 
INSERT INTO koolid VALUES('Viira Kool','Tori vald','P?rnu maakond', 26);
INS
INSERT INTO koolid VALUES('Pisisaare Algkool','Pajusi vald','J?geva maakond', 
INSERT INTO koolid VALUES('Valguta Lasteaed-Algkool','R?ngu vald','Tartu maakond', 24);
INSERT INTO koolid VALUES('Himmaste Algkool','P?lva vald','P?lva maakond', 23);
I
INSERT INTO koolid VALUES('Neeme Kool','J?el?htme vald','Harju maakond', 23);
INSERT INTO koolid VALUES('Aakre Lasteaed-Algkool','Puka vald','Valga maakond', 22);
INSERT INTO koo
INSERT INTO koolid VALUES('K?msi Lasteaed-Algkool','Hanila vald','L??ne maakond', 22);
INSERT INTO koolid VALUES('Salla P?hikool','Rakke vald','L??ne-Viru maakond', 22);
INSERT INTO koolid VALUES('Varbola Lasteaed-Algkool','M?rjamaa vald','Rapla maakond', 22);
INSERT I
INSERT INTO koolid VALUES('Aruv?lja Lasteaed-Algkool','Audru vald','P?rnu maakond', 
INSERT INTO koolid VALUES('Kergu Lasteaed-Algkool','V?ndra vald','P?rnu maakond
INSERT INTO koolid VALUES('Kuremaa Lasteaed-Algkool','J?geva vald','J?geva 
INSERT INTO koolid VALUES('Pikakannu Kool','Lasva vald','V?ru maakond', 20);
INSERT INTO
INSERT INTO koolid VALUES('T?ri Toimetulekukool','T?ri vald','J?rva maakond', 20
INSERT INTO koolid VALUES('Ahula Lasteaed-Algkool','Albu vald','J?rva maakond',
INSERT INTO koolid VALUES('Paide Valla Lasteaed-Kool','Paide vald','J?rva maako
INSERT INTO koolid VALUES('Seljametsa Lasteaed-Algkool','Paikuse vald','P?rnu maakon
INSERT INTO koolid VALUES('Veltsi Lasteaed-Algkool','Rakvere vald','L??ne-Viru maakond', 
INSERT INTO koolid VALUES('?ru Lasteaed-Algkool','?ru vald','Valga maakond', 18);
I
INSERT INTO koolid VALUES('Metsk?la Algkool','Lihula vald','L??ne maakond', 17);
INSERT INTO koolid VALUES('N?va Kool','N?va vald','L??ne maakond', 17);
INSERT INTO koolid VALUES('Puiatu Lasteaed-Kool','P?rsti vald','Viljandi maakond', 17);
INSERT INTO
INSERT INTO koolid VALUES('Suigu Lasteaed-Algkool','Are vald','P?rnu maakond', 17
INSERT INTO koolid VALUES('Suurem?isa Lasteaed-P?hikool','P?halepa vald','Hiiu maakond', 17);
I
INSERT INTO koolid VALUES('Kabala Kool-Lasteaed','T?ri vald','J?rva maakond'
INSERT INTO koolid VALUES('Kavastu Algkool-Lasteaed','Luunja vald','Tartu maa
INSERT INTO koolid VALUES('Rakvere T?iskasvanute G?mnaasium','Rakvere linn','L??ne-Viru maakond', 
INSERT INTO koolid VALUES('Kasari P?hikool','Lihula vald','L??ne maakond', 15);
INSERT INTO INSERT INTO koolid VALUES('Ritsu Lasteaed-Algkool','Helme vald','Valga maakond
INSERT INTO koolid VALUES('Luua Algkool','Palamuse vald','J?geva maakond', 26);
INS
INSERT INTO koolid VALUES('Ruusa P?hikool','R?pina vald','P?lva maakond', 26);
INSERT 
INSERT INTO koolid VALUES('Viira Kool','Tori vald','P?rnu maakond', 26);
INS
INSERT INTO koolid VALUES('Pisisaare Algkool','Pajusi vald','J?geva maakond', 
INSERT INTO koolid VALUES('Valguta Lasteaed-Algkool','R?ngu vald','Tartu maakond', 24);
INSERT INTO koolid VALUES('Himmaste Algkool','P?lva vald','P?lva maakond', 23);
I
INSERT INTO koolid VALUES('Neeme Kool','J?el?htme vald','Harju maakond', 23);
INSERT INTO koolid VALUES('Aakre Lasteaed-Algkool','Puka vald','Valga maakond', 22);
INSERT INTO koo
INSERT INTO koolid VALUES('K?msi Lasteaed-Algkool','Hanila vald','L??ne maakond', 22);
INSERT INTO koolid VALUES('Salla P?hikool','Rakke vald','L??ne-Viru maakond', 22);
INSERT INTO koolid VALUES('Varbola Lasteaed-Algkool','M?rjamaa vald','Rapla maakond', 22);
INSERT I
INSERT INTO koolid VALUES('Aruv?lja Lasteaed-Algkool','Audru vald','P?rnu maakond', 
INSERT INTO koolid VALUES('Kergu Lasteaed-Algkool','V?ndra vald','P?rnu maakond INSERT INTO koolid VALUES('Kuremaa Lasteaed-Algkool','J?geva vald','J?geva 
INSERT INTO koolid VALUES('Pikakannu Kool','Lasva vald','V?ru maakond', 20);
INSERT INTO
INSERT INTO koolid VALUES('T?ri Toimetulekukool','T?ri vald','J?rva maakond', 20
INSERT INTO koolid VALUES('Ahula Lasteaed-Algkool','Albu vald','J?rva maakond',
INSERT INTO koolid VALUES('Paide Valla Lasteaed-Kool','Paide vald','J?rva maako INSERT INTO koolid VALUES('Seljametsa Lasteaed-Algkool','Paikuse vald','P?rnu maakon
INSERT INTO koolid VALUES('Veltsi Lasteaed-Algkool','Rakvere vald','L??ne-Viru maakond', 
INSERT INTO koolid VALUES('?ru Lasteaed-Algkool','?ru vald','Valga maakond', 18);
I
INSERT INTO koolid VALUES('Metsk?la Algkool','Lihula vald','L??ne maakond', 17);
INSERT INTO koolid VALUES('N?va Kool','N?va vald','L??ne maakond', 17);
INSERT INTO koolid VALUES('Puiatu Lasteaed-Kool','P?rsti vald','Viljandi maakond', 17);
INSERT INTO
INSERT INTO koolid VALUES('Suigu Lasteaed-Algkool','Are vald','P?rnu maakond', 17
INSERT INTO koolid VALUES('Suurem?isa Lasteaed-P?hikool','P?halepa vald','Hiiu maakond', 17);
I
INSERT INTO koolid VALUES('Kabala Kool-Lasteaed','T?ri vald','J?rva maakond'
INSERT INTO koolid VALUES('Kavastu Algkool-Lasteaed','Luunja vald','Tartu maa INSERT INTO koolid VALUES('Rakvere T?iskasvanute G?mnaasium','Rakvere linn','L??ne-Viru maakond',  INSERT INTO koolid VALUES('Kasari P?hikool','Lihula vald','L??ne maakond', 15);
INSERT I
INSERT INTO koolid VALUES('Pihtla Kool','Pihtla vald','Saare maakond', 15);
INSERT I INSERT INTO koolid VALUES('Pihtla Kool','Pihtla vald','Saare maakond', 15);
INSERT INTO 
INSERT INTO koolid VALUES('K?rstna Kool','Tarvastu vald','Viljandi maakond', 14);
INSERT INTO  INSERT INTO koolid VALUES('K?rstna Kool','Tarvastu vald','Viljandi maakond', 14);
INSERT I
INSERT INTO koolid VALUES('Pikasilla Algkool','P?drala vald','Valga maakond
INSERT INTO koolid VALUES('Unipiha Algkool','Kambja vald','Tartu maakond',
INSERT INTO koolid VALUES('Vahenurme Lasteaed-Algkool','Halinga vald','P?rnu
INSERT INTO koolid VALUES('Ramsi Lasteaed-Kool','P?rsti vald','Viljandi ma
INSERT INTO koolid VALUES('Vatla P?hikool','Hanila vald','L??ne maakond', 12);
INSERT INT
INSERT INTO koolid VALUES('Prangli P?hikool','Viimsi vald','Harju maakond'
INSERT INTO koolid VALUES('Aidu Lasteaed-Algkool','Pajusi vald','J?geva maakond
INSERT INTO koolid VALUES('Lahu Algkool','Rakke vald','L??ne-Viru maakond', 9
INSERT INTO koolid VALUES('Lavassaare Lasteaed-Algkool','Lavassaare vald
INSERT INTO koolid VALUES('Saduk?la Lasteaed-Algkool','Puurmani vald','J?geva maakond', 7);
INSERT INTO koolid VALUES('Ruhnu P?hikool','Ruhnu vald','Saare maakond', 6);
INSERT INTO koolid VALUES('Massiaru Algkool','H??demeeste vald','P?rnu maakond', 3);
ALTER TABLE koolid ADD id INT NOT NULL AUTO_INCREMENT PRIMARY KEY FIRST;
;
select * from koolid;
exit
quit
select * from koolid;
drop table koolid;
mysql -uif14 -pifikas2014 if14_markuss < koolid.sql
;
< koolid.sql;
< koolid.sql
;
/home/jaagup/public_html/if14/ab/a/koolid.sql
;
use koolid;
create table koolid;
DROP TABLE IF EXISTS koolid;
CREATE TABLE koolid(
   koolinimi VARCHAR(50),
   vald VARCHAR(50),
   maakond VARCHAR(50),
   opilasi INT
);
CREATE TABLE koolid(    koolinimi VARCHAR(50),    vald VARCHAR(50),    maakond VARCHAR(50),    opilasi INT );
use koolid;
explain
;
show * tables;
show tables;
select * from koolid;
use koolid;
use DATABASE_NAME;
-uif14 -pifikas2014 if14_markuss < /home/jaagup/public_html/if14/ab/a/koolid.sql
;
-u if14 -p koolid < file.sql
;
-u if14 -p koolid.sql < file.sql
;
-u if14 -p koolid.sql < /home/jaagup/public_html/if14/ab/a/koolid.sql
;
use db_name;
use koolid.sql;
use koolid;
-u if14 -p ifikas2014 koolid < koolid.sql;
cd Desktop
;
show tables;
select * from koolid;
cd Desktop
;
use koolid;
CREATE TABLE notes(id INT NOT NULL AUTO_INCREMENT PRIMARY KEY,   title VARCHAR(200),   content TEXT );
select from notes;
select * from notes;
explain notes;
show tables
;
select * from notes;
delete from notes where content = :4444444444444";
show tables;
exit
select * from notes;
CREATE TABLE raamatud(
  id INT NOT NULL AUTO_INCREMENT PRIMARY KEY,
  raamatunimi VARCHAR(30),
  autor VARCHAR(30),
  aasta DATE,
  epost VARCHAR(30),
  atagasiside TEXT,
  kindlalerkogule INT DEFAULT 0,
  raamatukogu VARCHAR(30),
  rkirje INT DEFAULT 0,
  antud INT DEFAULT 0,
  saabunud INT DEFAULT 0,
  rtagasiside TEXT,
);
CREATE TABLE raamatud(   id INT NOT NULL AUTO_INCREMENT PRIMARY KEY,   raamatunimi VARCHAR(30),   autor VARCHAR(30),   aasta DATE,   epost VARCHAR(30),   atagasiside TEXT,   kindlalerkogule INT DEFAULT 0,   raamatukogu VARCHAR(30),   rkirje INT DEFAULT 0,   antud INT DEFAULT 0,   saabunud INT DEFAULT 0,   rtagasiside TEXT, );
CREATE TABLE raamatud(
  id INT NOT NULL AUTO_INCREMENT PRIMARY KEY,
  raamatunimi VARCHAR(30),
  autor VARCHAR(30),
  aasta DATE,
  epost VARCHAR(30),
  atagasiside TEXT,
  kindlalerkogule INT DEFAULT 0,
  raamatukogu VARCHAR(30),
  rkirje INT DEFAULT 0,
  antud INT DEFAULT 0,
  saabunud INT DEFAULT 0,
  rtagasiside TEXT
);
CREATE TABLE raamatud(   id INT NOT NULL AUTO_INCREMENT PRIMARY KEY,   raamatunimi VARCHAR(30),   autor VARCHAR(30),   aasta DATE,   epost VARCHAR(30),   atagasiside TEXT,   kindlalerkogule INT DEFAULT 0,   raamatukogu VARCHAR(30),   rkirje INT DEFAULT 0,   antud INT DEFAULT 0,   saabunud INT DEFAULT 0,   rtagasiside TEXT );
INSERT INTO raamatud (raamatunimi, autor, aasta, epost) VALUES ('Kõik autodest', 'Aun Auto', '1989', 'Mati@Mardikas.ee')
INSERT INTO raamatud (raamatunimi, autor, aasta, epost) VALUES ('Sipsik', 'Eno Raud', '1993', 'Uno@Tulp.ee')
INSERT INTO raamatud (raamatunimi, autor, aasta, epost) VALUES ('Hobbit', 'J Tolkien', '2000', 'Juku@Juhan.com')
INSERT INTO raamatud (raamatunimi, autor, aasta, epost) VALUES ('Harry Potter', 'J Rowling', '2001', 'Märt@Tamm.com')
INSERT INTO raamatud (raamatunimi, autor, aasta, epost) VALUES ('Eragon', 'Christopher Paolini', '2002', 'Siim@Sipelgas.com')
INSERT INTO raamatud (raamatunimi, autor, aasta, epost) VALUES ('Raamat1', 'Autor Meh', '1950', 'Uno@Tulp.ee')
INSERT INTO raamatud (raamatunimi, autor, aasta, epost) VALUES ('Raamat2', 'Autor Meh', '2010', 'Mati@Mätas.com')
INSERT INTO raamatud (raamatunimi, autor, aasta, epost) VALUES ('Raamat3', 'Tuim Kirjutaja', '1995', 'Mattias@Puu.com')
INSERT INTO raamatud (raamatunimi, autor, aasta, epost) VALUES ('Raamat4', 'Andekas Sulepea', '2006', 'Mati@Mätas.com')
INSERT INTO raamatud (raamatunimi, autor, aasta, epost) VALUES ('Raamat5', 'Täielik Tont', '2014', 'Mati@Mätas.com')
INSERT INTO raamatud (raamatunimi, autor, aasta, epost) VALUES ('Raamat6', 'Nimetu Tundmatu', '1979', 'Mattias@Puu.com')
;
INSERT INTO raamatud (raamatunimi, autor, aasta, epost) VALUES ('Kõik autodest', 'Aun Auto', '1989', 'Mati@Mardikas.ee') INSERT INTO raamatud (raamatunimi, autor, aasta, epost) VALUES ('Sipsik', 'Eno Raud', '1993', 'Uno@Tulp.ee') INSERT INTO raamatud (raamatunimi, autor, aasta, epost) VALUES ('Hobbit', 'J Tolkien', '2000', 'Juku@Juhan.com') INSERT INTO raamatud (raamatunimi, autor, aasta, epost) VALUES ('Harry Potter', 'J Rowling', '2001', 'Märt@Tamm.com') INSERT INTO raamatud (raamatunimi, autor, aasta, epost) VALUES ('Eragon', 'Christopher Paolini', '2002', 'Siim@Sipelgas.com') INSERT INTO raamatud (raamatunimi, autor, aasta, epost) VALUES ('Raamat1', 'Autor Meh', '1950', 'Uno@Tulp.ee') INSERT INTO raamatud (raamatunimi, autor, aasta, epost) VALUES ('Raamat2', 'Autor Meh', '2010', 'Mati@Mätas.com') INSERT INTO raamatud (raamatunimi, autor, aasta, epost) VALUES ('Raamat3', 'Tuim Kirjutaja', '1995', 'Mattias@Puu.com') INSERT INTO raamatud (raamatunimi, autor, aasta, epost) VALUES ('Raamat4', 'Andekas Sulepea', '2006', 'Mati@Mätas.com') INSERT INTO raamatud (raamatunimi, autor, aasta, epost) VALUES ('Raamat5', 'Täielik Tont', '2014', 'Mati@Mätas.com') INSERT INTO raamatud (raamatunimi, autor, aasta, epost) VALUES ('Raamat6', 'Nimetu Tundmatu', '1979', 'Mattias@Puu.com');
INSERT INTO raamatud (raamatunimi, autor, aasta, epost) VALUES ('Kõik autodest', 'Aun Auto', '1989', 'Mati@Mardikas.ee');
INSERT INTO raamatud (raamatunimi, autor, aasta, epost) VALUES ('Sipsik', 'Eno Raud', '1993', 'Uno@Tulp.ee');
INSERT INTO raamatud (raamatunimi, autor, aasta, epost) VALUES ('Hobbit', 'J Tolkien', '2000', 'Juku@Juhan.com');
INSERT INTO raamatud (raamatunimi, autor, aasta, epost) VALUES ('Harry Potter', 'J Rowling', '2001', 'Märt@Tamm.com');
INSERT INTO raamatud (raamatunimi, autor, aasta, epost) VALUES ('Eragon', 'Christopher Paolini', '2002', 'Siim@Sipelgas.com');
INSERT INTO raamatud (raamatunimi, autor, aasta, epost) VALUES ('Raamat1', 'Autor Meh', '1950', 'Uno@Tulp.ee');
INSERT INTO raamatud (raamatunimi, autor, aasta, epost) VALUES ('Raamat2', 'Autor Meh', '2010', 'Mati@Mätas.com');
INSERT INTO raamatud (raamatunimi, autor, aasta, epost) VALUES ('Raamat3', 'Tuim Kirjutaja', '1995', 'Mattias@Puu.com');
INSERT INTO raamatud (raamatunimi, autor, aasta, epost) VALUES ('Raamat4', 'Andekas Sulepea', '2006', 'Mati@Mätas.com');
INSERT INTO raamatud (raamatunimi, autor, aasta, epost) VALUES ('Raamat5', 'Täielik Tont', '2014', 'Mati@Mätas.com');
INSERT INTO raamatud (raamatunimi, autor, aasta, epost) VALUES ('Raamat6', 'Nimetu Tundmatu', '1979', 'Mattias@Puu.com');
SELECT * FROM raamatud;
Drop table raamatud;
CREATE TABLE raamatud(
  id INT NOT NULL AUTO_INCREMENT PRIMARY KEY,
  raamatunimi VARCHAR(30),
  autor VARCHAR(30),
  aasta DATE,
  epost VARCHAR(30),
  atagasiside TEXT,
  kindlalerkogule INT DEFAULT 0,
  raamatukogu VARCHAR(30),
  rkirje INT DEFAULT 0,
  antud INT DEFAULT 0,
  saabunud INT DEFAULT 0,
  rtagasiside TEXT
);
CREATE TABLE raamatud(   id INT NOT NULL AUTO_INCREMENT PRIMARY KEY,   raamatunimi VARCHAR(30),   autor VARCHAR(30),   aasta DATE,   epost VARCHAR(30),   atagasiside TEXT,   kindlalerkogule INT DEFAULT 0,   raamatukogu VARCHAR(30),   rkirje INT DEFAULT 0,   antud INT DEFAULT 0,   saabunud INT DEFAULT 0,   rtagasiside TEXT );
INSERT INTO raamatud (raamatunimi, autor, aasta, epost) VALUES ('Kõik autodest', 'Aun Auto', '1989-0-0', 'Mati@Mardikas.ee');
INSERT INTO raamatud (raamatunimi, autor, aasta, epost) VALUES ('Sipsik', 'Eno Raud', '1993-0-0', 'Uno@Tulp.ee');
INSERT INTO raamatud (raamatunimi, autor, aasta, epost) VALUES ('Hobbit', 'J Tolkien', '2000-0-0', 'Juku@Juhan.com');
INSERT INTO raamatud (raamatunimi, autor, aasta, epost) VALUES ('Harry Potter', 'J Rowling', '2001-0-0', 'Märt@Tamm.com');
INSERT INTO raamatud (raamatunimi, autor, aasta, epost) VALUES ('Eragon', 'Christopher Paolini', '2002-0-0', 'Siim@Sipelgas.com');
INSERT INTO raamatud (raamatunimi, autor, aasta, epost) VALUES ('Raamat1', 'Autor Meh', '1950-0-0', 'Uno@Tulp.ee');
INSERT INTO raamatud (raamatunimi, autor, aasta, epost) VALUES ('Raamat2', 'Autor Meh', '2010-0-0', 'Mati@Mätas.com');
INSERT INTO raamatud (raamatunimi, autor, aasta, epost) VALUES ('Raamat3', 'Tuim Kirjutaja', '1995-0-0', 'Mattias@Puu.com');
INSERT INTO raamatud (raamatunimi, autor, aasta, epost) VALUES ('Raamat4', 'Andekas Sulepea', '2006-0-0', 'Mati@Mätas.com');
INSERT INTO raamatud (raamatunimi, autor, aasta, epost) VALUES ('Raamat5', 'Täielik Tont', '2014-0-0', 'Mati@Mätas.com');
INSERT INTO raamatud (raamatunimi, autor, aasta, epost) VALUES ('Raamat6', 'Nimetu Tundmatu', '1979-0-0', 'Mattias@Puu.com');
select * from raamatud;
UPDATE raamatud SET atagasiside='Natuke katki' WHERE raamatunimi='Kõik autodest';
UPDATE raamatud SET atagasiside='Korralik' WHERE raamatunimi='Sipsik';
UPDATE raamatud SET atagasiside='Täiesti puruks' WHERE raamatunimi='Raamat1';
UPDATE raamatud SET atagasiside='Täiesti terve, uhiuus' WHEER raamatunimi='Eragon';
UPDATE raamatud SET atagasiside='Täiesti terve, uhiuus' WHERE raamatunimi='Eragon';
SELECT * FROM raamatud;
mysql> SELECT * FROM raamatud;
+----+----------------+---------------------+------------+-------------------+------------------------+-----------------+-------------+--------+-------+----------+-------------+
| id | raamatunimi    | autor               | aasta      | epost             | atagasiside            | kindlalerkogule | raamatukogu | rkirje | antud | saabunud | rtagasiside |
+----+----------------+---------------------+------------+-------------------+------------------------+-----------------+-------------+--------+-------+----------+-------------+
|  1 | Kõik autodest  | Aun Auto            | 1989-00-00 | Mati@Mardikas.ee  | Natuke katki           |               0 | NULL        |      0 |     0 |        0 | NULL        |
|  2 | Sipsik         | Eno Raud            | 1993-00-00 | Uno@Tulp.ee       | Korralik               |               0 | NULL        |      0 |     0 |        0 | NULL        |
|  3 | Hobbit         | J Tolkien           | 2000-00-00 | Juku@Juhan.com    | NULL                   |               0 | NULL        |      0 |     0 |        0 | NULL        |
|  4 | Harry Potter   | J Rowling           | 2001-00-00 | Märt@Tamm.com     | NULL                   |               0 | NULL        |      0 |     0 |        0 | NULL        |
|  5 | Eragon         | Christopher Paolini | 2002-00-00 | Siim@Sipelgas.com | Täiesti terve, uhiuus  |               0 | NULL        |      0 |     0 |        0 | NULL        |
|  6 | Raamat1        | Autor Meh           | 1950-00-00 | Uno@Tulp.ee       | Täiesti puruks         |               0 | NULL        |      0 |     0 |        0 | NULL        |
|  7 | Raamat2        | Autor Meh           | 2010-00-00 | Mati@Mätas.com    | NULL                   |               0 | NULL        |      0 |     0 |        0 | NULL        |
|  8 | Raamat3        | Tuim Kirjutaja      | 1995-00-00 | Mattias@Puu.com   | NULL                   |               0 | NULL        |      0 |     0 |        0 | NULL        |
|  9 | Raamat4        | Andekas Sulepea     | 2006-00-00 | Mati@Mätas.com    | NULL                   |               0 | NULL        |      0 |     0 |        0 | NULL        |
| 10 | Raamat5        | Täielik Tont        | 2014-00-00 | Mati@Mätas.com    | NULL                   |               0 | NULL        |      0 |     0 |        0 | NULL        |
| 11 | Raamat6        | Nimetu Tundmatu     | 1979-00-00 | Mattias@Puu.com   | NULL                   |               0 | NULL        |      0 |     0 |        0 | NULL        |
+----+----------------+---------------------+------------+-------------------+------------------------+-----------------+-------------+--------+-------+----------+-------------+
11 rows in set (0.00 sec)
;
+----+----------------+---------------------+------------+-------------------+------------------------+-----------------+-------------+--------+-------+----------+-------------+ | id | raamatunimi    | autor               | aasta      | epost             | atagasiside            | kindlalerkogule | raamatukogu | rkirje | antud | saabunud | rtagasiside | +----+----------------+---------------------+------------+-------------------+------------------------+-----------------+-------------+--------+-------+----------+-------------+ |  1 | Kõik autodest  | Aun Auto            | 1989-00-00 | Mati@Mardikas.ee  | Natuke katki           |               0 | NULL        |      0 |     0 |        0 | NULL        | |  2 | Sipsik         | Eno Raud            | 1993-00-00 | Uno@Tulp.ee       | Korralik               |               0 | NULL        |      0 |     0 |        0 | NULL        | |  3 | Hobbit         | J Tolkien           | 2000-00-00 | Juku@Juhan.com    | NULL                   |               0 | NULL        |      0 |     0 |        0 | NULL        | |  4 | Harry Potter   | J Rowling           | 2001-00-00 | Märt@Tamm.com     | NULL                   |               0 | NULL        |      0 |     0 |        0 | NULL        | |  5 | Eragon         | Christopher Paolini | 2002-00-00 | Siim@Sipelgas.com | Täiesti terve, uhiuus  |               0 | NULL        |      0 |     0 |        0 | NULL        | |  6 | Raamat1        | Autor Meh           | 1950-00-00 | Uno@Tulp.ee       | Täiesti puruks         |               0 | NULL        |      0 |     0 |        0 | NULL        | |  7 | Raamat2        | Autor Meh           | 2010-00-00 | Mati@Mätas.com    | NULL                   |               0 | NULL        |      0 |     0 |        0 | NULL        | |  8 | Raamat3        | Tuim Kirjutaja      | 1995-00-00 | Mattias@Puu.com   | NULL                   |               0 | NULL        |      0 |     0 |        0 | NULL        | |  9 | Raamat4        | Andekas Sulepea     | 2006-00-00 | Mati@Mätas.com    | NULL                   |               0 | NULL        |      0 |     0 |        0 | NULL        | | 10 | Raamat5        | Täielik Tont        | 2014-00-00 | Mati@Mätas.com    | NULL                   |               0 | NULL        |      0 |     0 |        0 | NULL        | | 11 | Raamat6        | Nimetu Tundmatu     | 1979-00-00 | Mattias@Puu.com   | NULL                   |               0 | NULL        |      0 |     0 |        0 | NULL        | +----+----------------+---------------------+------------+-------------------+------------------------+-----------------+-------------+--------+-------+----------+-------------+ 11 rows in set (0.00 sec);
UPDATE raamatud SET kindlalerkogule='1' WHERE raamatunimi='Eragon';
UPDATE raamatud SET raamatukogu='Keskraamatukogu' WHERE raamatunimi='Eragon';
UPDATE raamatud SET kindlalerkogule='1' WHERE raamatunimi='Raamat1';
UPDATE raamatud SET raamatukogu='Põhiraamatukogu' WHERE raamatunimi='Raamat1';
UPDATE raamatud SET kindlalerkogule='1' WHERE raamatunimi='Raamat2';
UPDATE raamatud SET raamatukogu='Põhiraamatukogu' WHERE raamatunimi='Raamat2';
UPDATE raamatud SET kindlalerkogule='1' WHERE raamatunimi='Raamat3';
UPDATE raamatud SET raamatukogu='Põhiraamatukogu' WHERE raamatunimi='Raamat3';
select * from raamatud;
mysql> select * from raamatud;
+----+----------------+---------------------+------------+-------------------+------------------------+-----------------+------------------+--------+-------+----------+-------------+
| id | raamatunimi    | autor               | aasta      | epost             | atagasiside            | kindlalerkogule | raamatukogu      | rkirje | antud | saabunud | rtagasiside |
+----+----------------+---------------------+------------+-------------------+------------------------+-----------------+------------------+--------+-------+----------+-------------+
|  1 | Kõik autodest  | Aun Auto            | 1989-00-00 | Mati@Mardikas.ee  | Natuke katki           |               0 | NULL             |      0 |     0 |        0 | NULL        |
|  2 | Sipsik         | Eno Raud            | 1993-00-00 | Uno@Tulp.ee       | Korralik               |               0 | NULL             |      0 |     0 |        0 | NULL        |
|  3 | Hobbit         | J Tolkien           | 2000-00-00 | Juku@Juhan.com    | NULL                   |               0 | NULL             |      0 |     0 |        0 | NULL        |
|  4 | Harry Potter   | J Rowling           | 2001-00-00 | Märt@Tamm.com     | NULL                   |               0 | NULL             |      0 |     0 |        0 | NULL        |
|  5 | Eragon         | Christopher Paolini | 2002-00-00 | Siim@Sipelgas.com | Täiesti terve, uhiuus  |               1 | Keskraamatukogu  |      0 |     0 |        0 | NULL        |
|  6 | Raamat1        | Autor Meh           | 1950-00-00 | Uno@Tulp.ee       | Täiesti puruks         |               1 | Põhiraamatukogu  |      0 |     0 |        0 | NULL        |
|  7 | Raamat2        | Autor Meh           | 2010-00-00 | Mati@Mätas.com    | NULL                   |               1 | Põhiraamatukogu  |      0 |     0 |        0 | NULL        |
|  8 | Raamat3        | Tuim Kirjutaja      | 1995-00-00 | Mattias@Puu.com   | NULL                   |               1 | Põhiraamatukogu  |      0 |     0 |        0 | NULL        |
|  9 | Raamat4        | Andekas Sulepea     | 2006-00-00 | Mati@Mätas.com    | NULL                   |               0 | NULL             |      0 |     0 |        0 | NULL        |
| 10 | Raamat5        | Täielik Tont        | 2014-00-00 | Mati@Mätas.com    | NULL                   |               0 | NULL             |      0 |     0 |        0 | NULL        |
| 11 | Raamat6        | Nimetu Tundmatu     | 1979-00-00 | Mattias@Puu.com   | NULL                   |               0 | NULL             |      0 |     0 |        0 | NULL        |
+----+----------------+---------------------+------------+-------------------+------------------------+-----------------+------------------+--------+-------+----------+-------------
11 rows in set (0.00 sec)
,
;
+----+----------------+---------------------+------------+-------------------+------------------------+-----------------+------------------+--------+-------+----------+-------------+ | id | raamatunimi    | autor               | aasta      | epost             | atagasiside            | kindlalerkogule | raamatukogu      | rkirje | antud | saabunud | rtagasiside | +----+----------------+---------------------+------------+-------------------+------------------------+-----------------+------------------+--------+-------+----------+-------------+ |  1 | Kõik autodest  | Aun Auto            | 1989-00-00 | Mati@Mardikas.ee  | Natuke katki           |               0 | NULL             |      0 |     0 |        0 | NULL        | |  2 | Sipsik         | Eno Raud            | 1993-00-00 | Uno@Tulp.ee       | Korralik               |               0 | NULL             |      0 |     0 |        0 | NULL        | |  3 | Hobbit         | J Tolkien           | 2000-00-00 | Juku@Juhan.com    | NULL                   |               0 | NULL             |      0 |     0 |        0 | NULL        | |  4 | Harry Potter   | J Rowling           | 2001-00-00 | Märt@Tamm.com     | NULL                   |               0 | NULL             |      0 |     0 |        0 | NULL        | |  5 | Eragon         | Christopher Paolini | 2002-00-00 | Siim@Sipelgas.com | Täiesti terve, uhiuus  |               1 | Keskraamatukogu  |      0 |     0 |        0 | NULL        | |  6 | Raamat1        | Autor Meh           | 1950-00-00 | Uno@Tulp.ee       | Täiesti puruks         |               1 | Põhiraamatukogu  |      0 |     0 |        0 | NULL        | |  7 | Raamat2        | Autor Meh           | 2010-00-00 | Mati@Mätas.com    | NULL                   |               1 | Põhiraamatukogu  |      0 |     0 |        0 | NULL        | |  8 | Raamat3        | Tuim Kirjutaja      | 1995-00-00 | Mattias@Puu.com   | NULL                   |               1 | Põhiraamatukogu  |      0 |     0 |        0 | NULL        | |  9 | Raamat4        | Andekas Sulepea     | 2006-00-00 | Mati@Mätas.com    | NULL                   |               0 | NULL             |      0 |     0 |        0 | NULL        | | 10 | Raamat5        | Täielik Tont        | 2014-00-00 | Mati@Mätas.com    | NULL                   |               0 | NULL             |      0 |     0 |        0 | NULL        | | 11 | Raamat6        | Nimetu Tundmatu     | 1979-00-00 | Mattias@Puu.com   | NULL                   |               0 | NULL             |      0 |     0 |        0 | NULL        | +----+----------------+---------------------+------------+-------------------+------------------------+-----------------+------------------+--------+-------+----------+-------------+ 11 rows in set (0.00 sec) ,;
UPDATE raamatud SET rkirje='1' WHERE raamatunimi='Eragon';
UPDATE raamatud SET rkirje='1' WHERE raamatunimi='Raamat3';
UPDATE raamatud SET rkirje='0' WHERE raamatunimi='Raamat1';
mysql> select * from raamatud;
select * from raamatud;
mysql> select * from raamatud;
+----+----------------+---------------------+------------+-------------------+------------------------+-----------------+------------------+--------+-------+----------+-------------+
| id | raamatunimi    | autor               | aasta      | epost             | atagasiside            | kindlalerkogule | raamatukogu      | rkirje | antud | saabunud | rtagasiside |
+----+----------------+---------------------+------------+-------------------+------------------------+-----------------+------------------+--------+-------+----------+-------------+
|  1 | Kõik autodest  | Aun Auto            | 1989-00-00 | Mati@Mardikas.ee  | Natuke katki           |               0 | NULL             |      0 |     0 |        0 | NULL        |
|  2 | Sipsik         | Eno Raud            | 1993-00-00 | Uno@Tulp.ee       | Korralik               |               0 | NULL             |      0 |     0 |        0 | NULL        |
|  3 | Hobbit         | J Tolkien           | 2000-00-00 | Juku@Juhan.com    | NULL                   |               0 | NULL             |      0 |     0 |        0 | NULL        |
|  4 | Harry Potter   | J Rowling           | 2001-00-00 | Märt@Tamm.com     | NULL                   |               0 | NULL             |      0 |     0 |        0 | NULL        |
|  5 | Eragon         | Christopher Paolini | 2002-00-00 | Siim@Sipelgas.com | Täiesti terve, uhiuus  |               1 | Keskraamatukogu  |      1 |     0 |        0 | NULL        |
|  6 | Raamat1        | Autor Meh           | 1950-00-00 | Uno@Tulp.ee       | Täiesti puruks         |               1 | Põhiraamatukogu  |      0 |     0 |        0 | NULL        |
|  7 | Raamat2        | Autor Meh           | 2010-00-00 | Mati@Mätas.com    | NULL                   |               1 | Põhiraamatukogu  |      0 |     0 |        0 | NULL        |
|  8 | Raamat3        | Tuim Kirjutaja      | 1995-00-00 | Mattias@Puu.com   | NULL                   |               1 | Põhiraamatukogu  |      1 |     0 |        0 | NULL        |
|  9 | Raamat4        | Andekas Sulepea     | 2006-00-00 | Mati@Mätas.com    | NULL                   |               0 | NULL             |      0 |     0 |        0 | NULL        |
| 10 | Raamat5        | Täielik Tont        | 2014-00-00 | Mati@Mätas.com    | NULL                   |               0 | NULL             |      0 |     0 |        0 | NULL        |
| 11 | Raamat6        | Nimetu Tundmatu     | 1979-00-00 | Mattias@Puu.com   | NULL                   |               0 | NULL             |      0 |     0 |        0 | NULL        |
+----+----------------+---------------------+------------+-------------------+------------------------+-----------------+------------------+--------+-------+----------+-------------+
11 rows in set (0.00 sec)
;
+----+----------------+---------------------+------------+-------------------+------------------------+-----------------+------------------+--------+-------+----------+-------------+ | id | raamatunimi    | autor               | aasta      | epost             | atagasiside            | kindlalerkogule | raamatukogu      | rkirje | antud | saabunud | rtagasiside | +----+----------------+---------------------+------------+-------------------+------------------------+-----------------+------------------+--------+-------+----------+-------------+ |  1 | Kõik autodest  | Aun Auto            | 1989-00-00 | Mati@Mardikas.ee  | Natuke katki           |               0 | NULL             |      0 |     0 |        0 | NULL        | |  2 | Sipsik         | Eno Raud            | 1993-00-00 | Uno@Tulp.ee       | Korralik               |               0 | NULL             |      0 |     0 |        0 | NULL        | |  3 | Hobbit         | J Tolkien           | 2000-00-00 | Juku@Juhan.com    | NULL                   |               0 | NULL             |      0 |     0 |        0 | NULL        | |  4 | Harry Potter   | J Rowling           | 2001-00-00 | Märt@Tamm.com     | NULL                   |               0 | NULL             |      0 |     0 |        0 | NULL        | |  5 | Eragon         | Christopher Paolini | 2002-00-00 | Siim@Sipelgas.com | Täiesti terve, uhiuus  |               1 | Keskraamatukogu  |      1 |     0 |        0 | NULL        | |  6 | Raamat1        | Autor Meh           | 1950-00-00 | Uno@Tulp.ee       | Täiesti puruks         |               1 | Põhiraamatukogu  |      0 |     0 |        0 | NULL        | |  7 | Raamat2        | Autor Meh           | 2010-00-00 | Mati@Mätas.com    | NULL                   |               1 | Põhiraamatukogu  |      0 |     0 |        0 | NULL        | |  8 | Raamat3        | Tuim Kirjutaja      | 1995-00-00 | Mattias@Puu.com   | NULL                   |               1 | Põhiraamatukogu  |      1 |     0 |        0 | NULL        | |  9 | Raamat4        | Andekas Sulepea     | 2006-00-00 | Mati@Mätas.com    | NULL                   |               0 | NULL             |      0 |     0 |        0 | NULL        | | 10 | Raamat5        | Täielik Tont        | 2014-00-00 | Mati@Mätas.com    | NULL                   |               0 | NULL             |      0 |     0 |        0 | NULL        | | 11 | Raamat6        | Nimetu Tundmatu     | 1979-00-00 | Mattias@Puu.com   | NULL                   |               0 | NULL             |      0 |     0 |        0 | NULL        | +----+----------------+---------------------+------------+-------------------+------------------------+-----------------+------------------+--------+-------+----------+-------------+ 11 rows in set (0.00 sec);
UPDATE raamatud SET antud='1' WHERE raamatunimi='Eragon';
UPDATE raamatud SET antud='1' WHERE raamatunimi='Raamat3';
select * from raamatud;
mysql> select * from raamatud;
+----+----------------+---------------------+------------+-------------------+------------------------+-----------------+------------------+--------+-------+----------+-------------+
| id | raamatunimi    | autor               | aasta      | epost             | atagasiside            | kindlalerkogule | raamatukogu      | rkirje | antud | saabunud | rtagasiside |
+----+----------------+---------------------+------------+-------------------+------------------------+-----------------+------------------+--------+-------+----------+-------------+
|  1 | Kõik autodest  | Aun Auto            | 1989-00-00 | Mati@Mardikas.ee  | Natuke katki           |               0 | NULL             |      0 |     0 |        0 | NULL        |
|  2 | Sipsik         | Eno Raud            | 1993-00-00 | Uno@Tulp.ee       | Korralik               |               0 | NULL             |      0 |     0 |        0 | NULL        |
|  3 | Hobbit         | J Tolkien           | 2000-00-00 | Juku@Juhan.com    | NULL                   |               0 | NULL             |      0 |     0 |        0 | NULL        |
|  4 | Harry Potter   | J Rowling           | 2001-00-00 | Märt@Tamm.com     | NULL                   |               0 | NULL             |      0 |     0 |        0 | NULL        |
|  5 | Eragon         | Christopher Paolini | 2002-00-00 | Siim@Sipelgas.com | Täiesti terve, uhiuus  |               1 | Keskraamatukogu  |      1 |     1 |        0 | NULL        |
|  6 | Raamat1        | Autor Meh           | 1950-00-00 | Uno@Tulp.ee       | Täiesti puruks         |               1 | Põhiraamatukogu  |      0 |     0 |        0 | NULL        |
|  7 | Raamat2        | Autor Meh           | 2010-00-00 | Mati@Mätas.com    | NULL                   |               1 | Põhiraamatukogu  |      0 |     0 |        0 | NULL        |
|  8 | Raamat3        | Tuim Kirjutaja      | 1995-00-00 | Mattias@Puu.com   | NULL                   |               1 | Põhiraamatukogu  |      1 |     1 |        0 | NULL        |
|  9 | Raamat4        | Andekas Sulepea     | 2006-00-00 | Mati@Mätas.com    | NULL                   |               0 | NULL             |      0 |     0 |        0 | NULL        |
| 10 | Raamat5        | Täielik Tont        | 2014-00-00 | Mati@Mätas.com    | NULL                   |               0 | NULL             |      0 |     0 |        0 | NULL        |
| 11 | Raamat6        | Nimetu Tundmatu     | 1979-00-00 | Mattias@Puu.com   | NULL                   |               0 | NULL             |      0 |     0 |        0 | NULL        |
+----+----------------+---------------------+------------+-------------------+------------------------+-----------------+------------------+--------+-------+----------+-------------+
11 rows in set (0.00 sec)
;
+----+----------------+---------------------+------------+-------------------+------------------------+-----------------+------------------+--------+-------+----------+-------------+ | id | raamatunimi    | autor               | aasta      | epost             | atagasiside            | kindlalerkogule | raamatukogu      | rkirje | antud | saabunud | rtagasiside | +----+----------------+---------------------+------------+-------------------+------------------------+-----------------+------------------+--------+-------+----------+-------------+ |  1 | Kõik autodest  | Aun Auto            | 1989-00-00 | Mati@Mardikas.ee  | Natuke katki           |               0 | NULL             |      0 |     0 |        0 | NULL        | |  2 | Sipsik         | Eno Raud            | 1993-00-00 | Uno@Tulp.ee       | Korralik               |               0 | NULL             |      0 |     0 |        0 | NULL        | |  3 | Hobbit         | J Tolkien           | 2000-00-00 | Juku@Juhan.com    | NULL                   |               0 | NULL             |      0 |     0 |        0 | NULL        | |  4 | Harry Potter   | J Rowling           | 2001-00-00 | Märt@Tamm.com     | NULL                   |               0 | NULL             |      0 |     0 |        0 | NULL        | |  5 | Eragon         | Christopher Paolini | 2002-00-00 | Siim@Sipelgas.com | Täiesti terve, uhiuus  |               1 | Keskraamatukogu  |      1 |     1 |        0 | NULL        | |  6 | Raamat1        | Autor Meh           | 1950-00-00 | Uno@Tulp.ee       | Täiesti puruks         |               1 | Põhiraamatukogu  |      0 |     0 |        0 | NULL        | |  7 | Raamat2        | Autor Meh           | 2010-00-00 | Mati@Mätas.com    | NULL                   |               1 | Põhiraamatukogu  |      0 |     0 |        0 | NULL        | |  8 | Raamat3        | Tuim Kirjutaja      | 1995-00-00 | Mattias@Puu.com   | NULL                   |               1 | Põhiraamatukogu  |      1 |     1 |        0 | NULL        | |  9 | Raamat4        | Andekas Sulepea     | 2006-00-00 | Mati@Mätas.com    | NULL                   |               0 | NULL             |      0 |     0 |        0 | NULL        | | 10 | Raamat5        | Täielik Tont        | 2014-00-00 | Mati@Mätas.com    | NULL                   |               0 | NULL             |      0 |     0 |        0 | NULL        | | 11 | Raamat6        | Nimetu Tundmatu     | 1979-00-00 | Mattias@Puu.com   | NULL                   |               0 | NULL             |      0 |     0 |        0 | NULL        | +----+----------------+---------------------+------------+-------------------+------------------------+-----------------+------------------+--------+-------+----------+-------------+ 11 rows in set (0.00 sec);
UPDATE raamatud SET rtagasiside='Oli korras nagu kirjeldatud' WHERE raamatunimi='Eragon';
UPDATE raamatud SET rtagasiside='Seis ei olnud nagu algselt lubatud' WHERE raamatunimi='Raamat3';
select * from raamatud;
mysql> select * from raamatud;
+----+----------------+---------------------+------------+-------------------+------------------------+-----------------+------------------+--------+-------+----------+------------------------------------+
| id | raamatunimi    | autor               | aasta      | epost             | atagasiside            | kindlalerkogule | raamatukogu      | rkirje | antud | saabunud | rtagasiside                        |
+----+----------------+---------------------+------------+-------------------+------------------------+-----------------+------------------+--------+-------+----------+------------------------------------+
|  1 | Kõik autodest  | Aun Auto            | 1989-00-00 | Mati@Mardikas.ee  | Natuke katki           |               0 | NULL             |      0 |     0 |        0 | NULL                               |
|  2 | Sipsik         | Eno Raud            | 1993-00-00 | Uno@Tulp.ee       | Korralik               |               0 | NULL             |      0 |     0 |        0 | NULL                               |
|  3 | Hobbit         | J Tolkien           | 2000-00-00 | Juku@Juhan.com    | NULL                   |               0 | NULL             |      0 |     0 |        0 | NULL                               |
|  4 | Harry Potter   | J Rowling           | 2001-00-00 | Märt@Tamm.com     | NULL                   |               0 | NULL             |      0 |     0 |        0 | NULL                               |
|  5 | Eragon         | Christopher Paolini | 2002-00-00 | Siim@Sipelgas.com | Täiesti terve, uhiuus  |               1 | Keskraamatukogu  |      1 |     1 |        0 | Oli korras nagu kirjeldatud        |
|  6 | Raamat1        | Autor Meh           | 1950-00-00 | Uno@Tulp.ee       | Täiesti puruks         |               1 | Põhiraamatukogu  |      0 |     0 |        0 | NULL                               |
|  7 | Raamat2        | Autor Meh           | 2010-00-00 | Mati@Mätas.com    | NULL                   |               1 | Põhiraamatukogu  |      0 |     0 |        0 | NULL                               |
|  8 | Raamat3        | Tuim Kirjutaja      | 1995-00-00 | Mattias@Puu.com   | NULL                   |               1 | Põhiraamatukogu  |      1 |     1 |        0 | Seis ei olnud nagu algselt lubatud |
|  9 | Raamat4        | Andekas Sulepea     | 2006-00-00 | Mati@Mätas.com    | NULL                   |               0 | NULL             |      0 |     0 |        0 | NULL                               |
| 10 | Raamat5        | Täielik Tont        | 2014-00-00 | Mati@Mätas.com    | NULL                   |               0 | NULL             |      0 |     0 |        0 | NULL                               |
| 11 | Raamat6        | Nimetu Tundmatu     | 1979-00-00 | Mattias@Puu.com   | NULL                   |               0 | NULL             |      0 |     0 |        0 | NULL                               |
+----+----------------+---------------------+------------+-------------------+------------------------+-----------------+------------------+--------+-------+----------+------------------------------------+
11 rows in set (0.00 sec)
;
+----+----------------+---------------------+------------+-------------------+------------------------+-----------------+------------------+--------+-------+----------+------------------------------------+ | id | raamatunimi    | autor               | aasta      | epost             | atagasiside            | kindlalerkogule | raamatukogu      | rkirje | antud | saabunud | rtagasiside                        | +----+----------------+---------------------+------------+-------------------+------------------------+-----------------+------------------+--------+-------+----------+------------------------------------+ |  1 | Kõik autodest  | Aun Auto            | 1989-00-00 | Mati@Mardikas.ee  | Natuke katki           |               0 | NULL             |      0 |     0 |        0 | NULL                               | |  2 | Sipsik         | Eno Raud            | 1993-00-00 | Uno@Tulp.ee       | Korralik               |               0 | NULL             |      0 |     0 |        0 | NULL                               | |  3 | Hobbit         | J Tolkien           | 2000-00-00 | Juku@Juhan.com    | NULL                   |               0 | NULL             |      0 |     0 |        0 | NULL                               | |  4 | Harry Potter   | J Rowling           | 2001-00-00 | Märt@Tamm.com     | NULL                   |               0 | NULL             |      0 |     0 |        0 | NULL                               | |  5 | Eragon         | Christopher Paolini | 2002-00-00 | Siim@Sipelgas.com | Täiesti terve, uhiuus  |               1 | Keskraamatukogu  |      1 |     1 |        0 | Oli korras nagu kirjeldatud        | |  6 | Raamat1        | Autor Meh           | 1950-00-00 | Uno@Tulp.ee       | Täiesti puruks         |               1 | Põhiraamatukogu  |      0 |     0 |        0 | NULL                               | |  7 | Raamat2        | Autor Meh           | 2010-00-00 | Mati@Mätas.com    | NULL                   |               1 | Põhiraamatukogu  |      0 |     0 |        0 | NULL                               | |  8 | Raamat3        | Tuim Kirjutaja      | 1995-00-00 | Mattias@Puu.com   | NULL                   |               1 | Põhiraamatukogu  |      1 |     1 |        0 | Seis ei olnud nagu algselt lubatud | |  9 | Raamat4        | Andekas Sulepea     | 2006-00-00 | Mati@Mätas.com    | NULL                   |               0 | NULL             |      0 |     0 |        0 | NULL                               | | 10 | Raamat5        | Täielik Tont        | 2014-00-00 | Mati@Mätas.com    | NULL                   |               0 | NULL             |      0 |     0 |        0 | NULL                               | | 11 | Raamat6        | Nimetu Tundmatu     | 1979-00-00 | Mattias@Puu.com   | NULL                   |               0 | NULL             |      0 |     0 |        0 | NULL                               | +----+----------------+---------------------+------------+-------------------+------------------------+-----------------+------------------+--------+-------+----------+------------------------------------+ 11 rows in set (0.00 sec);
UPDATE raamatud SET saabunud='1' WHERE raamatunimi='Eragon';
UPDATE raamatud SET saabunud='1' WHERE raamatunimi='Raamat3';
select * from raamatud;
mysql> select * from raamatud;
+----+----------------+---------------------+------------+-------------------+------------------------+-----------------+------------------+--------+-------+----------+------------------------------------+
| id | raamatunimi    | autor               | aasta      | epost             | atagasiside            | kindlalerkogule | raamatukogu      | rkirje | antud | saabunud | rtagasiside                        |
+----+----------------+---------------------+------------+-------------------+------------------------+-----------------+------------------+--------+-------+----------+------------------------------------+
|  1 | Kõik autodest  | Aun Auto            | 1989-00-00 | Mati@Mardikas.ee  | Natuke katki           |               0 | NULL             |      0 |     0 |        0 | NULL                               |
|  2 | Sipsik         | Eno Raud            | 1993-00-00 | Uno@Tulp.ee       | Korralik               |               0 | NULL             |      0 |     0 |        0 | NULL                               |
|  3 | Hobbit         | J Tolkien           | 2000-00-00 | Juku@Juhan.com    | NULL                   |               0 | NULL             |      0 |     0 |        0 | NULL                               |
|  4 | Harry Potter   | J Rowling           | 2001-00-00 | Märt@Tamm.com     | NULL                   |               0 | NULL             |      0 |     0 |        0 | NULL                               |
|  5 | Eragon         | Christopher Paolini | 2002-00-00 | Siim@Sipelgas.com | Täiesti terve, uhiuus  |               1 | Keskraamatukogu  |      1 |     1 |        1 | Oli korras nagu kirjeldatud        |
|  6 | Raamat1        | Autor Meh           | 1950-00-00 | Uno@Tulp.ee       | Täiesti puruks         |               1 | Põhiraamatukogu  |      0 |     0 |        0 | NULL                               |
|  7 | Raamat2        | Autor Meh           | 2010-00-00 | Mati@Mätas.com    | NULL                   |               1 | Põhiraamatukogu  |      0 |     0 |        0 | NULL                               |
|  8 | Raamat3        | Tuim Kirjutaja      | 1995-00-00 | Mattias@Puu.com   | NULL                   |               1 | Põhiraamatukogu  |      1 |     1 |        1 | Seis ei olnud nagu algselt lubatud |
|  9 | Raamat4        | Andekas Sulepea     | 2006-00-00 | Mati@Mätas.com    | NULL                   |               0 | NULL             |      0 |     0 |        0 | NULL                               |
| 10 | Raamat5        | Täielik Tont        | 2014-00-00 | Mati@Mätas.com    | NULL                   |               0 | NULL             |      0 |     0 |        0 | NULL                               |
| 11 | Raamat6        | Nimetu Tundmatu     | 1979-00-00 | Mattias@Puu.com   | NULL                   |               0 | NULL             |      0 |     0 |        0 | NULL                               |
+----+----------------+---------------------+------------+-------------------+------------------------+-----------------+------------------+--------+-------+----------+------------------------------------+
11 rows in set (0.00 sec)
;
+----+----------------+---------------------+------------+-------------------+------------------------+-----------------+------------------+--------+-------+----------+------------------------------------+ | id | raamatunimi    | autor               | aasta      | epost             | atagasiside            | kindlalerkogule | raamatukogu      | rkirje | antud | saabunud | rtagasiside                        | +----+----------------+---------------------+------------+-------------------+------------------------+-----------------+------------------+--------+-------+----------+------------------------------------+ |  1 | Kõik autodest  | Aun Auto            | 1989-00-00 | Mati@Mardikas.ee  | Natuke katki           |               0 | NULL             |      0 |     0 |        0 | NULL                               | |  2 | Sipsik         | Eno Raud            | 1993-00-00 | Uno@Tulp.ee       | Korralik               |               0 | NULL             |      0 |     0 |        0 | NULL                               | |  3 | Hobbit         | J Tolkien           | 2000-00-00 | Juku@Juhan.com    | NULL                   |               0 | NULL             |      0 |     0 |        0 | NULL                               | |  4 | Harry Potter   | J Rowling           | 2001-00-00 | Märt@Tamm.com     | NULL                   |               0 | NULL             |      0 |     0 |        0 | NULL                               | |  5 | Eragon         | Christopher Paolini | 2002-00-00 | Siim@Sipelgas.com | Täiesti terve, uhiuus  |               1 | Keskraamatukogu  |      1 |     1 |        1 | Oli korras nagu kirjeldatud        | |  6 | Raamat1        | Autor Meh           | 1950-00-00 | Uno@Tulp.ee       | Täiesti puruks         |               1 | Põhiraamatukogu  |      0 |     0 |        0 | NULL                               | |  7 | Raamat2        | Autor Meh           | 2010-00-00 | Mati@Mätas.com    | NULL                   |               1 | Põhiraamatukogu  |      0 |     0 |        0 | NULL                               | |  8 | Raamat3        | Tuim Kirjutaja      | 1995-00-00 | Mattias@Puu.com   | NULL                   |               1 | Põhiraamatukogu  |      1 |     1 |        1 | Seis ei olnud nagu algselt lubatud | |  9 | Raamat4        | Andekas Sulepea     | 2006-00-00 | Mati@Mätas.com    | NULL                   |               0 | NULL             |      0 |     0 |        0 | NULL                               | | 10 | Raamat5        | Täielik Tont        | 2014-00-00 | Mati@Mätas.com    | NULL                   |               0 | NULL             |      0 |     0 |        0 | NULL                               | | 11 | Raamat6        | Nimetu Tundmatu     | 1979-00-00 | Mattias@Puu.com   | NULL                   |               0 | NULL             |      0 |     0 |        0 | NULL                               | +----+----------------+---------------------+------------+-------------------+------------------------+-----------------+------------------+--------+-------+----------+------------------------------------+ 11 rows in set (0.00 sec);
SELECT * FROM raamatud WHERE saabunud='1';
mysql> SELECT * FROM raamatud WHERE saabunud='1';
+----+-------------+---------------------+------------+-------------------+------------------------+-----------------+------------------+--------+-------+----------+------------------------------------+
| id | raamatunimi | autor               | aasta      | epost             | atagasiside            | kindlalerkogule | raamatukogu      | rkirje | antud | saabunud | rtagasiside                        |
+----+-------------+---------------------+------------+-------------------+------------------------+-----------------+------------------+--------+-------+----------+------------------------------------+
|  5 | Eragon      | Christopher Paolini | 2002-00-00 | Siim@Sipelgas.com | Täiesti terve, uhiuus  |               1 | Keskraamatukogu  |      1 |     1 |        1 | Oli korras nagu kirjeldatud        |
|  8 | Raamat3     | Tuim Kirjutaja      | 1995-00-00 | Mattias@Puu.com   | NULL                   |               1 | Põhiraamatukogu  |      1 |     1 |        1 | Seis ei olnud nagu algselt lubatud |
+----+-------------+---------------------+------------+-------------------+------------------------+-----------------+------------------+--------+-------+----------+------------------------------------+
2 rows in set (0.00 sec)
;
+----+-------------+---------------------+------------+-------------------+------------------------+-----------------+------------------+--------+-------+----------+------------------------------------+ | id | raamatunimi | autor               | aasta      | epost             | atagasiside            | kindlalerkogule | raamatukogu      | rkirje | antud | saabunud | rtagasiside                        | +----+-------------+---------------------+------------+-------------------+------------------------+-----------------+------------------+--------+-------+----------+------------------------------------+ |  5 | Eragon      | Christopher Paolini | 2002-00-00 | Siim@Sipelgas.com | Täiesti terve, uhiuus  |               1 | Keskraamatukogu  |      1 |     1 |        1 | Oli korras nagu kirjeldatud        | |  8 | Raamat3     | Tuim Kirjutaja      | 1995-00-00 | Mattias@Puu.com   | NULL                   |               1 | Põhiraamatukogu  |      1 |     1 |        1 | Seis ei olnud nagu algselt lubatud | +----+-------------+---------------------+------------+-------------------+------------------------+-----------------+------------------+--------+-------+----------+------------------------------------+ 2 rows in set (0.00 sec);
SELECT * FROM raamatud WHERE rkirje='1';
mysql> SELECT * FROM raamatud WHERE rkirje='1';
+----+-------------+---------------------+------------+-------------------+------------------------+-----------------+------------------+--------+-------+----------+------------------------------------+
| id | raamatunimi | autor               | aasta      | epost             | atagasiside            | kindlalerkogule | raamatukogu      | rkirje | antud | saabunud | rtagasiside                        |
+----+-------------+---------------------+------------+-------------------+------------------------+-----------------+------------------+--------+-------+----------+------------------------------------+
|  5 | Eragon      | Christopher Paolini | 2002-00-00 | Siim@Sipelgas.com | Täiesti terve, uhiuus  |               1 | Keskraamatukogu  |      1 |     1 |        1 | Oli korras nagu kirjeldatud        |
|  8 | Raamat3     | Tuim Kirjutaja      | 1995-00-00 | Mattias@Puu.com   | NULL                   |               1 | Põhiraamatukogu  |      1 |     1 |        1 | Seis ei olnud nagu algselt lubatud |
+----+-------------+---------------------+------------+-------------------+------------------------+-----------------+------------------+--------+-------+----------+------------------------------------+
2 rows in set (0.00 sec)
;
+----+-------------+---------------------+------------+-------------------+------------------------+-----------------+------------------+--------+-------+----------+------------------------------------+ | id | raamatunimi | autor               | aasta      | epost             | atagasiside            | kindlalerkogule | raamatukogu      | rkirje | antud | saabunud | rtagasiside                        | +----+-------------+---------------------+------------+-------------------+------------------------+-----------------+------------------+--------+-------+----------+------------------------------------+ |  5 | Eragon      | Christopher Paolini | 2002-00-00 | Siim@Sipelgas.com | Täiesti terve, uhiuus  |               1 | Keskraamatukogu  |      1 |     1 |        1 | Oli korras nagu kirjeldatud        | |  8 | Raamat3     | Tuim Kirjutaja      | 1995-00-00 | Mattias@Puu.com   | NULL                   |               1 | Põhiraamatukogu  |      1 |     1 |        1 | Seis ei olnud nagu algselt lubatud | +----+-------------+---------------------+------------+-------------------+------------------------+-----------------+------------------+--------+-------+----------+------------------------------------+ 2 rows in set (0.00 sec);
SELECT * FROM raamatud WHERE antud='1';
SELECT * FROM raamatud GROUP BY raamatukogu;
select count(*) from raamatud;
select count(raamatukogu) from raamatud;
select distinct raamatukogu from raamatud;
select count(distinct raamatukogu) from raamatud;
select distinct id, raamatukogu from raamatud;
select distinct raamatunimi, raamatukogu from raamatud;
select count(distinct raamatunimi) from raamatud;
select count(distinct raamatukogu) from raamatud;
select count(distinct raamatunimi, raamatukogu) from raamatud;
select raamatukogu, count(distinct raamatunimi) from raamatud;
select raamatukogu, count(raamatunimi) from raamatud;
select count(*), raamatukogu from raamatud;
select from raamatud group by raamatukogu;
select from raamatud group by epost;
select *  from raamatud group by epost;
select epost from raamatud group by raamatukogu;
select epost, raamatukogu from raamatud group by raamatud;
select epost, raamatukogu from raamatud group by raamatukogu;
UPDATE raamatud SET raamatukogu='Alamraamatukogu' WHERE autor='Aun Auto';
select epost, raamatukogu from raamatud group by raamatukogu;
UPDATE raamatud SET rkirje='1' where raamatukogu='Alamraamatukogu';
select count(*) from raamatud group by raamatukogu;
select * from raamatud;
select count(raamatunimi) group by raamatukogu;
select count(raamatunimi) from raamatud group by raamatukogu;
select raamatukogu, count(raamatunimi) from raamatud group by raamatukogu;
select rkirje, raamatukogu, count(raamatunimi) from raamatud group by raamatukogu;
select raamatukogu, count(raamatunimi) from raamatud group by raamatukogu;
select * from raamatud;
select epost, raamatukogu from raamatud;
select raamatukogu, rkirje, count(raamatunimi) from raamatud;
select raamatukogu, countr(raamatunimi) from raamatud group by raamatukogu;
select * from raamatud;
select * from raamatud group by rkirje;
select * from raamatud distinct(raamatunimi) group by rkirje;
select raamatukogu from raamatud distinct(raamatunimi) group by rkirje;
select raamatukogu from raamatud distinct(raamatunimi) group by epost;
select epost, raamatukogu, rkirje from raamatud;
select epost, raamatukogu, rkirje, antud from raamatud;
select epost, distinct(raamatukogu), rkirje, antud from raamatud;
select epost, raamatukogu, rkirje, antud from raamatud;
select distinct raamatukogu;
select distinct raamatukogu from raamatud;
select rkirje, antud, saabunud distinct raamatukogu from raamatud;
select cound(raamatunimi) distinct raamatukogu from raamatud;
select count(raamatunimi)from raamatud group by raamatukogu;
select raamatukogu, count(raamatunimi)from raamatud group by raamatukogu;
select raamatukogu, count(raamatunimid), rkirje, antud from raamatud group by raamatukogu;
select raamatukogu, count(raamatunimi), rkirje, antud from raamatud group by raamatukogu;
select * from notes;
select * from tellimus;
show tables;
CREATE TABLE riigid(
id INT NOT NULL PRIMARY KEY,
nimi VARCHAR(12),
pealinn VARCHAR(12),
pealinnaelanikud INT,
üldelanikud
);
CREATE TABLE riigid( id INT NOT NULL PRIMARY KEY, nimi VARCHAR(12), pealinn VARCHAR(12), pealinnaelanikud INT, üldelanikud );
CREATE TABLE riigid(
id INT NOT NULL PRIMARY KEY,
nimi VARCHAR(12),
pealinn VARCHAR(12),
pealinnaelanikud INT,
üldelanikud,
);
CREATE TABLE riigid( id INT NOT NULL PRIMARY KEY, nimi VARCHAR(12), pealinn VARCHAR(12), pealinnaelanikud INT, üldelanikud, );
CREATE TABLE riigid(
id INT NOT NULL PRIMARY KEY,
nimi VARCHAR(12),
pealinn VARCHAR(12),
pealinnaelanikud INT,
üldelanikud INT
);
CREATE TABLE riigid( id INT NOT NULL PRIMARY KEY, nimi VARCHAR(12), pealinn VARCHAR(12), pealinnaelanikud INT, üldelanikud INT );
select * from riigid;
INSERT INTO riigid (nimi, pealinn, pealinnaelanikud, üldelanikud) VALUES ('Eesti', 'Tallinn', '431 521', '1 311 870');
INSERT INTO riigid (nimi, pealinn, pealinnaelanikud, üldelanikud) VALUES ('Saksamaa', 'Berliin', '3 500 000', '80 716 000');
INSERT INTO riigid (nimi, pealinn, pealinnaelanikud, üldelanikud) VALUES ('Soome', 'Helsingi', '614 074', '5 457 429');
INSERT INTO riigid (nimi, pealinn, pealinnaelanikud, üldelanikud) VALUES ('Läti', 'Riia', '643 368', '1 994 300');
INSERT INTO riigid (nimi, pealinn, pealinnaelanikud, üldelanikud) VALUES ('Leedu', 'Vilnius', '539 939', '2 994 459');
INSERT INTO riigid (nimi, pealinn, pealinnaelanikud, üldelanikud) VALUES ('Inglismaa', 'London', '8 416 535', '53 012 456');
INSERT INTO riigid (nimi, pealinn, pealinnaelanikud, üldelanikud) VALUES ('Prantsusmaa', 'Pariis', '2 249 975', '66 616 416');
INSERT INTO riigid (nimi, pealinn, pealinnaelanikud, üldelanikud) VALUES ('Venemaa', 'Moskva', '12 108 257', '143 000 000');
INSERT INTO riigid (nimi, pealinn, pealinnaelanikud, üldelanikud) VALUES ('Rootsi', 'Stockholm', '905 184', '9 658 301');
INSERT INTO riigid (nimi, pealinn, pealinnaelanikud, üldelanikud) VALUES ('Norra', 'Oslo', '634 463', '5 136 700')
select * from riigid;
INSERT INTO riigid (nimi, pealinn, pealinnaelanikud, üldelanikud) VALUES ('Norra', 'Oslo', '634 463', '5 136 700') select * from riigid;
select * from riigid;
delete row where pealinn="Tallinn";
delete where pealinn="Tallinn";
drop table riigid;
CREATE TABLE riigid(
id INT NOT NULL PRIMARY KEY,
nimi VARCHAR(12),
pealinn VARCHAR(12),
pealinnaelanikud INT,
üldelanikud INT
);
CREATE TABLE riigid( id INT NOT NULL PRIMARY KEY, nimi VARCHAR(12), pealinn VARCHAR(12), pealinnaelanikud INT, üldelanikud INT );
INSERT INTO riigid (nimi, pealinn, pealinnaelanikud, üldelanikud) VALUES ('Eesti', 'Tallinn', '431521', '1311870');
INSERT INTO riigid (nimi, pealinn, pealinnaelanikud, üldelanikud) VALUES ('Saksamaa', 'Berliin', '3500000', '80716000');
INSERT INTO riigid (nimi, pealinn, pealinnaelanikud, üldelanikud) VALUES ('Soome', 'Helsingi', '614074', '5457429');
INSERT INTO riigid (nimi, pealinn, pealinnaelanikud, üldelanikud) VALUES ('Läti', 'Riia', '643368', '1994300');
INSERT INTO riigid (nimi, pealinn, pealinnaelanikud, üldelanikud) VALUES ('Leedu', 'Vilnius', '539939', '2994459');
INSERT INTO riigid (nimi, pealinn, pealinnaelanikud, üldelanikud) VALUES ('Inglismaa', 'London', '8416535', '53012456');
INSERT INTO riigid (nimi, pealinn, pealinnaelanikud, üldelanikud) VALUES ('Prantsusmaa', 'Pariis', '2249975', '66616416');
INSERT INTO riigid (nimi, pealinn, pealinnaelanikud, üldelanikud) VALUES ('Venemaa', 'Moskva', '12108257', '143000000');
INSERT INTO riigid (nimi, pealinn, pealinnaelanikud, üldelanikud) VALUES ('Rootsi', 'Stockholm', '905184', '9658301');
INSERT INTO riigid (nimi, pealinn, pealinnaelanikud, üldelanikud) VALUES ('Norra', 'Oslo', '634463', '5136700');
drop table riigid;
CREATE TABLE riigid(
id INT NOT NULL AUTO_INCREMENT PRIMARY KEY,
nimi VARCHAR(12),
pealinn VARCHAR(12),
pealinnaelanikud INT,
üldelanikud INT
);
CREATE TABLE riigid( id INT NOT NULL AUTO_INCREMENT PRIMARY KEY, nimi VARCHAR(12), pealinn VARCHAR(12), pealinnaelanikud INT, üldelanikud INT );
INSERT INTO riigid (nimi, pealinn, pealinnaelanikud, üldelanikud) VALUES ('Eesti', 'Tallinn', '431521', '1311870');
INSERT INTO riigid (nimi, pealinn, pealinnaelanikud, üldelanikud) VALUES ('Saksamaa', 'Berliin', '3500000', '80716000');
INSERT INTO riigid (nimi, pealinn, pealinnaelanikud, üldelanikud) VALUES ('Soome', 'Helsingi', '614074', '5457429');
INSERT INTO riigid (nimi, pealinn, pealinnaelanikud, üldelanikud) VALUES ('Läti', 'Riia', '643368', '1994300');
INSERT INTO riigid (nimi, pealinn, pealinnaelanikud, üldelanikud) VALUES ('Leedu', 'Vilnius', '539939', '2994459');
INSERT INTO riigid (nimi, pealinn, pealinnaelanikud, üldelanikud) VALUES ('Inglismaa', 'London', '8416535', '53012456');
INSERT INTO riigid (nimi, pealinn, pealinnaelanikud, üldelanikud) VALUES ('Prantsusmaa', 'Pariis', '2249975', '66616416');
INSERT INTO riigid (nimi, pealinn, pealinnaelanikud, üldelanikud) VALUES ('Venemaa', 'Moskva', '12108257', '143000000');
INSERT INTO riigid (nimi, pealinn, pealinnaelanikud, üldelanikud) VALUES ('Rootsi', 'Stockholm', '905184', '9658301');
INSERT INTO riigid (nimi, pealinn, pealinnaelanikud, üldelanikud) VALUES ('Norra', 'Oslo', '634463', '5136700');
select * from riigid;
mysql> select * from riigid;
+----+-------------+-----------+------------------+--------------+
| id | nimi        | pealinn   | pealinnaelanikud | üldelanikud  |
+----+-------------+-----------+------------------+--------------+
|  1 | Eesti       | Tallinn   |           431521 |      1311870 |
|  2 | Saksamaa    | Berliin   |          3500000 |     80716000 |
|  3 | Soome       | Helsingi  |           614074 |      5457429 |
|  4 | Läti        | Riia      |           643368 |      1994300 |
|  5 | Leedu       | Vilnius   |           539939 |      2994459 |
|  6 | Inglismaa   | London    |          8416535 |     53012456 |
|  7 | Prantsusmaa | Pariis    |          2249975 |     66616416 |
|  8 | Venemaa     | Moskva    |         12108257 |    143000000 |
|  9 | Rootsi      | Stockholm |           905184 |      9658301 |
| 10 | Norra       | Oslo      |           634463 |      5136700 |
+----+-------------+-----------+------------------+--------------+
10 rows in set (0.00 sec)
select sum(üldelanikud) from riigid;
+----+-------------+-----------+------------------+--------------+ | id | nimi        | pealinn   | pealinnaelanikud | üldelanikud  | +----+-------------+-----------+------------------+--------------+ |  1 | Eesti       | Tallinn   |           431521 |      1311870 | |  2 | Saksamaa    | Berliin   |          3500000 |     80716000 | |  3 | Soome       | Helsingi  |           614074 |      5457429 | |  4 | Läti        | Riia      |           643368 |      1994300 | |  5 | Leedu       | Vilnius   |           539939 |      2994459 | |  6 | Inglismaa   | London    |          8416535 |     53012456 | |  7 | Prantsusmaa | Pariis    |          2249975 |     66616416 | |  8 | Venemaa     | Moskva    |         12108257 |    143000000 | |  9 | Rootsi      | Stockholm |           905184 |      9658301 | | 10 | Norra       | Oslo      |           634463 |      5136700 | +----+-------------+-----------+------------------+--------------+ 10 rows in set (0.00 sec)  select sum(üldelanikud) from riigid;
select sum(üldelanikud) from riigid;
mysql> select sum(üldelanikud) from riigid;                                     +-------------------+
| sum(üldelanikud)  |
+-------------------+
|         369897931 |
+-------------------+
1 row in set (0.00 sec)
mysql>
select sum(pealinnaelanikud) from riigid;
+-------------------+ | sum(üldelanikud)  | +-------------------+ |         369897931 | +-------------------+ 1 row in set (0.00 sec)  mysql>  select sum(pealinnaelanikud) from riigid;
select sum(pealinnaelanikud) from riigid;
mysql> select sum(pealinnaelanikud) from riigid;                                +-----------------------+
| sum(pealinnaelanikud) |
+-----------------------+
|              30043316 |
+-----------------------+
1 row in set (0.00 sec)
count (*) from riigid;
+-----------------------+ | sum(pealinnaelanikud) | +-----------------------+ |              30043316 | +-----------------------+ 1 row in set (0.00 sec)  count (*) from riigid;
count (*) from riigid;
count(*) from riigid;
select count(*) from riigid;
select count(*) from riigid where pealinnaelanikke>100000;
select nimi, pealinn from riigid where pealinnaelanikke>100000;
select nimi, pealinn from riigid where pealinnaelanikud>100000;
select nimi, pealinn from riigid where pealinnaelanikud>1000000;
select nimi, pealinn, pealinnaelanikud from riigid where pealinnaelanikud>1000000;
mysql> select nimi, pealinn, pealinnaelanikud from riigid where pealinnaelanikud>1000000;
+-------------+---------+------------------+
| nimi        | pealinn | pealinnaelanikud |
+-------------+---------+------------------+
| Saksamaa    | Berliin |          3500000 |
| Inglismaa   | London  |          8416535 |
| Prantsusmaa | Pariis  |          2249975 |
| Venemaa     | Moskva  |         12108257 |
+-------------+---------+------------------+
4 rows in set (0.00 sec)
select max(pealinnaelanikud) from riigid;
+-------------+---------+------------------+ | nimi        | pealinn | pealinnaelanikud | +-------------+---------+------------------+ | Saksamaa    | Berliin |          3500000 | | Inglismaa   | London  |          8416535 | | Prantsusmaa | Pariis  |          2249975 | | Venemaa     | Moskva  |         12108257 | +-------------+---------+------------------+ 4 rows in set (0.00 sec) select max(pealinnaelanikud) from riigid;
select max(pealinnaelanikud) from riigid;
select nimi, pealinn max(pealinnaelanikud) from riigid;
select max(pealinnaelanikud) from riigid group by nimi;
select max(pealinnaelanikud) from riigid;
select nimi, pealinn from riigid;
select nimi, pealinn, max(pealinnaelanikud) from riigid;
select nimi, avg(üldelanikud) AS keskmine from riigid;
select * from riigid;
group by üldelanikud;
select * from riigid group by üldelanikud;
select nimi, avg(üldelanikud)
;
select nimi, avg(üldelanikud) from riigid;
select nimi, avg(üldelanikud) as keskmine from riigid group by nimi order by keskmine;
select avg(üldelanikud) as keskmine from riigid;
select avg(üldelanikud) from riigid;
mysql> select avg(üldelanikud) from riigid;
+-------------------+
| avg(üldelanikud)  |
+-------------------+
|     36989793.1000 |
+-------------------+
1 row in set (0.00 sec)
f
select avg(pealinnaelanikud) from riigid;
+-------------------+ | avg(üldelanikud)  | +-------------------+ |     36989793.1000 | +-------------------+ 1 row in set (0.00 sec) f select avg(pealinnaelanikud) from riigid;
select avg(pealinnaelanikud) from riigid;
mysql> select avg(pealinnaelanikud) from riigid;                                +-----------------------+
| avg(pealinnaelanikud) |
+-----------------------+
|          3004331.6000 |
+-----------------------+
1 row in set (0.00 sec)
select
select max(üldelanikud) from riigid;
+-----------------------+ | avg(pealinnaelanikud) | +-----------------------+ |          3004331.6000 | +-----------------------+ 1 row in set (0.00 sec) select select max(üldelanikud) from riigid;
select max(üldelanikud) from riigid;
select nimi, max(üldelanikud) from riigid;
select nimi from riigid where  max(üldelanikud);
select max(üldelanikud) distinct nimi from riigid;
select nimi from riigid where üldelanikud = max;
select nimi from riigid where üldelanikud>avg(üldelanikud);
select count(*) from riigid where avg(üldelanikud)>üldelanikud;
select id, max(üldelanikud) from riigid;
select count(*) max(üldelanikud) from riigid;
select count(*), max(üldelanikud) from riigid;
select nimi, üldelanikud from riigid;
select avg(üldelanikud) from riigid distinct nimi;
select min(pealinnaelanikud) from riigid;
select nimi, min(pealinnaelanikud) from riigid;
select nimi, pealinnaelanikud from riigid;
select nimi, max(pealinnaelanikud) from riigid;
select count(*) from riigid;
mysql> select count(*) from riigid;
+----------+
| count(*) |
+----------+
|       10 |
+----------+
1 row in set (0.00 sec)
select pealinn, count(*) from riigid group by nimi;
mysql> select pealinn, count(*) from riigid group by nimi;
+-----------+----------+
| pealinn   | count(*) |
+-----------+----------+
| Tallinn   |        1 |
| London    |        1 |
| Vilnius   |        1 |
| Riia      |        1 |
| Oslo      |        1 |
| Pariis    |        1 |
| Stockholm |        1 |
| Berliin   |        1 |
| Helsingi  |        1 |
| Moskva    |        1 |
+-----------+----------+
10 rows in set (0.00 sec)
select * from riigid;
+-----------+----------+ | pealinn   | count(*) | +-----------+----------+ | Tallinn   |        1 | | London    |        1 | | Vilnius   |        1 | | Riia      |        1 | | Oslo      |        1 | | Pariis    |        1 | | Stockholm |        1 | | Berliin   |        1 | | Helsingi  |        1 | | Moskva    |        1 | +-----------+----------+ 10 rows in set (0.00 sec) select * from riigid;
select avg(pealinnaelanikud), avg(üldelanikud) from riigid;
mysql> select avg(pealinnaelanikud), avg(üldelanikud) from riigid;
+-----------------------+-------------------+
| avg(pealinnaelanikud) | avg(üldelanikud)  |
+-----------------------+-------------------+
|          3004331.6000 |     36989793.1000 |
+-----------------------+-------------------+
1 row in set (0.00 sec)
select
mysql> select avg(pealinnaelanikud), avg(üldelanikud) from riigid;
+-----------------------+-------------------+ | avg(pealinnaelanikud) | avg(üldelanikud)  | +-----------------------+-------------------+ |          3004331.6000 |     36989793.1000 | +-----------------------+-------------------+ 1 row in set (0.00 sec) select mysql> select avg(pealinnaelanikud), avg(üldelanikud) from riigid;
select nimi from riigid where üldelanikud > (Select avg(üldelanikud) from riigid);
select nimi, üldelanikud from riigid where üldelanikud > (Select avg(üldelanikud) from riigid);
select nimi, üldelanikud, avg(üldelanikud) from riigid where üldelanikud > (Select avg(üldelanikud) from riigid);
select nimi from riigid where pealinnaelanikud > (select avg(pealinnaelanikud) from riigid) > (select avg(pealinnaelanikud) from riigid); 
select nimi from riigid where pealinnaelanikud > (select avg(pealinnaelanikud) from riigid);
select nimi from riigid where pealinnaelanikud < (select avg(pealinnaelanikud) from riigid);
select nimi, pealinnaelanikud from riigid where pealinnaelanikud < (select avg(pealinnaelanikud) from riigid);
mysql> select nimi, pealinnaelanikud from riigid where pealinnaelanikud < (select avg(pealinnaelanikud) from riigid);
+-------------+------------------+
| nimi        | pealinnaelanikud |
+-------------+------------------+
| Eesti       |           431521 |
| Soome       |           614074 |
| Läti        |           643368 |
| Leedu       |           539939 |
| Prantsusmaa |          2249975 |
| Rootsi      |           905184 |
| Norra       |           634463 |
+-------------+------------------+
7 rows in set (0.00 sec)
show tables;
select * from notes;
select * from tellimus;
show tables;
select * from tellimus;
drop table tellimus;
CREATE TABLE tellimus(
  id INT NOT NULL AUTO_INCREMENT PRIMARY KEY,
  toode VARCHAR(30),
  aeg DATETIME UNIQUE,
  kliendinimi VARCHAR(30),
  kontakt VARCHAR(30),
  aktsepteeritud INT DEFAULT 0,
  summa DECIMAL(8, 2),
  arvetasutud INT DEFAULT 0,
  saadetud INT DEFAULT 0,
  kohal INT DEFAULT 0,
  tagasiside TEXT,
  lopetatud INT DEFAULT 0
);
CREATE TABLE tellimus(   id INT NOT NULL AUTO_INCREMENT PRIMARY KEY,   toode VARCHAR(30),   aeg DATETIME UNIQUE,   kliendinimi VARCHAR(30),   kontakt VARCHAR(30),   aktsepteeritud INT DEFAULT 0,   summa DECIMAL(8, 2),   arvetasutud INT DEFAULT 0,   saadetud INT DEFAULT 0,   kohal INT DEFAULT 0,   tagasiside TEXT,   lopetatud INT DEFAULT 0 );
select * from tellimus;
drop table tellimus;
CREATE TABLE tellimus(
  id INT NOT NULL AUTO_INCREMENT PRIMARY KEY,
  toode VARCHAR(30),
  eesnimi VARCHAR(30),
  perekonnanimi VARCHAR(30),
  aadress VARCHAR(30),
  skuupäev DATETIME UNIQUE,
  email VARCHAR(30),
  aktsepteeritud INT DEFAULT 0,
  summa DECIMAL(8, 2),
  arvetasutud INT DEFAULT 0,
  saadetud INT DEFAULT 0,
  kohal INT DEFAULT 0,
  tagasiside TEXT,
  lopetatud INT DEFAULT 0
);
CREATE TABLE tellimus(   id INT NOT NULL AUTO_INCREMENT PRIMARY KEY,   toode VARCHAR(30),   eesnimi VARCHAR(30),   perekonnanimi VARCHAR(30),   aadress VARCHAR(30),   skuupäev DATETIME UNIQUE,   email VARCHAR(30),   aktsepteeritud INT DEFAULT 0,   summa DECIMAL(8, 2),   arvetasutud INT DEFAULT 0,   saadetud INT DEFAULT 0,   kohal INT DEFAULT 0,   tagasiside TEXT,   lopetatud INT DEFAULT 0 );
select * from tellimus;
drop tellimus;
drop table tellimus;
CREATE TABLE tellimus(
  id INT NOT NULL AUTO_INCREMENT PRIMARY KEY,
  toode VARCHAR(30),
  eesnimi VARCHAR(30),
  perekonnanimi VARCHAR(30),
  aadress VARCHAR(30),
  skuupäev DATETIME UNIQUE,
  email VARCHAR(30)
);
CREATE TABLE tellimus(   id INT NOT NULL AUTO_INCREMENT PRIMARY KEY,   toode VARCHAR(30),   eesnimi VARCHAR(30),   perekonnanimi VARCHAR(30),   aadress VARCHAR(30),   skuupäev DATETIME UNIQUE,   email VARCHAR(30) );
drop table tellimus;
CREATE TABLE tellimus(
  id INT NOT NULL AUTO_INCREMENT PRIMARY KEY,
  toode VARCHAR(30),
  eesnimi VARCHAR(30),
  perekonnanimi VARCHAR(30),
  aadress VARCHAR(30),
  skuupäev DATETIME UNIQUE,
  email VARCHAR(30
daa
exit
;
CREATE TABLE tellimus(   id INT NOT NULL AUTO_INCREMENT PRIMARY KEY,   toode VARCHAR(30),   eesnimi VARCHAR(30),   perekonnanimi VARCHAR(30),   aadress VARCHAR(30),   skuupäev DATETIME UNIQUE,   email VARCHAR(30 daa exit;
ysql> CREATE TABLE tellimus(
    ->   id INT NOT NULL AUTO_INCREMENT PRIMARY KEY,
    ->   toode VARCHAR(30),
    ->   eesnimi VARCHAR(30),
    ->   perekonnanimi VARCHAR(30),
    ->   aadress VARCHAR(30),
    ->   skuupäev DATETIME UNIQUE,
    ->   email VARCHAR(30)
;
ysql> CREATE TABLE tellimus(     ->   id INT NOT NULL AUTO_INCREMENT PRIMARY KEY,     ->   toode VARCHAR(30),     ->   eesnimi VARCHAR(30),     ->   perekonnanimi VARCHAR(30),     ->   aadress VARCHAR(30),     ->   skuupäev DATETIME UNIQUE,     ->   email VARCHAR(30);
CREATE TABLE tellimus(
  ID INT NOT NULL AUTO_INCREMENT PRIMARY KEY,
  Toode VARCHAR(30),
  Eesnimi VARCHAR(30),
  Perekonnanimi VARCHAR(30),
  Aadress VARCHAR(30),
  Skuupäev DATETIME UNIQUE,
  Email VARCHAR(30)
);
CREATE TABLE tellimus(   ID INT NOT NULL AUTO_INCREMENT PRIMARY KEY,   Toode VARCHAR(30),   Eesnimi VARCHAR(30),   Perekonnanimi VARCHAR(30),   Aadress VARCHAR(30),   Skuupäev DATETIME UNIQUE,   Email VARCHAR(30) );
select * from tellimus;
select * from tellimus;\
select * from tellimus;
drop table tellimus;
CREATE TABLE tellimus(
  ID INT NOT NULL AUTO_INCREMENT PRIMARY KEY,
  Toode VARCHAR(30),
  Eesnimi VARCHAR(30),
  Perekonnanimi VARCHAR(30),
  Aadress VARCHAR(30),
  Skuupaev DATETIME UNIQUE,
  Email VARCHAR(30)
);
CREATE TABLE tellimus(   ID INT NOT NULL AUTO_INCREMENT PRIMARY KEY,   Toode VARCHAR(30),   Eesnimi VARCHAR(30),   Perekonnanimi VARCHAR(30),   Aadress VARCHAR(30),   Skuupaev DATETIME UNIQUE,   Email VARCHAR(30) );
drop table tellimus;
CREATE TABLE Tellimus(
  ID INT NOT NULL AUTO_INCREMENT PRIMARY KEY,
  Toode VARCHAR(30),
  Eesnimi VARCHAR(30),
  Perekonnanimi VARCHAR(30),
  Aadress VARCHAR(30),
  Skuupaev DATETIME UNIQUE,
  Email VARCHAR(30)
);
CREATE TABLE Tellimus(   ID INT NOT NULL AUTO_INCREMENT PRIMARY KEY,   Toode VARCHAR(30),   Eesnimi VARCHAR(30),   Perekonnanimi VARCHAR(30),   Aadress VARCHAR(30),   Skuupaev DATETIME UNIQUE,   Email VARCHAR(30) );
select * from Tellimus;
drop row where ID=1 from Tellimus;
drop row where ID='1' from Tellimus;
drop table Tellimus;
CREATE TABLE Tellimus(
  ID INT NOT NULL AUTO_INCREMENT PRIMARY KEY,
  Toode VARCHAR(30),
  Eesnimi VARCHAR(30),
  Perekonnanimi VARCHAR(30),
  Aadress VARCHAR(30),
  Skuupaev DATETIME UNIQUE,
  Email VARCHAR(30)
);
CREATE TABLE Tellimus(   ID INT NOT NULL AUTO_INCREMENT PRIMARY KEY,   Toode VARCHAR(30),   Eesnimi VARCHAR(30),   Perekonnanimi VARCHAR(30),   Aadress VARCHAR(30),   Skuupaev DATETIME UNIQUE,   Email VARCHAR(30) );
select * from Tellimus;
show tables;
select * from Tellimus;
show tables;
drop table Tellimus;
CREATE TABLE Tellimus(
  ID INT NOT NULL AUTO_INCREMENT PRIMARY KEY,
  Toode VARCHAR(30),
  Eesnimi VARCHAR(30),
  Perekonnanimi VARCHAR(30),
  Aadress VARCHAR(30),
  Skuupaev DATETIME UNIQUE,
  Email VARCHAR(30),
  aktsepteeritud INT DEFAULT 0,
  summa DECIMAL(8, 2),
  arvetasutud INT DEFAULT 0,
  saadetud INT DEFAULT 0,
  kohal INT DEFAULT 0,
  tagasiside TEXT,
  lopetatud INT DEFAULT 0
);
CREATE TABLE Tellimus(   ID INT NOT NULL AUTO_INCREMENT PRIMARY KEY,   Toode VARCHAR(30),   Eesnimi VARCHAR(30),   Perekonnanimi VARCHAR(30),   Aadress VARCHAR(30),   Skuupaev DATETIME UNIQUE,   Email VARCHAR(30),   aktsepteeritud INT DEFAULT 0,   summa DECIMAL(8, 2),   arvetasutud INT DEFAULT 0,   saadetud INT DEFAULT 0,   kohal INT DEFAULT 0,   tagasiside TEXT,   lopetatud INT DEFAULT 0 );
update
Tellimus SET aktsepteeritud=1 WHERE ID='2';
update Tellimus SET aktsepteeritud=1 WHERE ID='2';
select * from Tellimus where ID='2';
drop table Tellimus<
drop table Tellimus;
drop table Tellimus< drop table Tellimus;
select * from Tellimus;
drop table Tellimus;
CREATE TABLE Tellimus(
  ID INT NOT NULL AUTO_INCREMENT PRIMARY KEY,
  Toode VARCHAR(30),
  Eesnimi VARCHAR(30),
  Perekonnanimi VARCHAR(30),
  Aadress VARCHAR(30),
  Skuupaev DATETIME UNIQUE,
  Email VARCHAR(30),
  Aktsepteeritud VARCHAR(30),
  summa DECIMAL(8, 2),
  arvetasutud INT DEFAULT 0,
  saadetud INT DEFAULT 0,
  kohal INT DEFAULT 0,
  tagasiside TEXT,
  lopetatud INT DEFAULT 0
);
CREATE TABLE Tellimus(   ID INT NOT NULL AUTO_INCREMENT PRIMARY KEY,   Toode VARCHAR(30),   Eesnimi VARCHAR(30),   Perekonnanimi VARCHAR(30),   Aadress VARCHAR(30),   Skuupaev DATETIME UNIQUE,   Email VARCHAR(30),   Aktsepteeritud VARCHAR(30),   summa DECIMAL(8, 2),   arvetasutud INT DEFAULT 0,   saadetud INT DEFAULT 0,   kohal INT DEFAULT 0,   tagasiside TEXT,   lopetatud INT DEFAULT 0 );
update Tellimus SET Aktsepteeritud="Jah" where id='1';
select from Tellimus where id='1';
select from Tellimus where ID='1';
select * from Tellimus where ID='1';
drop table Tellimus;
CREATE TABLE Tellimus(
  ID INT NOT NULL AUTO_INCREMENT PRIMARY KEY,
  Toode VARCHAR(30),
  Eesnimi VARCHAR(30),
  Perekonnanimi VARCHAR(30),
  Aadress VARCHAR(30),
  Skuupaev DATETIME UNIQUE,
  Email VARCHAR(30),
  Aktsepteeritud VARCHAR(30) DEFAULT "Ei",
  summa DECIMAL(8, 2),
  arvetasutud INT DEFAULT 0,
  saadetud INT DEFAULT 0,
  kohal INT DEFAULT 0,
  tagasiside TEXT,
  lopetatud INT DEFAULT 0
);
CREATE TABLE Tellimus(   ID INT NOT NULL AUTO_INCREMENT PRIMARY KEY,   Toode VARCHAR(30),   Eesnimi VARCHAR(30),   Perekonnanimi VARCHAR(30),   Aadress VARCHAR(30),   Skuupaev DATETIME UNIQUE,   Email VARCHAR(30),   Aktsepteeritud VARCHAR(30) DEFAULT "Ei",   summa DECIMAL(8, 2),   arvetasutud INT DEFAULT 0,   saadetud INT DEFAULT 0,   kohal INT DEFAULT 0,   tagasiside TEXT,   lopetatud INT DEFAULT 0 );
select * from Tellimus;
update Tellimus set Aktsepteeritud="Jah" where ID='2';
show tables<
;
show tables;
select * from masinad;
update masinad set labisoit='20000', mudel='4' where aasta='2005';
select * from masinad;
update masinad set labisoit='20000', mudel='3' where aasta='2005';
select * from masinad;
select * from Tellimus;
update Tellimuse SET Toode='Arvuti' where ID='1';
update Tellimus SET Toode='Arvuti' where ID='1';
select * from Tellimus;
update Tellimus SET Toode='Arvuti' where ID='1';
select * from Tellimus;
drop table Tellimus;
CREATE TABLE Tellimus(
  ID INT NOT NULL AUTO_INCREMENT PRIMARY KEY,
  Toode VARCHAR(30),
  Eesnimi VARCHAR(30),
  Perekonnanimi VARCHAR(30),
  Aadress VARCHAR(30),
  Skuupaev DATETIME UNIQUE,
  Email VARCHAR(30),
  Aktsepteeritud VARCHAR(3) DEFAULT "Ei",
  Summa DECIMAL(8, 2) DEFAULT '0,00',
  ArveTasutud VARCHAR(3) DEFAULT "Ei"
);
CREATE TABLE Tellimus(   ID INT NOT NULL AUTO_INCREMENT PRIMARY KEY,   Toode VARCHAR(30),   Eesnimi VARCHAR(30),   Perekonnanimi VARCHAR(30),   Aadress VARCHAR(30),   Skuupaev DATETIME UNIQUE,   Email VARCHAR(30),   Aktsepteeritud VARCHAR(3) DEFAULT "Ei",   Summa DECIMAL(8, 2) DEFAULT '0,00',   ArveTasutud VARCHAR(3) DEFAULT "Ei" );
CREATE TABLE Tellimus(
  ID INT NOT NULL AUTO_INCREMENT PRIMARY KEY,
  Toode VARCHAR(30),
  Eesnimi VARCHAR(30),
  Perekonnanimi VARCHAR(30),
  Aadress VARCHAR(30),
  Skuupaev DATETIME UNIQUE,
  Email VARCHAR(30),
  Aktsepteeritud VARCHAR(3) DEFAULT "Ei",
  Summa DECIMAL(8, 2) NOT NULL,
  ArveTasutud VARCHAR(3) DEFAULT "Ei"
);
CREATE TABLE Tellimus(   ID INT NOT NULL AUTO_INCREMENT PRIMARY KEY,   Toode VARCHAR(30),   Eesnimi VARCHAR(30),   Perekonnanimi VARCHAR(30),   Aadress VARCHAR(30),   Skuupaev DATETIME UNIQUE,   Email VARCHAR(30),   Aktsepteeritud VARCHAR(3) DEFAULT "Ei",   Summa DECIMAL(8, 2) NOT NULL,   ArveTasutud VARCHAR(3) DEFAULT "Ei" );
INSERT INTO Tellimus (Toode, Eesnimi, Perekonnanimi, Aadress, Skuupaev, Email) VALUES ('Arvuti', 'Meelis', 'Mehine', 'Tamme tee 16', '2014-05-30 07:30:00', 'Meelis@Mehine.ee');
INSERT INTO Tellimus (Toode, Eesnimi, Perekonnanimi, Aadress, Skuupaev, Email) VALUES ('Telefon', 'Juhan', 'Juurikas', 'Kuuse tee 29', '2014-06-29 14:57:00', 'Juhan@Juurikas.ee');
INSERT INTO Tellimus (Toode, Eesnimi, Perekonnanimi, Aadress, Skuupaev, Email) VALUES ('Televiisor', 'Martin', 'Mardikas', 'Kadaka tee 9', '2014-10-15 20:10:00', 'Martin@Mardikas.ee');
INSERT INTO Tellimus (Toode, Eesnimi, Perekonnanimi, Aadress, Skuupaev, Email) VALUES ('Tahvelarvuti', 'Silvia', 'Sipelgas', 'Pihlaka tee 43', '2014-12-01 02:00:00', 'Silvia@Sipelgas.ee');
INSERT INTO Tellimus (Toode, Eesnimi, Perekonnanimi, Aadress, Skuupaev, Email) VALUES ('Laptop', 'Kalle', 'Kaalikas', 'Lepa tee 30', '2014-03-10 10:00:00', 'Kalle@Kaalikas.ee');
select * from Tellimus;
clear table Tellimus;
empty table
:
;
empty table : :;
drop table Tellimus;
CREATE TABLE Tellimus(
  ID INT NOT NULL AUTO_INCREMENT PRIMARY KEY,
  Toode VARCHAR(30),
  Eesnimi VARCHAR(30),
  Perekonnanimi VARCHAR(30),
  Aadress VARCHAR(30),
  Skuupaev DATETIME UNIQUE,
  Email VARCHAR(30),
  Aktsepteeritud VARCHAR(3) DEFAULT "Ei",
  Summa DECIMAL(8, 2) NOT NULL,
  ArveTasutud VARCHAR(3) DEFAULT "Ei"
);
CREATE TABLE Tellimus(   ID INT NOT NULL AUTO_INCREMENT PRIMARY KEY,   Toode VARCHAR(30),   Eesnimi VARCHAR(30),   Perekonnanimi VARCHAR(30),   Aadress VARCHAR(30),   Skuupaev DATETIME UNIQUE,   Email VARCHAR(30),   Aktsepteeritud VARCHAR(3) DEFAULT "Ei",   Summa DECIMAL(8, 2) NOT NULL,   ArveTasutud VARCHAR(3) DEFAULT "Ei" );
INSERT INTO Tellimus (Toode, Eesnimi, Perekonnanimi, Aadress, Skuupaev, Email) VALUES ('Arvuti', 'Meelis', 'Mehine', 'Tamme tee 16', '2014-05-30 07:30:00', 'Meelis@Mehine.ee');
INSERT INTO Tellimus (Toode, Eesnimi, Perekonnanimi, Aadress, Skuupaev, Email) VALUES ('Telefon', 'Juhan', 'Juurikas', 'Kuuse tee 29', '2014-06-29 14:57:00', 'Juhan@Juurikas.ee');
INSERT INTO Tellimus (Toode, Eesnimi, Perekonnanimi, Aadress, Skuupaev, Email) VALUES ('Televiisor', 'Martin', 'Mardikas', 'Kadaka tee 9', '2014-10-15 20:10:00', 'Martin@Mardikas.ee');
INSERT INTO Tellimus (Toode, Eesnimi, Perekonnanimi, Aadress, Skuupaev, Email) VALUES ('Tahvelarvuti', 'Silvia', 'Sipelgas', 'Pihlaka tee 43', '2014-12-01 02:00:00', 'Silvia@Sipelgas.ee');
INSERT INTO Tellimus (Toode, Eesnimi, Perekonnanimi, Aadress, Skuupaev, Email) VALUES ('Laptop', 'Kalle', 'Kaalikas', 'Lepa tee 30', '2014-03-10 10:00:00', 'Kalle@Kaalikas.ee');
select * from Tellimus;
drop table Tellimus;
CREATE TABLE Tellimus(
  ID INT NOT NULL AUTO_INCREMENT PRIMARY KEY,
  Toode VARCHAR(30),
  Eesnimi VARCHAR(30),
  Perekonnanimi VARCHAR(30),
  Aadress VARCHAR(30),
  Skuupaev DATETIME UNIQUE,
  Email VARCHAR(30),
  Aktsepteeritud VARCHAR(3) DEFAULT "Ei",
  Summa DECIMAL(8, 2) NOT NULL,
  ArveTasutud VARCHAR(3) DEFAULT "Ei"
);
CREATE TABLE Tellimus(   ID INT NOT NULL AUTO_INCREMENT PRIMARY KEY,   Toode VARCHAR(30),   Eesnimi VARCHAR(30),   Perekonnanimi VARCHAR(30),   Aadress VARCHAR(30),   Skuupaev DATETIME UNIQUE,   Email VARCHAR(30),   Aktsepteeritud VARCHAR(3) DEFAULT "Ei",   Summa DECIMAL(8, 2) NOT NULL,   ArveTasutud VARCHAR(3) DEFAULT "Ei" );
INSERT INTO Tellimus (Toode, Eesnimi, Perekonnanimi, Aadress, Skuupaev, Email) VALUES ('Arvuti', 'Meelis', 'Mehine', 'Tamme tee 16', '2014-05-30 07:30:00', 'Meelis@Mehine.ee');
INSERT INTO Tellimus (Toode, Eesnimi, Perekonnanimi, Aadress, Skuupaev, Email) VALUES ('Telefon', 'Juhan', 'Juurikas', 'Kuuse tee 29', '2014-06-29 14:57:00', 'Juhan@Juurikas.ee');
INSERT INTO Tellimus (Toode, Eesnimi, Perekonnanimi, Aadress, Skuupaev, Email) VALUES ('Televiisor', 'Martin', 'Mardikas', 'Kadaka tee 9', '2014-10-15 20:10:00', 'Martin@Mardikas.ee');
INSERT INTO Tellimus (Toode, Eesnimi, Perekonnanimi, Aadress, Skuupaev, Email) VALUES ('Tahvelarvuti', 'Silvia', 'Sipelgas', 'Pihlaka tee 43', '2014-12-01 02:00:00', 'Silvia@Sipelgas.ee');
INSERT INTO Tellimus (Toode, Eesnimi, Perekonnanimi, Aadress, Skuupaev, Email) VALUES ('Laptop', 'Kalle', 'Kaalikas', 'Lepa tee 30', '2014-03-10 10:00:00', 'Kalle@Kaalikas.ee');
drop table Tellimus;
CREATE TABLE Tellimus(
  ID INT NOT NULL AUTO_INCREMENT PRIMARY KEY,
  Toode VARCHAR(30),
  Eesnimi VARCHAR(30),
  Perekonnanimi VARCHAR(30),
  Aadress VARCHAR(30),
  Skuupaev DATETIME UNIQUE,
  Email VARCHAR(30),
  Aktsepteeritud VARCHAR(3) DEFAULT "Ei",
  Summa DECIMAL(8, 2) NOT NULL,
  ArveTasutud VARCHAR(3) DEFAULT "Ei"
);
CREATE TABLE Tellimus(   ID INT NOT NULL AUTO_INCREMENT PRIMARY KEY,   Toode VARCHAR(30),   Eesnimi VARCHAR(30),   Perekonnanimi VARCHAR(30),   Aadress VARCHAR(30),   Skuupaev DATETIME UNIQUE,   Email VARCHAR(30),   Aktsepteeritud VARCHAR(3) DEFAULT "Ei",   Summa DECIMAL(8, 2) NOT NULL,   ArveTasutud VARCHAR(3) DEFAULT "Ei" );
INSERT INTO Tellimus (Toode, Eesnimi, Perekonnanimi, Aadress, Skuupaev, Email) VALUES ('Arvuti', 'Meelis', 'Mehine', 'Tamme tee 16', '2014-05-30 07:30:00', 'Meelis@Mehine.ee');
INSERT INTO Tellimus (Toode, Eesnimi, Perekonnanimi, Aadress, Skuupaev, Email) VALUES ('Telefon', 'Juhan', 'Juurikas', 'Kuuse tee 29', '2014-06-29 14:57:00', 'Juhan@Juurikas.ee');
INSERT INTO Tellimus (Toode, Eesnimi, Perekonnanimi, Aadress, Skuupaev, Email) VALUES ('Televiisor', 'Martin', 'Mardikas', 'Kadaka tee 9', '2014-10-15 20:10:00', 'Martin@Mardikas.ee');
INSERT INTO Tellimus (Toode, Eesnimi, Perekonnanimi, Aadress, Skuupaev, Email) VALUES ('Tahvelarvuti', 'Silvia', 'Sipelgas', 'Pihlaka tee 43', '2014-12-01 02:00:00', 'Silvia@Sipelgas.ee');
INSERT INTO Tellimus (Toode, Eesnimi, Perekonnanimi, Aadress, Skuupaev, Email) VALUES ('Laptop', 'Kalle', 'Kaalikas', 'Lepa tee 30', '2014-03-10 10:00:00', 'Kalle@Kaalikas.ee');
INSERT INTO Tellimus (Toode, Eesnimi, Perekonnanimi, Aadress, Skuupaev, Email) VALUES ('Tahvelarvuti', 'Silvia', 'Sipelgas', 'Pihlaka tee 43', '2014-12-01 02:00:00', 'Silvia@Sipelgas.ee');
select * from Tellimus;
show tables:
;
show tables;
drop table yo;
drop table users;
CREATE TABLE users(
id INT NOT NULL AUTO_INCREMENT PRIMARY KEY,
name VARCHAR(255) NOT NULL,
email VARCHAR(255) NOT NULL,
phone VARCHAR(255) NOT NULL,
created TIMESTAMP DEFAULT CURRENT_TIMESTAMP, 
last_login DATETIME DEFAULT NULL,
password VARCHAR(128),
UNIQUE(phone),
UNIQUE(email)
);
CREATE TABLE users( id INT NOT NULL AUTO_INCREMENT PRIMARY KEY, name VARCHAR(255) NOT NULL, email VARCHAR(255) NOT NULL, phone VARCHAR(255) NOT NULL, created TIMESTAMP DEFAULT CURRENT_TIMESTAMP,  last_login DATETIME DEFAULT NULL, password VARCHAR(128), UNIQUE(phone), UNIQUE(email) );
CREATE TABLE yo(
   id INT NOT NULL AUTO_INCREMENT PRIMARY KEY,
   sender INT NOT NULL,
   recipient INT NOT NULL,
   sent TIMESTAMP DEFAULT CURRENT_TIMESTAMP,
   recieved DATETIME DEFAULT NULL,
   FOREIGN KEY(recipient) REFERENCES users(id),
   FOREIGN KEY(sender) REFERENCES users(id)
);
CREATE TABLE yo(    id INT NOT NULL AUTO_INCREMENT PRIMARY KEY,    sender INT NOT NULL,    recipient INT NOT NULL,    sent TIMESTAMP DEFAULT CURRENT_TIMESTAMP,    recieved DATETIME DEFAULT NULL,    FOREIGN KEY(recipient) REFERENCES users(id),    FOREIGN KEY(sender) REFERENCES users(id) );
select * from users;
show tables;
select * from Tellimus;
show tables;
CREATE TABLE gallery_category ( 
  category_id bigint(20) unsigned NOT NULL auto_increment, 
  category_name varchar(50) NOT NULL default '0', 
  PRIMARY KEY  (category_id), 
  KEY category_id (category_id) 
) TYPE=MyISAM;
CREATE TABLE gallery_category (    category_id bigint(20) unsigned NOT NULL auto_increment,    category_name varchar(50) NOT NULL default '0',    PRIMARY KEY  (category_id),    KEY category_id (category_id)  ) TYPE=MyISAM;
CREATE TABLE gallery_category (    category_id bigint(20) unsigned NOT NULL auto_increment,    category_name varchar(50) NOT NULL default '0',    PRIMARY KEY  (category_id),    KEY category_id (category_id)  )ENGINE=MyISAM;
CREATE TABLE gallery_photos ( 
  photo_id bigint(20) unsigned NOT NULL auto_increment, 
  photo_filename varchar(25), 
  photo_caption text, 
  photo_category bigint(20) unsigned NOT NULL default '0', 
  PRIMARY KEY  (photo_id), 
  KEY photo_id (photo_id) 
) ENGINE=MyISAM;
CREATE TABLE gallery_photos (    photo_id bigint(20) unsigned NOT NULL auto_increment,    photo_filename varchar(25),    photo_caption text,    photo_category bigint(20) unsigned NOT NULL default '0',    PRIMARY KEY  (photo_id),    KEY photo_id (photo_id)  ) ENGINE=MyISAM;
show tables<
show tables;
show tables< show tables;
show tables;
select * from gallery_category;
INSERT INTO gallery_category ('category_name') VALUES ('Animals');
INSERT INTO gallery_category VALUES ('Animals');
INSERT INTO gallery_category (category_name) VALUES ('Animals');
select * from gallery_category;
INSERT INTO gallery_category (category_name) VALUES ('Nature');
select * from gallery_category;
select * from gallery_photos;
delete from gallery_photos where photo_category = 1;
delete from gallery_photos where photo_category = 2;
select * from gallery_photos;
CREATE TABLE users(
id INT NOT NULL AUTO_INCREMENT PRIMARY KEY,
username VARCHAR(255) NOT NULL,
email VARCHAR(255) NOT NULL,
created TIMESTAMP DEFAULT CURRENT_TIMESTAMP, 
last_login DATETIME DEFAULT NULL,
password VARCHAR(128),
UNIQUE(username),
UNIQUE(email)
);
CREATE TABLE users( id INT NOT NULL AUTO_INCREMENT PRIMARY KEY, username VARCHAR(255) NOT NULL, email VARCHAR(255) NOT NULL, created TIMESTAMP DEFAULT CURRENT_TIMESTAMP,  last_login DATETIME DEFAULT NULL, password VARCHAR(128), UNIQUE(username), UNIQUE(email) );
Select * from users;
drop tables users;
drop table users;
show engine innodb status
;
CREATE TABLE kasutajad(
id INT NOT NULL AUTO_INCREMENT PRIMARY KEY,
username VARCHAR(255) NOT NULL,
email VARCHAR(255) NOT NULL,
created TIMESTAMP DEFAULT CURRENT_TIMESTAMP, 
last_login DATETIME DEFAULT NULL,
password VARCHAR(128),
UNIQUE(username),
UNIQUE(email)
);
CREATE TABLE kasutajad( id INT NOT NULL AUTO_INCREMENT PRIMARY KEY, username VARCHAR(255) NOT NULL, email VARCHAR(255) NOT NULL, created TIMESTAMP DEFAULT CURRENT_TIMESTAMP,  last_login DATETIME DEFAULT NULL, password VARCHAR(128), UNIQUE(username), UNIQUE(email) );
select * from kasutajad;
delete from kasutajad where username = maq;
delete from kasutajad where username = 'maq';
select * from gallery_category;
drop table gallery_category;
CREATE TABLE gallery_category ( 
  category_id bigint(20) unsigned NOT NULL auto_increment, 
  category_name varchar(50) NOT NULL default '0', 
  PRIMARY KEY  (category_id), 
  KEY category_id (category_id) 
) Engine=MyISAM;
CREATE TABLE gallery_category (    category_id bigint(20) unsigned NOT NULL auto_increment,    category_name varchar(50) NOT NULL default '0',    PRIMARY KEY  (category_id),    KEY category_id (category_id)  ) Engine=MyISAM;
Insert into gallery_category VALUES (’Animals’);
Insert into gallery_category VALUES (’Architecture’);
Insert into gallery_category VALUES (’Black and white’);
Insert into gallery_category VALUES (’Cars’);
Insert into gallery_category VALUES (’Games’);
Insert into gallery_category VALUES (’Music’);
Insert into gallery_category VALUES (’Nature’);
Insert into gallery_category VALUES (’People’);
Insert into gallery_category VALUES (’Sports’);
Insert into gallery_category (category_name) VALUES (’Animals’);
Insert into gallery_category (category_name) VALUES (’Architecture’);
Insert into gallery_category (category_name) VALUES (’Black and white’);
Insert into gallery_category (category_name) VALUES (’Cars’);
Insert into gallery_category (category_name) VALUES (’Games’);
Insert into gallery_category (category_name) VALUES (’Music’);
Insert into gallery_category (category_name) VALUES (’Nature’);
Insert into gallery_category (category_name) VALUES (’People’);
Insert into gallery_category (category_name) VALUES (’Sports’);
Insert into gallery_category (category_name) VALUES ('Animals');'
Insert into gallery_category (category_name) VALUES ('Architecture');
Insert into gallery_category (category_name) VALUES ('Black and white');
Insert into gallery_category (category_name) VALUES ('Cars');
Insert into gallery_category (category_name) VALUES ('Games');
Insert into gallery_category (category_name) VALUES ('Music');
Insert into gallery_category (category_name) VALUES ('Nature');
Insert into gallery_category (category_name) VALUES ('People');
Insert into gallery_category (category_name) VALUES ('Sports');
select * from gallery_category;
141
dad
1231%@
`
;gf

bye
exit
select * from gallery_photos;
delete from gallery_photos where photo_id =>25;
delete from gallery_photos where photo_id = 25;
delete from gallery_photos where photo_id = 265;
delete from gallery_photos where photo_id = 26;
delete from gallery_photos where photo_id = 27;
select * from gallery_photos;
show tables;
drop table Arve;
show tables;
drop table Specid;
show tables;
CREATE TABLE IF NOT EXISTS `if14_markuss`.`Toode` (
  `idToode` VARCHAR(45) NOT NULL,
  `idHind` INT NOT NULL,
  `idKirjeldus` VARCHAR(45) NOT NULL,
  `idAlamkategooria` VARCHAR(45) NOT NULL,
  PRIMARY KEY (`idToode`))
ENGINE = InnoDB;
CREATE TABLE IF NOT EXISTS `if14_markuss`.`Toode` (   `idToode` VARCHAR(45) NOT NULL,   `idHind` INT NOT NULL,   `idKirjeldus` VARCHAR(45) NOT NULL,   `idAlamkategooria` VARCHAR(45) NOT NULL,   PRIMARY KEY (`idToode`)) ENGINE = InnoDB;
CREATE TABLE Toode(
  idToode VARCHAR(45) NOT NULL PRIMARY KEY,
  idHind INT NOT NULL,
  idKirjeldus VARCHAR(45) NOT NULL,
  idAlamkategooria VARCHAR(45) NOT NULL,
ENGINE = InnoDB);
CREATE TABLE Toode(   idToode VARCHAR(45) NOT NULL PRIMARY KEY,   idHind INT NOT NULL,   idKirjeldus VARCHAR(45) NOT NULL,   idAlamkategooria VARCHAR(45) NOT NULL, ENGINE = InnoDB);
CREATE TABLE Toode(
  idToode VARCHAR(45) NOT NULL PRIMARY KEY,
  idHind INT NOT NULL,
  idKirjeldus VARCHAR(45) NOT NULL,
  idAlamkategooria VARCHAR(45) NOT NULL,
);
CREATE TABLE Toode(   idToode VARCHAR(45) NOT NULL PRIMARY KEY,   idHind INT NOT NULL,   idKirjeldus VARCHAR(45) NOT NULL,   idAlamkategooria VARCHAR(45) NOT NULL, );
CREATE TABLE Toode(
  idToode VARCHAR(45) NOT NULL PRIMARY KEY,
  idHind INT NOT NULL,
  idKirjeldus VARCHAR(45) NOT NULL,
  idAlamkategooria VARCHAR(45) NOT NULL
);
CREATE TABLE Toode(   idToode VARCHAR(45) NOT NULL PRIMARY KEY,   idHind INT NOT NULL,   idKirjeldus VARCHAR(45) NOT NULL,   idAlamkategooria VARCHAR(45) NOT NULL );
CREATE  TABLE IF NOT EXISTS `if14_markuss`.`Toode` (
   `idToode` VARCHAR(45) NOT NULL,
   `idHind` INT NOT NULL,
   `idKirjeldus` VARCHAR(45) NOT NULL,
   `idAlamkategooria` VARCHAR(45) NOT NULL,
   KEY ix_table1_field1 (Toode),
   PRIMARY KEY (`idToode`) )
 ENGINE = InnoDB;
CREATE  TABLE IF NOT EXISTS `if14_markuss`.`Toode` (    `idToode` VARCHAR(45) NOT NULL,    `idHind` INT NOT NULL,    `idKirjeldus` VARCHAR(45) NOT NULL,    `idAlamkategooria` VARCHAR(45) NOT NULL,    KEY ix_table1_field1 (Toode),    PRIMARY KEY (`idToode`) )  ENGINE = InnoDB;
CREATE  TABLE IF NOT EXISTS `if14_markuss`.`Toode` (
   `idToode` VARCHAR(45) NOT NULL,
   `idHind` INT NOT NULL,
   `idKirjeldus` VARCHAR(45) NOT NULL,
   `idAlamkategooria` VARCHAR(45) NOT NULL,
   KEY ix_table1_field1 (idToode),
   PRIMARY KEY (`idToode`) )
 ENGINE = InnoDB;
CREATE  TABLE IF NOT EXISTS `if14_markuss`.`Toode` (    `idToode` VARCHAR(45) NOT NULL,    `idHind` INT NOT NULL,    `idKirjeldus` VARCHAR(45) NOT NULL,    `idAlamkategooria` VARCHAR(45) NOT NULL,    KEY ix_table1_field1 (idToode),    PRIMARY KEY (`idToode`) )  ENGINE = InnoDB;
show tables;
drop table Alamkategooria;
drop table Kategooria;
drop table Arve;
show engine innodb status;
show tables;
drop table Specid;
show tables;
select * from Arve;
delete row where idArve = 0;
delete row from Arve where idArve = 0;
delete from Arve where idArve = 0;
show tables;
drop table Alakategooria;
drop table Alamkategooria;
drop table Kategooria;
drop table Arve;
alter table Arver drop constraint;
alter table Arve drop constraint idArve;
alter table Arve drop constraint Klient_idKlient;
alter table Arve drop constraint idToode;
CREATE TABLE autoarvelevõtt(
id INT NOT NULL PRIMARY KEY,
arvelevõtuaeg DATETIME,
arvelevõtuajakommentaar TEXT,
kliendinimi VARCHAR(30),
kontakt VARCHAR(30),
aktsepteeritud INT DEFAULT 0,
remondid TEXT,
edasimüük DATETIME,
edasimüügikommentaar TEXT,
edasimüük DATETIME,
edasimüügi2kommentaar TEXT,
mahakantud INT DEFAULT 0,
);
CREATE TABLE autoarvelevõtt( id INT NOT NULL PRIMARY KEY, arvelevõtuaeg DATETIME, arvelevõtuajakommentaar TEXT, kliendinimi VARCHAR(30), kontakt VARCHAR(30), aktsepteeritud INT DEFAULT 0, remondid TEXT, edasimüük DATETIME, edasimüügikommentaar TEXT, edasimüük DATETIME, edasimüügi2kommentaar TEXT, mahakantud INT DEFAULT 0, );
CREATE TABLE autoarvelevõtt(
id INT NOT NULL PRIMARY KEY,
arvelevõtuaeg DATETIME,
arvelevõtuajakommentaar TEXT,
kliendinimi VARCHAR(30),
kontakt VARCHAR(30),
aktsepteeritud INT DEFAULT 0,
remondid TEXT,
edasimüük DATETIME,
edasimüügikommentaar TEXT,
edasimüük DATETIME,
edasimüügi2kommentaar TEXT,
mahakantud INT DEFAULT 0
);
CREATE TABLE autoarvelevõtt( id INT NOT NULL PRIMARY KEY, arvelevõtuaeg DATETIME, arvelevõtuajakommentaar TEXT, kliendinimi VARCHAR(30), kontakt VARCHAR(30), aktsepteeritud INT DEFAULT 0, remondid TEXT, edasimüük DATETIME, edasimüügikommentaar TEXT, edasimüük DATETIME, edasimüügi2kommentaar TEXT, mahakantud INT DEFAULT 0 );
CREATE TABLE autoarvelevõtt(
id INT NOT NULL PRIMARY KEY,
arvelevõtuaeg DATETIME,
arvelevõtuajakommentaar TEXT,
kliendinimi VARCHAR(30),
kontakt VARCHAR(30),
aktsepteeritud INT DEFAULT 0,
remondid TEXT,
edasimüük DATETIME,
edasimüügikommentaar TEXT,
edasimüük2 DATETIME,
edasimüügi2kommentaar TEXT,
mahakantud INT DEFAULT 0
);
CREATE TABLE autoarvelevõtt( id INT NOT NULL PRIMARY KEY, arvelevõtuaeg DATETIME, arvelevõtuajakommentaar TEXT, kliendinimi VARCHAR(30), kontakt VARCHAR(30), aktsepteeritud INT DEFAULT 0, remondid TEXT, edasimüük DATETIME, edasimüügikommentaar TEXT, edasimüük2 DATETIME, edasimüügi2kommentaar TEXT, mahakantud INT DEFAULT 0 );
INSERT INTO autoarvelevõtt(id, arvelevõtuaeg, arvelevõtuajakommentaar, kliendinimi, kontakt, aktsepteeritud) VALUES ('815MBG','2014-09-18 14:30', 'Täiesti uus', 'Juhan', 'Juhan@gmail.com', '1');
select * from autoarvelevõtt;
mysql> select * from autoarvelevõtt;
+-----+---------------------+--------------------------+-------------+-----------------+----------------+----------+-------------+------------------------+--------------+-------------------------+------------+
| id  | arvelevõtuaeg       | arvelevõtuajakommentaar  | kliendinimi | kontakt         | aktsepteeritud | remondid | edasimüük   | edasimüügikommentaar   | edasimüük2   | edasimüügi2kommentaar   | mahakantud |
+-----+---------------------+--------------------------+-------------+-----------------+----------------+----------+-------------+------------------------+--------------+-------------------------+------------+
| 815 | 2014-09-18 14:30:00 | Täiesti uus              | Juhan       | Juhan@gmail.com |              1 | NULL     | NULL        | NULL                   | NULL         | NULL                    |          0 |
+-----+---------------------+--------------------------+-------------+-----------------+----------------+----------+-------------+------------------------+--------------+-------------------------+------------+
1 row in set (0.00 sec)
INSERT INTO autoarvelevõtt(id, kliendinimi, kontakt, remondid) VALUES ('815MBG', 'Juhan', 'Juhan@gmail.com', 'Auto on korras');
+-----+---------------------+--------------------------+-------------+-----------------+----------------+----------+-------------+------------------------+--------------+-------------------------+------------+ | id  | arvelevõtuaeg       | arvelevõtuajakommentaar  | kliendinimi | kontakt         | aktsepteeritud | remondid | edasimüük   | edasimüügikommentaar   | edasimüük2   | edasimüügi2kommentaar   | mahakantud | +-----+---------------------+--------------------------+-------------+-----------------+----------------+----------+-------------+------------------------+--------------+-------------------------+------------+ | 815 | 2014-09-18 14:30:00 | Täiesti uus              | Juhan       | Juhan@gmail.com |              1 | NULL     | NULL        | NULL                   | NULL         | NULL                    |          0 | +-----+---------------------+--------------------------+-------------+-----------------+----------------+----------+-------------+------------------------+--------------+-------------------------+------------+ 1 row in set (0.00 sec)  INSERT INTO autoarvelevõtt(id, kliendinimi, kontakt, remondid) VALUES ('815MBG', 'Juhan', 'Juhan@gmail.com', 'Auto on korras');
INSERT INTO autoarvelevõtt(id, kliendinimi, kontakt, remondid) VALUES ('815MBG', 'Juhan', 'Juhan@gmail.com', 'Auto on korras');
INSERT INTO autoarvelevõtt(remondid) VALUES ('Auto on korras') WHERE id='815MBG';
select * from autoarvelevõtt where id='815MBG';
drop table autoarvelevõtt;
CREATE TABLE autoarvelevõtt(
id VARCHAR NOT NULL PRIMARY KEY,
arvelevõtuaeg DATETIME,
arvelevõtuajakommentaar TEXT,
kliendinimi VARCHAR(30),
kontakt VARCHAR(30),
aktsepteeritud INT DEFAULT 0,
remondid TEXT,
edasimüük DATETIME,
edasimüügikommentaar TEXT,
edasimüük2 DATETIME,
edasimüügi2kommentaar TEXT,
mahakantud INT DEFAULT 0
);
CREATE TABLE autoarvelevõtt( id VARCHAR NOT NULL PRIMARY KEY, arvelevõtuaeg DATETIME, arvelevõtuajakommentaar TEXT, kliendinimi VARCHAR(30), kontakt VARCHAR(30), aktsepteeritud INT DEFAULT 0, remondid TEXT, edasimüük DATETIME, edasimüügikommentaar TEXT, edasimüük2 DATETIME, edasimüügi2kommentaar TEXT, mahakantud INT DEFAULT 0 );
CREATE TABLE autoarvelevõtt(
id VARCHAR(30) NOT NULL PRIMARY KEY,
arvelevõtuaeg DATETIME,
arvelevõtuajakommentaar TEXT,
kliendinimi VARCHAR(30),
kontakt VARCHAR(30),
aktsepteeritud INT DEFAULT 0,
remondid TEXT,
edasimüük DATETIME,
edasimüügikommentaar TEXT,
edasimüük2 DATETIME,
edasimüügi2kommentaar TEXT,
mahakantud INT DEFAULT 0
);
CREATE TABLE autoarvelevõtt( id VARCHAR(30) NOT NULL PRIMARY KEY, arvelevõtuaeg DATETIME, arvelevõtuajakommentaar TEXT, kliendinimi VARCHAR(30), kontakt VARCHAR(30), aktsepteeritud INT DEFAULT 0, remondid TEXT, edasimüük DATETIME, edasimüügikommentaar TEXT, edasimüük2 DATETIME, edasimüügi2kommentaar TEXT, mahakantud INT DEFAULT 0 );
INSERT INTO autoarvelevõtt(remondid) VALUES ('Auto on korras') WHERE id='815MBG';
select * from autoarvelevõtt;
INSERT INTO autoarvelevõtt(id, arvelevõtuaeg, arvelevõtuajakommentaar, kliendinimi, kontakt, aktsepteeritud) VALUES ('815MBG','2014-09-18 14:30', 'Täiesti uus', 'Juhan', 'Juhan@gmail.com', '1');
select * from autoarvelevõtt;
mysql> select * from autoarvelevõtt;
+--------+---------------------+--------------------------+-------------+-----------------+----------------+----------+-------------+------------------------+--------------+-------------------------+------------+
| id     | arvelevõtuaeg       | arvelevõtuajakommentaar  | kliendinimi | kontakt         | aktsepteeritud | remondid | edasimüük   | edasimüügikommentaar   | edasimüük2   | edasimüügi2kommentaar   | mahakantud |
+--------+---------------------+--------------------------+-------------+-----------------+----------------+----------+-------------+------------------------+--------------+-------------------------+------------+
| 815MBG | 2014-09-18 14:30:00 | Täiesti uus              | Juhan       | Juhan@gmail.com |              1 | NULL     | NULL        | NULL                   | NULL         | NULL                    |          0 |
+--------+---------------------+--------------------------+-------------+-----------------+----------------+----------+-------------+------------------------+--------------+-------------------------+------------+
1 row in set (0.00 sec)
INSERT INTO autoarvelevõtt(remondid) VALUES ('Auto on korras') WHERE id='815MBG';
+--------+---------------------+--------------------------+-------------+-----------------+----------------+----------+-------------+------------------------+--------------+-------------------------+------------+ | id     | arvelevõtuaeg       | arvelevõtuajakommentaar  | kliendinimi | kontakt         | aktsepteeritud | remondid | edasimüük   | edasimüügikommentaar   | edasimüük2   | edasimüügi2kommentaar   | mahakantud | +--------+---------------------+--------------------------+-------------+-----------------+----------------+----------+-------------+------------------------+--------------+-------------------------+------------+ | 815MBG | 2014-09-18 14:30:00 | Täiesti uus              | Juhan       | Juhan@gmail.com |              1 | NULL     | NULL        | NULL                   | NULL         | NULL                    |          0 | +--------+---------------------+--------------------------+-------------+-----------------+----------------+----------+-------------+------------------------+--------------+-------------------------+------------+ 1 row in set (0.00 sec) INSERT INTO autoarvelevõtt(remondid) VALUES ('Auto on korras') WHERE id='815MBG';
INSERT INTO autoarvelevõtt(remondid) VALUES ('Auto on korras') WHERE id='815MBG';
UPDATE autoarvelevõtt(remondid) VALUES ('Auto on korras') WHERE id='815MBG';
UPDATE autoarvelevõtt SET remondid = 'Auto on korras' WHERE id='815MBG';
select * autoarvelevõtt;
select * from autoarvelevõtt;
mysql> select * from autoarvelevõtt;
+--------+---------------------+--------------------------+-------------+-----------------+----------------+----------------+-------------+------------------------+--------------+-------------------------+------------+
| id     | arvelevõtuaeg       | arvelevõtuajakommentaar  | kliendinimi | kontakt         | aktsepteeritud | remondid       | edasimüük   | edasimüügikommentaar   | edasimüük2   | edasimüügi2kommentaar   | mahakantud |
+--------+---------------------+--------------------------+-------------+-----------------+----------------+----------------+-------------+------------------------+--------------+-------------------------+------------+
| 815MBG | 2014-09-18 14:30:00 | Täiesti uus              | Juhan       | Juhan@gmail.com |              1 | Auto on korras | NULL        | NULL                   | NULL         | NULL                    |          0 |
+--------+---------------------+--------------------------+-------------+-----------------+----------------+----------------+-------------+------------------------+--------------+-------------------------+------------+
1 row in set (0.00 sec)
UPDATE autoarvelevõtt SET remondid='Auto on paremaid päevi näinud' WHERE id='815MBG';
+--------+---------------------+--------------------------+-------------+-----------------+----------------+----------------+-------------+------------------------+--------------+-------------------------+------------+ | id     | arvelevõtuaeg       | arvelevõtuajakommentaar  | kliendinimi | kontakt         | aktsepteeritud | remondid       | edasimüük   | edasimüügikommentaar   | edasimüük2   | edasimüügi2kommentaar   | mahakantud | +--------+---------------------+--------------------------+-------------+-----------------+----------------+----------------+-------------+------------------------+--------------+-------------------------+------------+ | 815MBG | 2014-09-18 14:30:00 | Täiesti uus              | Juhan       | Juhan@gmail.com |              1 | Auto on korras | NULL        | NULL                   | NULL         | NULL                    |          0 | +--------+---------------------+--------------------------+-------------+-----------------+----------------+----------------+-------------+------------------------+--------------+-------------------------+------------+ 1 row in set (0.00 sec)  UPDATE autoarvelevõtt SET remondid='Auto on paremaid päevi näinud' WHERE id='815MBG';
UPDATE autoarvelevõtt SET remondid='Auto on paremaid päevi näinud' WHERE id='815MBG';
mysql> select * from autoarvelevõtt;
 select * from autoarvelevõtt;
mysql>  select * from autoarvelevõtt;
+--------+---------------------+--------------------------+-------------+-----------------+----------------+---------------------------------+-------------+------------------------+--------------+-------------------------+------------+
| id     | arvelevõtuaeg       | arvelevõtuajakommentaar  | kliendinimi | kontakt         | aktsepteeritud | remondid                        | edasimüük   | edasimüügikommentaar   | edasimüük2   | edasimüügi2kommentaar   | mahakantud |
+--------+---------------------+--------------------------+-------------+-----------------+----------------+---------------------------------+-------------+------------------------+--------------+-------------------------+------------+
| 815MBG | 2014-09-18 14:30:00 | Täiesti uus              | Juhan       | Juhan@gmail.com |              1 | Auto on paremaid päevi näinud   | NULL        | NULL                   | NULL         | NULL                    |          0 |
+--------+---------------------+--------------------------+-------------+-----------------+----------------+---------------------------------+-------------+------------------------+--------------+-------------------------+------------+
1 row in set (0.00 sec)
+--------+---------------------+--------------------------+-------------+-----------------+----------------+---------------------------------+-------------+------------------------+--------------+-------------------------+------------+
UPDATE autoarvelevõtt SET remondid='Autol on mõlk kerel' WHERE id='815MBG';
+--------+---------------------+--------------------------+-------------+-----------------+----------------+---------------------------------+-------------+------------------------+--------------+-------------------------+------------+ | id     | arvelevõtuaeg       | arvelevõtuajakommentaar  | kliendinimi | kontakt         | aktsepteeritud | remondid                        | edasimüük   | edasimüügikommentaar   | edasimüük2   | edasimüügi2kommentaar   | mahakantud | +--------+---------------------+--------------------------+-------------+-----------------+----------------+---------------------------------+-------------+------------------------+--------------+-------------------------+------------+ | 815MBG | 2014-09-18 14:30:00 | Täiesti uus              | Juhan       | Juhan@gmail.com |              1 | Auto on paremaid päevi näinud   | NULL        | NULL                   | NULL         | NULL                    |          0 | +--------+---------------------+--------------------------+-------------+-----------------+----------------+---------------------------------+-------------+------------------------+--------------+-------------------------+------------+ 1 row in set (0.00 sec) +--------+---------------------+--------------------------+-------------+-----------------+----------------+---------------------------------+-------------+------------------------+--------------+-------------------------+------------+ +--------+---------------------+--------------------------+-------------+-----------------+----------------+---------------------------------+-------------+------------------------+--------------+-------------------------+------------+ UPDATE autoarvelevõtt SET remondid='Autol on mõlk kerel' WHERE id='815MBG';
UPDATE autoarvelevõtt SET remondid='Autol on mõlk kerel' WHERE id='815MBG';
 select * from autoarvelevõtt;
mysql>  select * from autoarvelevõtt;
+--------+---------------------+--------------------------+-------------+-----------------+----------------+----------------------+-------------+------------------------+--------------+-------------------------+------------+
| id     | arvelevõtuaeg       | arvelevõtuajakommentaar  | kliendinimi | kontakt         | aktsepteeritud | remondid             | edasimüük   | edasimüügikommentaar   | edasimüük2   | edasimüügi2kommentaar   | mahakantud |
+--------+---------------------+--------------------------+-------------+-----------------+----------------+----------------------+-------------+------------------------+--------------+-------------------------+------------+
| 815MBG | 2014-09-18 14:30:00 | Täiesti uus              | Juhan       | Juhan@gmail.com |              1 | Autol on mõlk kerel  | NULL        | NULL                   | NULL         | NULL                    |          0 |
+--------+---------------------+--------------------------+-------------+-----------------+----------------+----------------------+-------------+------------------------+--------------+-------------------------+------------+
1 row in set (0.00 sec)
UPDATE autoarvelevõtt SET remondid='Auto sai parandatud, jälle korras' WHERE id='815MBG';
+--------+---------------------+--------------------------+-------------+-----------------+----------------+----------------------+-------------+------------------------+--------------+-------------------------+------------+ | id     | arvelevõtuaeg       | arvelevõtuajakommentaar  | kliendinimi | kontakt         | aktsepteeritud | remondid             | edasimüük   | edasimüügikommentaar   | edasimüük2   | edasimüügi2kommentaar   | mahakantud | +--------+---------------------+--------------------------+-------------+-----------------+----------------+----------------------+-------------+------------------------+--------------+-------------------------+------------+ | 815MBG | 2014-09-18 14:30:00 | Täiesti uus              | Juhan       | Juhan@gmail.com |              1 | Autol on mõlk kerel  | NULL        | NULL                   | NULL         | NULL                    |          0 | +--------+---------------------+--------------------------+-------------+-----------------+----------------+----------------------+-------------+------------------------+--------------+-------------------------+------------+ 1 row in set (0.00 sec) UPDATE autoarvelevõtt SET remondid='Auto sai parandatud, jälle korras' WHERE id='815MBG';
UPDATE autoarvelevõtt SET remondid='Auto sai parandatud, jälle korras' WHERE id='815MBG';
select * from autoarvelevõtt;
mysql> select * from autoarvelevõtt;
+--------+---------------------+--------------------------+-------------+-----------------+----------------+------------------------------------+-------------+------------------------+--------------+-------------------------+------------+
| id     | arvelevõtuaeg       | arvelevõtuajakommentaar  | kliendinimi | kontakt         | aktsepteeritud | remondid                           | edasimüük   | edasimüügikommentaar   | edasimüük2   | edasimüügi2kommentaar   | mahakantud |
+--------+---------------------+--------------------------+-------------+-----------------+----------------+------------------------------------+-------------+------------------------+--------------+-------------------------+------------+
| 815MBG | 2014-09-18 14:30:00 | Täiesti uus              | Juhan       | Juhan@gmail.com |              1 | Auto sai parandatud, jälle korras  | NULL        | NULL                   | NULL         | NULL                    |          0 |
+--------+---------------------+--------------------------+-------------+-----------------+----------------+------------------------------------+-------------+------------------------+--------------+-------------------------+------------+
1 row in set (0.00 sec)
UPDATE autoarvelevõtt SET kliendinimi='Mati' WHERE id='815MBG';
+--------+---------------------+--------------------------+-------------+-----------------+----------------+------------------------------------+-------------+------------------------+--------------+-------------------------+------------+ | id     | arvelevõtuaeg       | arvelevõtuajakommentaar  | kliendinimi | kontakt         | aktsepteeritud | remondid                           | edasimüük   | edasimüügikommentaar   | edasimüük2   | edasimüügi2kommentaar   | mahakantud | +--------+---------------------+--------------------------+-------------+-----------------+----------------+------------------------------------+-------------+------------------------+--------------+-------------------------+------------+ | 815MBG | 2014-09-18 14:30:00 | Täiesti uus              | Juhan       | Juhan@gmail.com |              1 | Auto sai parandatud, jälle korras  | NULL        | NULL                   | NULL         | NULL                    |          0 | +--------+---------------------+--------------------------+-------------+-----------------+----------------+------------------------------------+-------------+------------------------+--------------+-------------------------+------------+ 1 row in set (0.00 sec) UPDATE autoarvelevõtt SET kliendinimi='Mati' WHERE id='815MBG';
UPDATE autoarvelevõtt SET kliendinimi='Mati' WHERE id='815MBG';
select * from autoarvelevõtt;
mysql> select * from autoarvelevõtt;
+--------+---------------------+--------------------------+-------------+-----------------+----------------+------------------------------------+-------------+------------------------+--------------+-------------------------+------------+
| id     | arvelevõtuaeg       | arvelevõtuajakommentaar  | kliendinimi | kontakt         | aktsepteeritud | remondid                           | edasimüük   | edasimüügikommentaar   | edasimüük2   | edasimüügi2kommentaar   | mahakantud |
+--------+---------------------+--------------------------+-------------+-----------------+----------------+------------------------------------+-------------+------------------------+--------------+-------------------------+------------+
| 815MBG | 2014-09-18 14:30:00 | Täiesti uus              | Mati        | Juhan@gmail.com |              1 | Auto sai parandatud, jälle korras  | NULL        | NULL                   | NULL         | NULL                    |          0 |
+--------+---------------------+--------------------------+-------------+-----------------+----------------+------------------------------------+-------------+------------------------+--------------+-------------------------+------------+
1 row in set (0.00 sec)
UPDATE autoarvelevõtt SET edasimüük = '2015-01-10 10:00', edasimüügikommentaar ='Auto on heas seisus' WHERE id='815MBG';
+--------+---------------------+--------------------------+-------------+-----------------+----------------+------------------------------------+-------------+------------------------+--------------+-------------------------+------------+ | id     | arvelevõtuaeg       | arvelevõtuajakommentaar  | kliendinimi | kontakt         | aktsepteeritud | remondid                           | edasimüük   | edasimüügikommentaar   | edasimüük2   | edasimüügi2kommentaar   | mahakantud | +--------+---------------------+--------------------------+-------------+-----------------+----------------+------------------------------------+-------------+------------------------+--------------+-------------------------+------------+ | 815MBG | 2014-09-18 14:30:00 | Täiesti uus              | Mati        | Juhan@gmail.com |              1 | Auto sai parandatud, jälle korras  | NULL        | NULL                   | NULL         | NULL                    |          0 | +--------+---------------------+--------------------------+-------------+-----------------+----------------+------------------------------------+-------------+------------------------+--------------+-------------------------+------------+ 1 row in set (0.00 sec) UPDATE autoarvelevõtt SET edasimüük = '2015-01-10 10:00', edasimüügikommentaar ='Auto on heas seisus' WHERE id='815MBG';
UPDATE autoarvelevõtt SET edasimüük = '2015-01-10 10:00', edasimüügikommentaar ='Auto on heas seisus' WHERE id='815MBG';
select * from autoarvelevõtt;
mysql> select * from autoarvelevõtt;
+--------+---------------------+--------------------------+-------------+-----------------+----------------+------------------------------------+---------------------+------------------------+--------------+-------------------------+------------+
| id     | arvelevõtuaeg       | arvelevõtuajakommentaar  | kliendinimi | kontakt         | aktsepteeritud | remondid                           | edasimüük           | edasimüügikommentaar   | edasimüük2   | edasimüügi2kommentaar   | mahakantud |
+--------+---------------------+--------------------------+-------------+-----------------+----------------+------------------------------------+---------------------+------------------------+--------------+-------------------------+------------+
| 815MBG | 2014-09-18 14:30:00 | Täiesti uus              | Mati        | Juhan@gmail.com |              1 | Auto sai parandatud, jälle korras  | 2015-01-10 10:00:00 | Auto on heas seisus    | NULL         | NULL                    |          0 |
+--------+---------------------+--------------------------+-------------+-----------------+----------------+------------------------------------+---------------------+------------------------+--------------+-------------------------+------------+
1 row in set (0.00 sec)
INSERT INTO autoarvelevõtt(mahakantud) VALUES ('1') WHERE id='815MBG'
    -> INSERT INTO autoarvelevõtt(mahakantud) VALUES ('1') WHERE id='815MBG';
+--------+---------------------+--------------------------+-------------+-----------------+----------------+------------------------------------+---------------------+------------------------+--------------+-------------------------+------------+ | id     | arvelevõtuaeg       | arvelevõtuajakommentaar  | kliendinimi | kontakt         | aktsepteeritud | remondid                           | edasimüük           | edasimüügikommentaar   | edasimüük2   | edasimüügi2kommentaar   | mahakantud | +--------+---------------------+--------------------------+-------------+-----------------+----------------+------------------------------------+---------------------+------------------------+--------------+-------------------------+------------+ | 815MBG | 2014-09-18 14:30:00 | Täiesti uus              | Mati        | Juhan@gmail.com |              1 | Auto sai parandatud, jälle korras  | 2015-01-10 10:00:00 | Auto on heas seisus    | NULL         | NULL                    |          0 | +--------+---------------------+--------------------------+-------------+-----------------+----------------+------------------------------------+---------------------+------------------------+--------------+-------------------------+------------+ 1 row in set (0.00 sec) INSERT INTO autoarvelevõtt(mahakantud) VALUES ('1') WHERE id='815MBG'     -> INSERT INTO autoarvelevõtt(mahakantud) VALUES ('1') WHERE id='815MBG';
UPDATE autoarvelevõtt SET mahakantud = '1' WHERE id='815MBG';
select * from autoarvelevõtt;
mysql> select * from autoarvelevõtt;
+--------+---------------------+--------------------------+-------------+-----------------+----------------+------------------------------------+---------------------+------------------------+--------------+-------------------------+------------+
| id     | arvelevõtuaeg       | arvelevõtuajakommentaar  | kliendinimi | kontakt         | aktsepteeritud | remondid                           | edasimüük           | edasimüügikommentaar   | edasimüük2   | edasimüügi2kommentaar   | mahakantud |
+--------+---------------------+--------------------------+-------------+-----------------+----------------+------------------------------------+---------------------+------------------------+--------------+-------------------------+------------+
| 815MBG | 2014-09-18 14:30:00 | Täiesti uus              | Mati        | Juhan@gmail.com |              1 | Auto sai parandatud, jälle korras  | 2015-01-10 10:00:00 | Auto on heas seisus    | NULL         | NULL                    |          1 |
+--------+---------------------+--------------------------+-------------+-----------------+----------------+------------------------------------+---------------------+------------------------+--------------+-------------------------+------------+
1 row in set (0.00 sec)
exit
show tables;
select * from omanikud;
select * from s6idukid;
drop table s6idukid;
delete from s6idukid where mark='Mazda';
show tables;
select * from uued;
select * from users;
select * from omanikud;
show tables<
show tables;
show tables<  show tables;
show tables;
show gallery_category;
select* from gallery_category;
select* from gallery_photos;
select * from Klient;
select * from Toode;
mysql> select * from Klient;
+----------+---------+---------------+--------------------+------------+
| idKlient | Eesnimi | Perekonnanimi | Kontakt            | Aadress    |
+----------+---------+---------------+--------------------+------------+
|        1 | Martin  | Mardikas      | Martin@Mardikas.ee | Tamme 47   |
|        2 | Kalle   | Kaalikas      | Kalle@Kaalikas.ee  | Kuuse 2    |
|        3 | Siim    | Sipelgas      | Siim@Sipelgas.ee   | Pihlaka 12 |
|        4 | Juhan   | Juurikas      | Juhan@Juurikas.ee  | Kase 7     |
|        5 | Piret   | Putukas       | Piret@Putukas.ee   | Vahtra 24  |
+----------+---------+---------------+--------------------+------------+
5 rows in set (0.00 sec)
mysql> select * from Toode;
+----------+---------+---------------+--------------------+------------+ | idKlient | Eesnimi | Perekonnanimi | Kontakt            | Aadress    | +----------+---------+---------------+--------------------+------------+ |        1 | Martin  | Mardikas      | Martin@Mardikas.ee | Tamme 47   | |        2 | Kalle   | Kaalikas      | Kalle@Kaalikas.ee  | Kuuse 2    | |        3 | Siim    | Sipelgas      | Siim@Sipelgas.ee   | Pihlaka 12 | |        4 | Juhan   | Juurikas      | Juhan@Juurikas.ee  | Kase 7     | |        5 | Piret   | Putukas       | Piret@Putukas.ee   | Vahtra 24  | +----------+---------+---------------+--------------------+------------+ 5 rows in set (0.00 sec)   mysql> select * from Toode;
+----------------+--------+------------------------------------------------+------------------+
| idToode        | idHind | idKirjeldus                                    | idAlamkategooria |
+----------------+--------+------------------------------------------------+------------------+
| 12da94gagf3a41 |    100 | Üks paremaid vesijahuteid hetkel müügil        | Vesijahutid      |
| 1fa44nfla9fa49 |    700 | Tippklassi läpakas parima hinnaga              | Läpakad          |
| 45ag2322ga2164 |    500 | Väga mugav läpakas kõikidest elujuhtumiteks    | Läpakad          |
| 4faf94gaga2598 |    600 | Väga stiilse välimusega arvuti                 | Lauaarvutid      |
| hfrfa215faafaf |    150 | 5. generatsiooni Inteli protsessor             | Protsessorid     |
+----------------+--------+------------------------------------------------+------------------+
5 rows in set (0.00 sec)
M;
+----------------+--------+------------------------------------------------+------------------+ | idToode        | idHind | idKirjeldus                                    | idAlamkategooria | +----------------+--------+------------------------------------------------+------------------+ | 12da94gagf3a41 |    100 | Üks paremaid vesijahuteid hetkel müügil        | Vesijahutid      | | 1fa44nfla9fa49 |    700 | Tippklassi läpakas parima hinnaga              | Läpakad          | | 45ag2322ga2164 |    500 | Väga mugav läpakas kõikidest elujuhtumiteks    | Läpakad          | | 4faf94gaga2598 |    600 | Väga stiilse välimusega arvuti                 | Lauaarvutid      | | hfrfa215faafaf |    150 | 5. generatsiooni Inteli protsessor             | Protsessorid     | +----------------+--------+------------------------------------------------+------------------+ 5 rows in set (0.00 sec) M;
show tables;
select * from toode;
mysqladmin flush-hosts
;
mysqladmin flush-hosts;
flush:
mysqladmin flush-hosts
;
flush;
show tables;
use if14_markuss
show tables;
select 
* from title;
select  * from title;
select  * from notes;
